<html>
<body>
<pre>
<h1>礦ision Build Log</h1>
<h2>Project:</h2>
C:\Users\DYS7\Desktop\100步\1-2-23-按键控制步进电机程序\YT32B1_STM32F103_demo.uvproj
Project File Date:  03/09/2018

<h2>Output:</h2>
Build target 'Target 1'
compiling core_cm3.c...
compiling system_stm32f10x.c...
compiling misc.c...
compiling stm32f10x_gpio.c...
compiling stm32f10x_rcc.c...
compiling stm32f10x_usart.c...
compiling stm32f10x_bkp.c...
compiling stm32f10x_pwr.c...
compiling stm32f10x_rtc.c...
compiling stm32f10x_flash.c...
compiling stm32f10x_i2c.c...
compiling main.c...
User\main.c(29): warning:  #223-D: function "RELAY_1" declared implicitly
User\main.c:            if(!GPIO_ReadInputDataBit(TOUCH_KEYPORT,TOUCH_KEY_A))RELAY_1(1); //当按键A按下时继电器1标志置位         
User\main.c:                                                                 ^
User\main.c(31): warning:  #223-D: function "RELAY_2" declared implicitly
User\main.c:            if(!GPIO_ReadInputDataBit(TOUCH_KEYPORT,TOUCH_KEY_C))RELAY_2(1); //当按键C按下时继电器2标志置位
User\main.c:                                                                 ^
User\main.c: User\main.c: 2 warnings, 0 errors
compiling stm32f10x_it.c...
compiling delay.c...
compiling sys.c...
compiling led.c...
compiling key.c...
compiling touch_key.c...
compiling step_motor.c...
linking...
YT32B1_STM32F103_demo.axf: Error: L6218E: Undefined symbol RELAY_1 (referred from main.o).
YT32B1_STM32F103_demo.axf: Error: L6218E: Undefined symbol RELAY_2 (referred from main.o).
YT32B1_STM32F103_demo.axf: Not enough information to list image symbols.
YT32B1_STM32F103_demo.axf: Finished: 1 information, 0 warning and 2 error messages.
Target not created
Build target 'Target 1'
compiling main.c...
User\main.c(29): warning:  #223-D: function "STEP_MOTOR_4R" declared implicitly
User\main.c:            if(!GPIO_ReadInputDataBit(TOUCH_KEYPORT,TOUCH_KEY_A))STEP_MOTOR_4R(1); //当按键A按下时步进电机4步右转           
User\main.c:                                                                 ^
User\main.c(30): warning:  #223-D: function "STEP_MOTOR_4L" declared implicitly
User\main.c:            else if(!GPIO_ReadInputDataBit(TOUCH_KEYPORT,TOUCH_KEY_B))STEP_MOTOR_4L(1); //当按键B按下时步进电机4步左转              
User\main.c:                                                                      ^
User\main.c(31): warning:  #223-D: function "STEP_MOTOR_8R" declared implicitly
User\main.c:            else if(!GPIO_ReadInputDataBit(TOUCH_KEYPORT,TOUCH_KEY_C))STEP_MOTOR_8R(1); //当按键C按下时步进电机8步右转
User\main.c:                                                                      ^
User\main.c(32): warning:  #223-D: function "STEP_MOTOR_8L" declared implicitly
User\main.c:            else if(!GPIO_ReadInputDataBit(TOUCH_KEYPORT,TOUCH_KEY_D))STEP_MOTOR_8L(1); //当按键D按下时步进电机8步左转
User\main.c:                                                                      ^
User\main.c(33): warning:  #223-D: function "STEP_MOTOR_OFF" declared implicitly
User\main.c:            else STEP_MOTOR_OFF();//当没有按键时步进电机断电
User\main.c:                 ^
User\main.c: User\main.c: 5 warnings, 0 errors
compiling step_motor.c...
Hardware\STEP_MOTOR\step_motor.c(32): warning:  #223-D: function "MOTOLOOP_OFF" declared implicitly
Hardware\STEP_MOTOR\step_motor.c:       MOTOLOOP_OFF(); //初始状态是断电状态                    
Hardware\STEP_MOTOR\step_motor.c:       ^
Hardware\STEP_MOTOR\step_motor.c(50): warning:  #223-D: function "MOTOLOOP_OFF" declared implicitly
Hardware\STEP_MOTOR\step_motor.c:       MOTOLOOP_OFF(); //进入断电状态，防电机过热
Hardware\STEP_MOTOR\step_motor.c:       ^
Hardware\STEP_MOTOR\step_motor.c(66): warning:  #223-D: function "MOTOLOOP_OFF" declared implicitly
Hardware\STEP_MOTOR\step_motor.c:       MOTOLOOP_OFF(); //进入断电状态，防电机过热
Hardware\STEP_MOTOR\step_motor.c:       ^
Hardware\STEP_MOTOR\step_motor.c(82): warning:  #223-D: function "MOTOLOOP_OFF" declared implicitly
Hardware\STEP_MOTOR\step_motor.c:       MOTOLOOP_OFF(); //进入断电状态，防电机过热
Hardware\STEP_MOTOR\step_motor.c:       ^
Hardware\STEP_MOTOR\step_motor.c(111): warning:  #223-D: function "MOTOLOOP_OFF" declared implicitly
Hardware\STEP_MOTOR\step_motor.c:       MOTOLOOP_OFF(); //进入断电状态，防电机过热
Hardware\STEP_MOTOR\step_motor.c:       ^
Hardware\STEP_MOTOR\step_motor.c(139): warning:  #223-D: function "MOTOLOOP_OFF" declared implicitly
Hardware\STEP_MOTOR\step_motor.c:       MOTOLOOP_OFF(); //进入断电状态，防电机过热
Hardware\STEP_MOTOR\step_motor.c:       ^
Hardware\STEP_MOTOR\step_motor.c: Hardware\STEP_MOTOR\step_motor.c: 6 warnings, 0 errors
linking...
YT32B1_STM32F103_demo.axf: Error: L6218E: Undefined symbol MOTOLOOP_OFF (referred from step_motor.o).
YT32B1_STM32F103_demo.axf: Not enough information to list image symbols.
YT32B1_STM32F103_demo.axf: Finished: 1 information, 0 warning and 1 error messages.
Target not created
Build target 'Target 1'
compiling main.c...
linking...
YT32B1_STM32F103_demo.axf: Error: L6218E: Undefined symbol MOTOLOOP_OFF (referred from step_motor.o).
YT32B1_STM32F103_demo.axf: Not enough information to list image symbols.
YT32B1_STM32F103_demo.axf: Finished: 1 information, 0 warning and 1 error messages.
Target not created
Build target 'Target 1'
compiling step_motor.c...
Hardware\STEP_MOTOR\step_motor.c(50): warning:  #223-D: function "MOTOLOOP_OFF" declared implicitly
Hardware\STEP_MOTOR\step_motor.c:       MOTOLOOP_OFF(); //进入断电状态，防电机过热
Hardware\STEP_MOTOR\step_motor.c:       ^
Hardware\STEP_MOTOR\step_motor.c(66): warning:  #223-D: function "MOTOLOOP_OFF" declared implicitly
Hardware\STEP_MOTOR\step_motor.c:       MOTOLOOP_OFF(); //进入断电状态，防电机过热
Hardware\STEP_MOTOR\step_motor.c:       ^
Hardware\STEP_MOTOR\step_motor.c(82): warning:  #223-D: function "MOTOLOOP_OFF" declared implicitly
Hardware\STEP_MOTOR\step_motor.c:       MOTOLOOP_OFF(); //进入断电状态，防电机过热
Hardware\STEP_MOTOR\step_motor.c:       ^
Hardware\STEP_MOTOR\step_motor.c(111): warning:  #223-D: function "MOTOLOOP_OFF" declared implicitly
Hardware\STEP_MOTOR\step_motor.c:       MOTOLOOP_OFF(); //进入断电状态，防电机过热
Hardware\STEP_MOTOR\step_motor.c:       ^
Hardware\STEP_MOTOR\step_motor.c(139): warning:  #223-D: function "MOTOLOOP_OFF" declared implicitly
Hardware\STEP_MOTOR\step_motor.c:       MOTOLOOP_OFF(); //进入断电状态，防电机过热
Hardware\STEP_MOTOR\step_motor.c:       ^
Hardware\STEP_MOTOR\step_motor.c: Hardware\STEP_MOTOR\step_motor.c: 5 warnings, 0 errors
linking...
YT32B1_STM32F103_demo.axf: Error: L6218E: Undefined symbol MOTOLOOP_OFF (referred from step_motor.o).
YT32B1_STM32F103_demo.axf: Not enough information to list image symbols.
YT32B1_STM32F103_demo.axf: Finished: 1 information, 0 warning and 1 error messages.
Target not created
Build target 'Target 1'
compiling step_motor.c...
linking...
Program Size: Code=5484 RO-data=268 RW-data=40 ZI-data=1632  
FromELF: creating hex file...
"YT32B1_STM32F103_demo.axf" - 0 Error(s), 0 Warning(s).
Build target 'Target 1'
compiling main.c...
linking...
Program Size: Code=5484 RO-data=268 RW-data=40 ZI-data=1632  
FromELF: creating hex file...
"YT32B1_STM32F103_demo.axf" - 0 Error(s), 0 Warning(s).
Build target 'Target 1'
compiling touch_key.c...
compiling step_motor.c...
linking...
Program Size: Code=5500 RO-data=268 RW-data=40 ZI-data=1632  
FromELF: creating hex file...
"YT32B1_STM32F103_demo.axf" - 0 Error(s), 0 Warning(s).
Build target 'Target 1'
compiling core_cm3.c...
compiling system_stm32f10x.c...
compiling misc.c...
compiling stm32f10x_gpio.c...
compiling stm32f10x_rcc.c...
compiling stm32f10x_usart.c...
compiling stm32f10x_bkp.c...
compiling stm32f10x_pwr.c...
compiling stm32f10x_rtc.c...
compiling stm32f10x_flash.c...
compiling stm32f10x_i2c.c...
compiling main.c...
User\main.c(27): warning:  #223-D: function "RELAY_Init" declared implicitly
User\main.c:    RELAY_Init();//继电器初始化
User\main.c:    ^
User\main.c: User\main.c: 1 warning, 0 errors
compiling stm32f10x_it.c...
compiling delay.c...
compiling sys.c...
compiling led.c...
compiling key.c...
compiling touch_key.c...
compiling relay.c...
compiling step_motor.c...
linking...
Program Size: Code=5616 RO-data=268 RW-data=40 ZI-data=1632  
FromELF: creating hex file...
"YT32B1_STM32F103_demo.axf" - 0 Error(s), 1 Warning(s).
Build target 'Target 1'
compiling main.c...
linking...
Program Size: Code=5500 RO-data=268 RW-data=40 ZI-data=1632  
FromELF: creating hex file...
"YT32B1_STM32F103_demo.axf" - 0 Error(s), 0 Warning(s).
Build target 'Target 1'
compiling step_motor.c...
linking...
Program Size: Code=5508 RO-data=268 RW-data=40 ZI-data=1632  
FromELF: creating hex file...
"YT32B1_STM32F103_demo.axf" - 0 Error(s), 0 Warning(s).
Build target 'Target 1'
compiling step_motor.c...
linking...
Program Size: Code=5520 RO-data=268 RW-data=40 ZI-data=1632  
FromELF: creating hex file...
"YT32B1_STM32F103_demo.axf" - 0 Error(s), 0 Warning(s).
Build target 'Target 1'
compiling main.c...
linking...
Program Size: Code=5520 RO-data=268 RW-data=40 ZI-data=1632  
FromELF: creating hex file...
"YT32B1_STM32F103_demo.axf" - 0 Error(s), 0 Warning(s).
Build target 'Target 1'
compiling main.c...
linking...
Program Size: Code=5520 RO-data=268 RW-data=40 ZI-data=1632  
FromELF: creating hex file...
"YT32B1_STM32F103_demo.axf" - 0 Error(s), 0 Warning(s).
Build target 'Target 1'
compiling main.c...
linking...
Program Size: Code=5636 RO-data=268 RW-data=40 ZI-data=1632  
FromELF: creating hex file...
"YT32B1_STM32F103_demo.axf" - 0 Error(s), 0 Warning(s).
Build target 'Target 1'
linking...
Program Size: Code=5636 RO-data=268 RW-data=40 ZI-data=1632  
FromELF: creating hex file...
"YT32B1_STM32F103_demo.axf" - 0 Error(s), 0 Warning(s).
