Component: ARM Compiler 5.06 update 5 (build 528) Tool: armlink [4d35e2]

==============================================================================

Section Cross References

    system_stm32f10x.o(.text) refers to system_stm32f10x.o(.data) for SystemCoreClock
    stm32f10x_gpio.o(.text) refers to stm32f10x_rcc.o(.text) for RCC_APB2PeriphResetCmd
    stm32f10x_rcc.o(.text) refers to stm32f10x_rcc.o(.data) for APBAHBPrescTable
    stm32f10x_usart.o(.text) refers to stm32f10x_rcc.o(.text) for RCC_APB2PeriphResetCmd
    stm32f10x_bkp.o(.text) refers to stm32f10x_rcc.o(.text) for RCC_BackupResetCmd
    stm32f10x_pwr.o(.text) refers to stm32f10x_rcc.o(.text) for RCC_APB1PeriphResetCmd
    stm32f10x_i2c.o(.text) refers to stm32f10x_rcc.o(.text) for RCC_APB1PeriphResetCmd
    stm32f10x_can.o(.text) refers to stm32f10x_rcc.o(.text) for RCC_APB1PeriphResetCmd
    startup_stm32f10x_md.o(STACK) refers (Special) to heapauxi.o(.text) for __use_two_region_memory
    startup_stm32f10x_md.o(HEAP) refers (Special) to heapauxi.o(.text) for __use_two_region_memory
    startup_stm32f10x_md.o(RESET) refers (Special) to heapauxi.o(.text) for __use_two_region_memory
    startup_stm32f10x_md.o(RESET) refers to startup_stm32f10x_md.o(STACK) for __initial_sp
    startup_stm32f10x_md.o(RESET) refers to startup_stm32f10x_md.o(.text) for Reset_Handler
    startup_stm32f10x_md.o(RESET) refers to stm32f10x_it.o(.text) for NMI_Handler
    startup_stm32f10x_md.o(RESET) refers to can.o(.text) for USB_LP_CAN1_RX0_IRQHandler
    startup_stm32f10x_md.o(RESET) refers to usart.o(.text) for USART1_IRQHandler
    startup_stm32f10x_md.o(.text) refers (Special) to heapauxi.o(.text) for __use_two_region_memory
    startup_stm32f10x_md.o(.text) refers to system_stm32f10x.o(.text) for SystemInit
    startup_stm32f10x_md.o(.text) refers to __main.o(!!!main) for __main
    startup_stm32f10x_md.o(.text) refers to startup_stm32f10x_md.o(HEAP) for Heap_Mem
    startup_stm32f10x_md.o(.text) refers to startup_stm32f10x_md.o(STACK) for Stack_Mem
    main.o(.text) refers to delay.o(.text) for delay_ms
    main.o(.text) refers to sys.o(.text) for RCC_Configuration
    main.o(.text) refers to touch_key.o(.text) for TOUCH_KEY_Init
    main.o(.text) refers to relay.o(.text) for RELAY_Init
    main.o(.text) refers to can.o(.text) for CAN1_Configuration
    main.o(.text) refers to i2c.o(.text) for I2C_Configuration
    main.o(.text) refers to oled0561.o(.text) for OLED0561_Init
    main.o(.text) refers to stm32f10x_gpio.o(.text) for GPIO_ReadInputDataBit
    sys.o(.text) refers to misc.o(.text) for NVIC_PriorityGroupConfig
    sys.o(.text) refers to stm32f10x_rcc.o(.text) for RCC_DeInit
    sys.o(.text) refers to stm32f10x_flash.o(.text) for FLASH_SetLatency
    usart.o(.text) refers (Special) to use_no_semi_2.o(.text) for __use_no_semihosting
    usart.o(.text) refers to _printf_percent.o(.ARM.Collect$$_printf_percent$$00000000) for _printf_percent
    usart.o(.text) refers to _printf_c.o(.ARM.Collect$$_printf_percent$$00000013) for _printf_c
    usart.o(.text) refers to _printf_str.o(.text) for _printf_str
    usart.o(.text) refers to c89vsnprintf.o(.text) for __c89vsnprintf
    usart.o(.text) refers to stm32f10x_usart.o(.text) for USART_SendData
    usart.o(.text) refers to strlen.o(.text) for strlen
    usart.o(.text) refers to stm32f10x_rcc.o(.text) for RCC_APB2PeriphClockCmd
    usart.o(.text) refers to stm32f10x_gpio.o(.text) for GPIO_Init
    usart.o(.text) refers to misc.o(.text) for NVIC_Init
    usart.o(.text) refers to __2printf.o(.text) for __2printf
    usart.o(.text) refers to usart.o(.data) for USART1_RX_STA
    usart.o(.text) refers to usart.o(.bss) for USART1_RX_BUF
    usart.o(.bss) refers (Special) to use_no_semi_2.o(.text) for __use_no_semihosting
    usart.o(.data) refers (Special) to use_no_semi_2.o(.text) for __use_no_semihosting
    i2c.o(.text) refers to stm32f10x_rcc.o(.text) for RCC_APB2PeriphClockCmd
    i2c.o(.text) refers to stm32f10x_gpio.o(.text) for GPIO_Init
    i2c.o(.text) refers to stm32f10x_i2c.o(.text) for I2C_Init
    led.o(.text) refers to stm32f10x_rcc.o(.text) for RCC_APB2PeriphClockCmd
    led.o(.text) refers to stm32f10x_gpio.o(.text) for GPIO_Init
    key.o(.text) refers to stm32f10x_rcc.o(.text) for RCC_APB2PeriphClockCmd
    key.o(.text) refers to stm32f10x_gpio.o(.text) for GPIO_Init
    touch_key.o(.text) refers to stm32f10x_rcc.o(.text) for RCC_APB2PeriphClockCmd
    touch_key.o(.text) refers to stm32f10x_gpio.o(.text) for GPIO_Init
    relay.o(.text) refers to stm32f10x_rcc.o(.text) for RCC_APB2PeriphClockCmd
    relay.o(.text) refers to stm32f10x_gpio.o(.text) for GPIO_Init
    oled0561.o(.text) refers to rt_memcpy_w.o(.text) for __aeabi_memcpy4
    oled0561.o(.text) refers to i2c.o(.text) for I2C_SAND_BUFFER
    oled0561.o(.text) refers to oled0561.o(.constdata) for ASCII_8x16
    rs485.o(.text) refers to stm32f10x_gpio.o(.text) for GPIO_Init
[...]
    .ARM.Collect$$_printf_percent$$00000006  0x0800017e   Section        6  _printf_a.o(.ARM.Collect$$_printf_percent$$00000006)
    .ARM.Collect$$_printf_percent$$00000007  0x08000184   Section       10  _printf_ll.o(.ARM.Collect$$_printf_percent$$00000007)
    .ARM.Collect$$_printf_percent$$00000008  0x0800018e   Section        6  _printf_i.o(.ARM.Collect$$_printf_percent$$00000008)
    .ARM.Collect$$_printf_percent$$00000009  0x08000194   Section        6  _printf_d.o(.ARM.Collect$$_printf_percent$$00000009)
    .ARM.Collect$$_printf_percent$$0000000A  0x0800019a   Section        6  _printf_u.o(.ARM.Collect$$_printf_percent$$0000000A)
    .ARM.Collect$$_printf_percent$$0000000B  0x080001a0   Section        6  _printf_o.o(.ARM.Collect$$_printf_percent$$0000000B)
    .ARM.Collect$$_printf_percent$$0000000C  0x080001a6   Section        6  _printf_x.o(.ARM.Collect$$_printf_percent$$0000000C)
    .ARM.Collect$$_printf_percent$$0000000D  0x080001ac   Section        6  _printf_lli.o(.ARM.Collect$$_printf_percent$$0000000D)
    .ARM.Collect$$_printf_percent$$0000000E  0x080001b2   Section        6  _printf_lld.o(.ARM.Collect$$_printf_percent$$0000000E)
    .ARM.Collect$$_printf_percent$$0000000F  0x080001b8   Section        6  _printf_llu.o(.ARM.Collect$$_printf_percent$$0000000F)
    .ARM.Collect$$_printf_percent$$00000010  0x080001be   Section        6  _printf_llo.o(.ARM.Collect$$_printf_percent$$00000010)
    .ARM.Collect$$_printf_percent$$00000011  0x080001c4   Section        6  _printf_llx.o(.ARM.Collect$$_printf_percent$$00000011)
    .ARM.Collect$$_printf_percent$$00000012  0x080001ca   Section       10  _printf_l.o(.ARM.Collect$$_printf_percent$$00000012)
    .ARM.Collect$$_printf_percent$$00000013  0x080001d4   Section        6  _printf_c.o(.ARM.Collect$$_printf_percent$$00000013)
    .ARM.Collect$$_printf_percent$$00000014  0x080001da   Section        6  _printf_s.o(.ARM.Collect$$_printf_percent$$00000014)
    .ARM.Collect$$_printf_percent$$00000015  0x080001e0   Section        6  _printf_lc.o(.ARM.Collect$$_printf_percent$$00000015)
    .ARM.Collect$$_printf_percent$$00000016  0x080001e6   Section        6  _printf_ls.o(.ARM.Collect$$_printf_percent$$00000016)
    .ARM.Collect$$_printf_percent$$00000017  0x080001ec   Section        4  _printf_percent_end.o(.ARM.Collect$$_printf_percent$$00000017)
    .ARM.Collect$$libinit$$00000000          0x080001f0   Section        2  libinit.o(.ARM.Collect$$libinit$$00000000)
    .ARM.Collect$$libinit$$00000002          0x080001f2   Section        0  libinit2.o(.ARM.Collect$$libinit$$00000002)
    .ARM.Collect$$libinit$$00000004          0x080001f2   Section        0  libinit2.o(.ARM.Collect$$libinit$$00000004)
    .ARM.Collect$$libinit$$0000000A          0x080001f2   Section        0  libinit2.o(.ARM.Collect$$libinit$$0000000A)
    .ARM.Collect$$libinit$$0000000C          0x080001f2   Section        0  libinit2.o(.ARM.Collect$$libinit$$0000000C)
    .ARM.Collect$$libinit$$0000000E          0x080001f2   Section        0  libinit2.o(.ARM.Collect$$libinit$$0000000E)
    .ARM.Collect$$libinit$$0000000F          0x080001f2   Section        6  libinit2.o(.ARM.Collect$$libinit$$0000000F)
    .ARM.Collect$$libinit$$00000011          0x080001f8   Section        0  libinit2.o(.ARM.Collect$$libinit$$00000011)
    .ARM.Collect$$libinit$$00000012          0x080001f8   Section       12  libinit2.o(.ARM.Collect$$libinit$$00000012)
    .ARM.Collect$$libinit$$00000013          0x08000204   Section        0  libinit2.o(.ARM.Collect$$libinit$$00000013)
    .ARM.Collect$$libinit$$00000015          0x08000204   Section        0  libinit2.o(.ARM.Collect$$libinit$$00000015)
    .ARM.Collect$$libinit$$00000016          0x08000204   Section       10  libinit2.o(.ARM.Collect$$libinit$$00000016)
    .ARM.Collect$$libinit$$00000017          0x0800020e   Section        0  libinit2.o(.ARM.Collect$$libinit$$00000017)
    .ARM.Collect$$libinit$$00000019          0x0800020e   Section        0  libinit2.o(.ARM.Collect$$libinit$$00000019)
    .ARM.Collect$$libinit$$0000001B          0x0800020e   Section        0  libinit2.o(.ARM.Collect$$libinit$$0000001B)
    .ARM.Collect$$libinit$$0000001D          0x0800020e   Section        0  libinit2.o(.ARM.Collect$$libinit$$0000001D)
    .ARM.Collect$$libinit$$0000001F          0x0800020e   Section        0  libinit2.o(.ARM.Collect$$libinit$$0000001F)
    .ARM.Collect$$libinit$$00000021          0x0800020e   Section        0  libinit2.o(.ARM.Collect$$libinit$$00000021)
    .ARM.Collect$$libinit$$00000023          0x0800020e   Section        0  libinit2.o(.ARM.Collect$$libinit$$00000023)
    .ARM.Collect$$libinit$$00000025          0x0800020e   Section        0  libinit2.o(.ARM.Collect$$libinit$$00000025)
    .ARM.Collect$$libinit$$0000002C          0x0800020e   Section        0  libinit2.o(.ARM.Collect$$libinit$$0000002C)
    .ARM.Collect$$libinit$$0000002E          0x0800020e   Section        0  libinit2.o(.ARM.Collect$$libinit$$0000002E)
    .ARM.Collect$$libinit$$00000030          0x0800020e   Section        0  libinit2.o(.ARM.Collect$$libinit$$00000030)
    .ARM.Collect$$libinit$$00000032          0x0800020e   Section        0  libinit2.o(.ARM.Collect$$libinit$$00000032)
    .ARM.Collect$$libinit$$00000033          0x0800020e   Section        2  libinit2.o(.ARM.Collect$$libinit$$00000033)
    .ARM.Collect$$libshutdown$$00000000      0x08000210   Section        2  libshutdown.o(.ARM.Collect$$libshutdown$$00000000)
    .ARM.Collect$$libshutdown$$00000002      0x08000212   Section        0  libshutdown2.o(.ARM.Collect$$libshutdown$$00000002)
    .ARM.Collect$$libshutdown$$00000004      0x08000212   Section        0  libshutdown2.o(.ARM.Collect$$libshutdown$$00000004)
    .ARM.Collect$$libshutdown$$00000007      0x08000212   Section        0  libshutdown2.o(.ARM.Collect$$libshutdown$$00000007)
    .ARM.Collect$$libshutdown$$0000000A      0x08000212   Section        0  libshutdown2.o(.ARM.Collect$$libshutdown$$0000000A)
    .ARM.Collect$$libshutdown$$0000000C      0x08000212   Section        0  libshutdown2.o(.ARM.Collect$$libshutdown$$0000000C)
    .ARM.Collect$$libshutdown$$0000000F      0x08000212   Section        0  libshutdown2.o(.ARM.Collect$$libshutdown$$0000000F)
    .ARM.Collect$$libshutdown$$00000010      0x08000212   Section        2  libshutdown2.o(.ARM.Collect$$libshutdown$$00000010)
    .ARM.Collect$$rtentry$$00000000          0x08000214   Section        0  __rtentry.o(.ARM.Collect$$rtentry$$00000000)
    .ARM.Collect$$rtentry$$00000002          0x08000214   Section        0  __rtentry2.o(.ARM.Collect$$rtentry$$00000002)
    .ARM.Collect$$rtentry$$00000004          0x08000214   Section        6  __rtentry4.o(.ARM.Collect$$rtentry$$00000004)
    .ARM.Collect$$rtentry$$00000009          0x0800021a   Section        0  __rtentry2.o(.ARM.Collect$$rtentry$$00000009)
    .ARM.Collect$$rtentry$$0000000A          0x0800021a   Section        4  __rtentry2.o(.ARM.Collect$$rtentry$$0000000A)
    .ARM.Collect$$rtentry$$0000000C          0x0800021e   Section        0  __rtentry2.o(.ARM.Collect$$rtentry$$0000000C)
    .ARM.Collect$$rtentry$$0000000D          0x0800021e   Section        8  __rtentry2.o(.ARM.Collect$$rtentry$$0000000D)
    .ARM.Collect$$rtexit$$00000000           0x08000226   Section        2  rtexit.o(.ARM.Collect$$rtexit$$00000000)
    .ARM.Collect$$rtexit$$00000002           0x08000228   Section        0  rtexit2.o(.ARM.Collect$$rtexit$$00000002)
    .ARM.Collect$$rtexit$$00000003           0x08000228   Section        4  rtexit2.o(.ARM.Collect$$rtexit$$00000003)
    .ARM.Collect$$rtexit$$00000004           0x0800022c   Section        6  rtexit2.o(.ARM.Collect$$rtexit$$00000004)
    .text                                    0x08000234   Section        0  system_stm32f10x.o(.text)
    SetSysClockTo72                          0x08000235   Thumb Code   214  system_stm32f10x.o(.text)
    SetSysClock                              0x0800030b   Thumb Code     8  system_stm32f10x.o(.text)
    .text                                    0x08000414   Section        0  misc.o(.text)
    .text                                    0x080004f0   Section        0  stm32f10x_gpio.o(.text)
    .text                                    0x0800084c   Section        0  stm32f10x_rcc.o(.text)
    .text                                    0x08000bf0   Section        0  stm32f10x_usart.o(.text)
    .text                                    0x08000ff8   Section        0  stm32f10x_flash.o(.text)
    .text                                    0x080015b4   Section        0  stm32f10x_i2c.o(.text)
    .text                                    0x080019b8   Section        0  stm32f10x_can.o(.text)
    CheckITStatus                            0x080021bb   Thumb Code    18  stm32f10x_can.o(.text)
    .text                                    0x080023a8   Section       64  startup_stm32f10x_md.o(.text)
    .text                                    0x080023e8   Section        0  main.o(.text)
    .text                                    0x080024fc   Section        0  stm32f10x_it.o(.text)
    .text                                    0x08002516   Section        0  delay.o(.text)
    .text                                    0x08002578   Section        0  sys.o(.text)
    .text                                    0x080025e8   Section        0  usart.o(.text)
    .text                                    0x08002888   Section        0  i2c.o(.text)
    .text                                    0x08002b88   Section        0  touch_key.o(.text)
    .text                                    0x08002bac   Section        0  relay.o(.text)
    .text                                    0x08002c1c   Section        0  oled0561.o(.text)
    .text                                    0x08002e8c   Section        0  can.o(.text)
    .text                                    0x08003088   Section        2  use_no_semi_2.o(.text)
    .text                                    0x0800308c   Section        0  c89vsnprintf.o(.text)
    .text                                    0x080030c0   Section        0  __2printf.o(.text)
    .text                                    0x080030d8   Section        0  _printf_str.o(.text)
    .text                                    0x0800312c   Section        0  __printf_flags_ss_wp.o(.text)
    .text                                    0x080032b4   Section        0  strlen.o(.text)
    .text                                    0x080032f2   Section      100  rt_memcpy_w.o(.text)
    .text                                    0x08003356   Section        0  heapauxi.o(.text)
    .text                                    0x0800335c   Section        2  use_no_semi.o(.text)
    .text                                    0x0800335e   Section        0  _printf_pad.o(.text)
    .text                                    0x080033ac   Section        0  _printf_truncate.o(.text)
    .text                                    0x080033d0   Section        0  _printf_dec.o(.text)
    .text                                    0x08003448   Section        0  _printf_charcount.o(.text)
    .text                                    0x08003470   Section        0  _printf_char_common.o(.text)
    _printf_input_char                       0x08003471   Thumb Code    10  _printf_char_common.o(.text)
    .text                                    0x080034a0   Section        0  _sputc.o(.text)
    .text                                    0x080034aa   Section        0  _snputc.o(.text)
    .text                                    0x080034ba   Section        0  _printf_char.o(.text)
    .text                                    0x080034e8   Section        0  _printf_char_file.o(.text)
    .text                                    0x0800350c   Section        0  _printf_wctomb.o(.text)
    .text                                    0x080035c8   Section        0  _printf_longlong_dec.o(.text)
    .text                                    0x08003644   Section        0  _printf_oct_int_ll.o(.text)
    _printf_longlong_oct_internal            0x08003645   Thumb Code     0  _printf_oct_int_ll.o(.text)
    .text                                    0x080036b4   Section        0  _printf_hex_int_ll_ptr.o(.text)
    _printf_hex_common                       0x080036b5   Thumb Code     0  _printf_hex_int_ll_ptr.o(.text)
    .text                                    0x08003748   Section      138  lludiv10.o(.text)
    .text                                    0x080037d2   Section        0  _printf_intcommon.o(.text)
    .text                                    0x08003884   Section        0  _printf_fp_dec.o(.text)
    _fp_digits                               0x08003887   Thumb Code   432  _printf_fp_dec.o(.text)
    .text                                    0x08003ca2   Section        0  _printf_wchar.o(.text)
    .text                                    0x08003cce   Section        0  ferror.o(.text)
    .text                                    0x08003cd6   Section        0  _wcrtomb.o(.text)
    .text                                    0x08003d16   Section       74  sys_stackheap_outer.o(.text)
    .text                                    0x08003d60   Section       16  rt_ctype_table.o(.text)
    .text                                    0x08003d70   Section        8  rt_locale_intlibspace.o(.text)
    .text                                    0x08003d78   Section        0  _printf_fp_infnan.o(.text)
    .text                                    0x08003df8   Section        0  bigflt0.o(.text)
    .text                                    0x08003edc   Section        0  exit.o(.text)
    .text                                    0x08003ef0   Section        8  libspace.o(.text)
    .text                                    0x08003ef8   Section      128  strcmpv7m.o(.text)
    CL$$btod_d2e                             0x08003f78   Section       62  btod.o(CL$$btod_d2e)
    CL$$btod_d2e_denorm_low                  0x08003fb6   Section       70  btod.o(CL$$btod_d2e_denorm_low)
    CL$$btod_d2e_norm_op1                    0x08003ffc   Section       96  btod.o(CL$$btod_d2e_norm_op1)
    CL$$btod_div_common                      0x0800405c   Section      824  btod.o(CL$$btod_div_common)
    CL$$btod_e2e                             0x08004394   Section      220  btod.o(CL$$btod_e2e)
    CL$$btod_ediv                            0x08004470   Section       42  btod.o(CL$$btod_ediv)
    CL$$btod_emul                            0x0800449a   Section       42  btod.o(CL$$btod_emul)
    CL$$btod_mult_common                     0x080044c4   Section      580  btod.o(CL$$btod_mult_common)
    i.__ARM_fpclassify                       0x08004708   Section        0  fpclassify.o(i.__ARM_fpclassify)
    i._is_digit                              0x08004730   Section        0  __printf_wp.o(i._is_digit)
    locale$$code                             0x08004740   Section       44  lc_numeric_c.o(locale$$code)
    locale$$code                             0x0800476c   Section       44  lc_ctype_c.o(locale$$code)
    x$fpl$printf1                            0x08004798   Section        4  printf1.o(x$fpl$printf1)
    .constdata                               0x0800479c   Section     2688  oled0561.o(.constdata)
    x$fpl$usenofp                            0x0800479c   Section        0  usenofp.o(x$fpl$usenofp)
    .constdata                               0x0800521c   Section       17  __printf_flags_ss_wp.o(.constdata)
    maptable                                 0x0800521c   Data          17  __printf_flags_ss_wp.o(.constdata)
    .constdata                               0x08005230   Section        8  _printf_wctomb.o(.constdata)
    initial_mbstate                          0x08005230   Data           8  _printf_wctomb.o(.constdata)
    .constdata                               0x08005238   Section       40  _printf_hex_int_ll_ptr.o(.constdata)
    uc_hextab                                0x08005238   Data          20  _printf_hex_int_ll_ptr.o(.constdata)
    lc_hextab                                0x0800524c   Data          20  _printf_hex_int_ll_ptr.o(.constdata)
    .constdata                               0x08005260   Section      148  bigflt0.o(.constdata)
    tenpwrs_x                                0x08005260   Data          60  bigflt0.o(.constdata)
    tenpwrs_i                                0x0800529c   Data          64  bigflt0.o(.constdata)
    locale$$data                             0x08005314   Section       28  lc_numeric_c.o(locale$$data)
    __lcnum_c_name                           0x08005318   Data           2  lc_numeric_c.o(locale$$data)
    __lcnum_c_start                          0x08005320   Data           0  lc_numeric_c.o(locale$$data)
    __lcnum_c_point                          0x0800532c   Data           0  lc_numeric_c.o(locale$$data)
    __lcnum_c_thousands                      0x0800532e   Data           0  lc_numeric_c.o(locale$$data)
    __lcnum_c_grouping                       0x0800532f   Data           0  lc_numeric_c.o(locale$$data)
    locale$$data                             0x08005330   Section      272  lc_ctype_c.o(locale$$data)
    __lcnum_c_end                            0x08005330   Data           0  lc_numeric_c.o(locale$$data)
    __lcctype_c_name                         0x08005334   Data           2  lc_ctype_c.o(locale$$data)
    __lcctype_c_start                        0x0800533c   Data           0  lc_ctype_c.o(locale$$data)
    __lcctype_c_end                          0x08005440   Data           0  lc_ctype_c.o(locale$$data)
    .data                                    0x20000000   Section       20  system_stm32f10x.o(.data)
    .data                                    0x20000014   Section       20  stm32f10x_rcc.o(.data)
    APBAHBPrescTable                         0x20000014   Data          16  stm32f10x_rcc.o(.data)
    ADCPrescTable                            0x20000024   Data           4  stm32f10x_rcc.o(.data)
    .data                                    0x20000028   Section        8  usart.o(.data)
    .bss                                     0x20000030   Section      400  usart.o(.bss)
    .bss                                     0x200001c0   Section       96  libspace.o(.bss)
    HEAP                                     0x20000220   Section      512  startup_stm32f10x_md.o(HEAP)
    Heap_Mem                                 0x20000220   Data         512  startup_stm32f10x_md.o(HEAP)
    STACK                                    0x20000420   Section     1024  startup_stm32f10x_md.o(STACK)
    Stack_Mem                                0x20000420   Data        1024  startup_stm32f10x_md.o(STACK)
    __initial_sp                             0x20000820   Data           0  startup_stm32f10x_md.o(STACK)

    Global Symbols

    Symbol Name                              Value     Ov Type        Size  Object(Section)

    BuildAttributes$$THM_ISAv4$P$D$K$B$S$PE$A:L22UL41UL21$X:L11$S22US41US21$IEEE1$IW$USESV6$~STKCKD$USESV7$~SHL$OTIME$ROPI$IEEEJ$EBA8$UX$STANDARDLIB$REQ8$PRES8$EABIv2 0x00000000   Number         0  anon$$obj.o ABSOLUTE
    __ARM_use_no_argv                        0x00000000   Number         0  main.o ABSOLUTE
    _printf_flags                            0x00000000   Number         0  printf_stubs.o ABSOLUTE
    _printf_return_value                     0x00000000   Number         0  printf_stubs.o ABSOLUTE
    _printf_sizespec                         0x00000000   Number         0  printf_stubs.o ABSOLUTE
    _printf_widthprec                        0x00000000   Number         0  printf_stubs.o ABSOLUTE
    __ARM_exceptions_init                     - Undefined Weak Reference
    __alloca_initialize                       - Undefined Weak Reference
    __arm_preinit_                            - Undefined Weak Reference
    __cpp_initialize__aeabi_                  - Undefined Weak Reference
    __cxa_finalize                            - Undefined Weak Reference
    __sigvec_lookup                           - Undefined Weak Reference
    _atexit_init                              - Undefined Weak Reference
    _call_atexit_fns                          - Undefined Weak Reference
    _clock_init                               - Undefined Weak Reference
    _fp_trap_init                             - Undefined Weak Reference
    _fp_trap_shutdown                         - Undefined Weak Reference
    _get_lc_collate                           - Undefined Weak Reference
    _get_lc_monetary                          - Undefined Weak Reference
    _get_lc_time                              - Undefined Weak Reference
    _getenv_init                              - Undefined Weak Reference
    _handle_redirection                       - Undefined Weak Reference
    _init_alloc                               - Undefined Weak Reference
    _init_user_alloc                          - Undefined Weak Reference
    _initio                                   - Undefined Weak Reference
    _mutex_acquire                            - Undefined Weak Reference
    _mutex_release                            - Undefined Weak Reference
    _printf_fp_hex                            - Undefined Weak Reference
    _printf_mbtowc                            - Undefined Weak Reference
    _printf_wc                                - Undefined Weak Reference
    _rand_init                                - Undefined Weak Reference
    _signal_finish                            - Undefined Weak Reference
    _signal_init                              - Undefined Weak Reference
    _terminate_alloc                          - Undefined Weak Reference
    _terminate_user_alloc                     - Undefined Weak Reference
    _terminateio                              - Undefined Weak Reference
    __Vectors_Size                           0x000000ec   Number         0  startup_stm32f10x_md.o ABSOLUTE
    __Vectors                                0x08000000   Data           4  startup_stm32f10x_md.o(RESET)
    __Vectors_End                            0x080000ec   Data           0  startup_stm32f10x_md.o(RESET)
    __main                                   0x080000ed   Thumb Code     8  __main.o(!!!main)
    __scatterload                            0x080000f5   Thumb Code     0  __scatter.o(!!!scatter)
    __scatterload_rt2                        0x080000f5   Thumb Code    44  __scatter.o(!!!scatter)
    __scatterload_rt2_thumb_only             0x080000f5   Thumb Code     0  __scatter.o(!!!scatter)
    __scatterload_null                       0x08000103   Thumb Code     0  __scatter.o(!!!scatter)
    __scatterload_copy                       0x08000129   Thumb Code    26  __scatter_copy.o(!!handler_copy)
    __scatterload_zeroinit                   0x08000145   Thumb Code    28  __scatter_zi.o(!!handler_zi)
    _printf_n                                0x08000161   Thumb Code     0  _printf_n.o(.ARM.Collect$$_printf_percent$$00000001)
    _printf_percent                          0x08000161   Thumb Code     0  _printf_percent.o(.ARM.Collect$$_printf_percent$$00000000)
    _printf_p                                0x08000167   Thumb Code     0  _printf_p.o(.ARM.Collect$$_printf_percent$$00000002)
    _printf_f                                0x0800016d   Thumb Code     0  _printf_f.o(.ARM.Collect$$_printf_percent$$00000003)
    _printf_e                                0x08000173   Thumb Code     0  _printf_e.o(.ARM.Collect$$_printf_percent$$00000004)
    _printf_g                                0x08000179   Thumb Code     0  _printf_g.o(.ARM.Collect$$_printf_percent$$00000005)
    _printf_a                                0x0800017f   Thumb Code     0  _printf_a.o(.ARM.Collect$$_printf_percent$$00000006)
    _printf_ll                               0x08000185   Thumb Code     0  _printf_ll.o(.ARM.Collect$$_printf_percent$$00000007)
    _printf_i                                0x0800018f   Thumb Code     0  _printf_i.o(.ARM.Collect$$_printf_percent$$00000008)
    _printf_d                                0x08000195   Thumb Code     0  _printf_d.o(.ARM.Collect$$_printf_percent$$00000009)
    _printf_u                                0x0800019b   Thumb Code     0  _printf_u.o(.ARM.Collect$$_printf_percent$$0000000A)
    _printf_o                                0x080001a1   Thumb Code     0  _printf_o.o(.ARM.Collect$$_printf_percent$$0000000B)
    _printf_x                                0x080001a7   Thumb Code     0  _printf_x.o(.ARM.Collect$$_printf_percent$$0000000C)
    _printf_lli                              0x080001ad   Thumb Code     0  _printf_lli.o(.ARM.Collect$$_printf_percent$$0000000D)
    _printf_lld                              0x080001b3   Thumb Code     0  _printf_lld.o(.ARM.Collect$$_printf_percent$$0000000E)
    _printf_llu                              0x080001b9   Thumb Code     0  _printf_llu.o(.ARM.Collect$$_printf_percent$$0000000F)
    _printf_llo                              0x080001bf   Thumb Code     0  _printf_llo.o(.ARM.Collect$$_printf_percent$$00000010)
    _printf_llx                              0x080001c5   Thumb Code     0  _printf_llx.o(.ARM.Collect$$_printf_percent$$00000011)
    _printf_l                                0x080001cb   Thumb Code     0  _printf_l.o(.ARM.Collect$$_printf_percent$$00000012)
    _printf_c                                0x080001d5   Thumb Code     0  _printf_c.o(.ARM.Collect$$_printf_percent$$00000013)
    _printf_s                                0x080001db   Thumb Code     0  _printf_s.o(.ARM.Collect$$_printf_percent$$00000014)
    _printf_lc                               0x080001e1   Thumb Code     0  _printf_lc.o(.ARM.Collect$$_printf_percent$$00000015)
    _printf_ls                               0x080001e7   Thumb Code     0  _printf_ls.o(.ARM.Collect$$_printf_percent$$00000016)
    _printf_percent_end                      0x080001ed   Thumb Code     0  _printf_percent_end.o(.ARM.Collect$$_printf_percent$$00000017)
    __rt_lib_init                            0x080001f1   Thumb Code     0  libinit.o(.ARM.Collect$$libinit$$00000000)
    __rt_lib_init_fp_1                       0x080001f3   Thumb Code     0  libinit2.o(.ARM.Collect$$libinit$$00000002)
    __rt_lib_init_heap_1                     0x080001f3   Thumb Code     0  libinit2.o(.ARM.Collect$$libinit$$0000000A)
    __rt_lib_init_lc_common                  0x080001f3   Thumb Code     0  libinit2.o(.ARM.Collect$$libinit$$0000000F)
    __rt_lib_init_preinit_1                  0x080001f3   Thumb Code     0  libinit2.o(.ARM.Collect$$libinit$$00000004)
    __rt_lib_init_rand_1                     0x080001f3   Thumb Code     0  libinit2.o(.ARM.Collect$$libinit$$0000000E)
    __rt_lib_init_user_alloc_1               0x080001f3   Thumb Code     0  libinit2.o(.ARM.Collect$$libinit$$0000000C)
    __rt_lib_init_lc_collate_1               0x080001f9   Thumb Code     0  libinit2.o(.ARM.Collect$$libinit$$00000011)
    __rt_lib_init_lc_ctype_2                 0x080001f9   Thumb Code     0  libinit2.o(.ARM.Collect$$libinit$$00000012)
    __rt_lib_init_lc_ctype_1                 0x08000205   Thumb Code     0  libinit2.o(.ARM.Collect$$libinit$$00000013)
    __rt_lib_init_lc_monetary_1              0x08000205   Thumb Code     0  libinit2.o(.ARM.Collect$$libinit$$00000015)
    __rt_lib_init_lc_numeric_2               0x08000205   Thumb Code     0  libinit2.o(.ARM.Collect$$libinit$$00000016)
    __rt_lib_init_alloca_1                   0x0800020f   Thumb Code     0  libinit2.o(.ARM.Collect$$libinit$$0000002E)
    __rt_lib_init_argv_1                     0x0800020f   Thumb Code     0  libinit2.o(.ARM.Collect$$libinit$$0000002C)
    __rt_lib_init_atexit_1                   0x0800020f   Thumb Code     0  libinit2.o(.ARM.Collect$$libinit$$0000001B)
    __rt_lib_init_clock_1                    0x0800020f   Thumb Code     0  libinit2.o(.ARM.Collect$$libinit$$00000021)
    __rt_lib_init_cpp_1                      0x0800020f   Thumb Code     0  libinit2.o(.ARM.Collect$$libinit$$00000032)
    __rt_lib_init_exceptions_1               0x0800020f   Thumb Code     0  libinit2.o(.ARM.Collect$$libinit$$00000030)
    __rt_lib_init_fp_trap_1                  0x0800020f   Thumb Code     0  libinit2.o(.ARM.Collect$$libinit$$0000001F)
    __rt_lib_init_getenv_1                   0x0800020f   Thumb Code     0  libinit2.o(.ARM.Collect$$libinit$$00000023)
    __rt_lib_init_lc_numeric_1               0x0800020f   Thumb Code     0  libinit2.o(.ARM.Collect$$libinit$$00000017)
    __rt_lib_init_lc_time_1                  0x0800020f   Thumb Code     0  libinit2.o(.ARM.Collect$$libinit$$00000019)
    __rt_lib_init_return                     0x0800020f   Thumb Code     0  libinit2.o(.ARM.Collect$$libinit$$00000033)
    __rt_lib_init_signal_1                   0x0800020f   Thumb Code     0  libinit2.o(.ARM.Collect$$libinit$$0000001D)
    __rt_lib_init_stdio_1                    0x0800020f   Thumb Code     0  libinit2.o(.ARM.Collect$$libinit$$00000025)
    __rt_lib_shutdown                        0x08000211   Thumb Code     0  libshutdown.o(.ARM.Collect$$libshutdown$$00000000)
    __rt_lib_shutdown_cpp_1                  0x08000213   Thumb Code     0  libshutdown2.o(.ARM.Collect$$libshutdown$$00000002)
    __rt_lib_shutdown_fp_trap_1              0x08000213   Thumb Code     0  libshutdown2.o(.ARM.Collect$$libshutdown$$00000007)
    __rt_lib_shutdown_heap_1                 0x08000213   Thumb Code     0  libshutdown2.o(.ARM.Collect$$libshutdown$$0000000F)
    __rt_lib_shutdown_return                 0x08000213   Thumb Code     0  libshutdown2.o(.ARM.Collect$$libshutdown$$00000010)
    __rt_lib_shutdown_signal_1               0x08000213   Thumb Code     0  libshutdown2.o(.ARM.Collect$$libshutdown$$0000000A)
    __rt_lib_shutdown_stdio_1                0x08000213   Thumb Code     0  libshutdown2.o(.ARM.Collect$$libshutdown$$00000004)
    __rt_lib_shutdown_user_alloc_1           0x08000213   Thumb Code     0  libshutdown2.o(.ARM.Collect$$libshutdown$$0000000C)
    __rt_entry                               0x08000215   Thumb Code     0  __rtentry.o(.ARM.Collect$$rtentry$$00000000)
    __rt_entry_presh_1                       0x08000215   Thumb Code     0  __rtentry2.o(.ARM.Collect$$rtentry$$00000002)
    __rt_entry_sh                            0x08000215   Thumb Code     0  __rtentry4.o(.ARM.Collect$$rtentry$$00000004)
    __rt_entry_li                            0x0800021b   Thumb Code     0  __rtentry2.o(.ARM.Collect$$rtentry$$0000000A)
    __rt_entry_postsh_1                      0x0800021b   Thumb Code     0  __rtentry2.o(.ARM.Collect$$rtentry$$00000009)
    __rt_entry_main                          0x0800021f   Thumb Code     0  __rtentry2.o(.ARM.Collect$$rtentry$$0000000D)
    __rt_entry_postli_1                      0x0800021f   Thumb Code     0  __rtentry2.o(.ARM.Collect$$rtentry$$0000000C)
    __rt_exit                                0x08000227   Thumb Code     0  rtexit.o(.ARM.Collect$$rtexit$$00000000)
    __rt_exit_ls                             0x08000229   Thumb Code     0  rtexit2.o(.ARM.Collect$$rtexit$$00000003)
    __rt_exit_prels_1                        0x08000229   Thumb Code     0  rtexit2.o(.ARM.Collect$$rtexit$$00000002)
    __rt_exit_exit                           0x0800022d   Thumb Code     0  rtexit2.o(.ARM.Collect$$rtexit$$00000004)
    SystemInit                               0x08000313   Thumb Code    78  system_stm32f10x.o(.text)
    SystemCoreClockUpdate                    0x08000361   Thumb Code   142  system_stm32f10x.o(.text)
    NVIC_PriorityGroupConfig                 0x08000415   Thumb Code    10  misc.o(.text)
    NVIC_Init                                0x0800041f   Thumb Code   100  misc.o(.text)
    NVIC_SetVectorTable                      0x08000483   Thumb Code    14  misc.o(.text)
    NVIC_SystemLPConfig                      0x08000491   Thumb Code    34  misc.o(.text)
    SysTick_CLKSourceConfig                  0x080004b3   Thumb Code    40  misc.o(.text)
    GPIO_DeInit                              0x080004f1   Thumb Code   172  stm32f10x_gpio.o(.text)
    GPIO_AFIODeInit                          0x0800059d   Thumb Code    20  stm32f10x_gpio.o(.text)
    GPIO_Init                                0x080005b1   Thumb Code   278  stm32f10x_gpio.o(.text)
    GPIO_StructInit                          0x080006c7   Thumb Code    16  stm32f10x_gpio.o(.text)
    GPIO_ReadInputDataBit                    0x080006d7   Thumb Code    18  stm32f10x_gpio.o(.text)
    GPIO_ReadInputData                       0x080006e9   Thumb Code     8  stm32f10x_gpio.o(.text)
    GPIO_ReadOutputDataBit                   0x080006f1   Thumb Code    18  stm32f10x_gpio.o(.text)
    GPIO_ReadOutputData                      0x08000703   Thumb Code     8  stm32f10x_gpio.o(.text)
    GPIO_SetBits                             0x0800070b   Thumb Code     4  stm32f10x_gpio.o(.text)
    GPIO_ResetBits                           0x0800070f   Thumb Code     4  stm32f10x_gpio.o(.text)
    GPIO_WriteBit                            0x08000713   Thumb Code    10  stm32f10x_gpio.o(.text)
    GPIO_Write                               0x0800071d   Thumb Code     4  stm32f10x_gpio.o(.text)
    GPIO_PinLockConfig                       0x08000721   Thumb Code    18  stm32f10x_gpio.o(.text)
    GPIO_EventOutputConfig                   0x08000733   Thumb Code    26  stm32f10x_gpio.o(.text)
    GPIO_EventOutputCmd                      0x0800074d   Thumb Code     6  stm32f10x_gpio.o(.text)
    GPIO_PinRemapConfig                      0x08000753   Thumb Code   138  stm32f10x_gpio.o(.text)
    GPIO_EXTILineConfig                      0x080007dd   Thumb Code    66  stm32f10x_gpio.o(.text)
    GPIO_ETH_MediaInterfaceConfig            0x0800081f   Thumb Code     8  stm32f10x_gpio.o(.text)
    RCC_DeInit                               0x0800084d   Thumb Code    64  stm32f10x_rcc.o(.text)
    RCC_HSEConfig                            0x0800088d   Thumb Code    70  stm32f10x_rcc.o(.text)
    RCC_GetFlagStatus                        0x080008d3   Thumb Code    56  stm32f10x_rcc.o(.text)
    RCC_WaitForHSEStartUp                    0x0800090b   Thumb Code    56  stm32f10x_rcc.o(.text)
    RCC_AdjustHSICalibrationValue            0x08000943   Thumb Code    20  stm32f10x_rcc.o(.text)
    RCC_HSICmd                               0x08000957   Thumb Code     6  stm32f10x_rcc.o(.text)
    RCC_PLLConfig                            0x0800095d   Thumb Code    24  stm32f10x_rcc.o(.text)
    RCC_PLLCmd                               0x08000975   Thumb Code     6  stm32f10x_rcc.o(.text)
    RCC_SYSCLKConfig                         0x0800097b   Thumb Code    18  stm32f10x_rcc.o(.text)
    RCC_GetSYSCLKSource                      0x0800098d   Thumb Code    10  stm32f10x_rcc.o(.text)
    RCC_HCLKConfig                           0x08000997   Thumb Code    18  stm32f10x_rcc.o(.text)
    RCC_PCLK1Config                          0x080009a9   Thumb Code    18  stm32f10x_rcc.o(.text)
    RCC_PCLK2Config                          0x080009bb   Thumb Code    20  stm32f10x_rcc.o(.text)
    RCC_ITConfig                             0x080009cf   Thumb Code    26  stm32f10x_rcc.o(.text)
    RCC_USBCLKConfig                         0x080009e9   Thumb Code     8  stm32f10x_rcc.o(.text)
    RCC_ADCCLKConfig                         0x080009f1   Thumb Code    18  stm32f10x_rcc.o(.text)
    RCC_LSEConfig                            0x08000a03   Thumb Code    50  stm32f10x_rcc.o(.text)
    RCC_LSICmd                               0x08000a35   Thumb Code     6  stm32f10x_rcc.o(.text)
    RCC_RTCCLKConfig                         0x08000a3b   Thumb Code    12  stm32f10x_rcc.o(.text)
    RCC_RTCCLKCmd                            0x08000a47   Thumb Code     8  stm32f10x_rcc.o(.text)
    RCC_GetClocksFreq                        0x08000a4f   Thumb Code   192  stm32f10x_rcc.o(.text)
    RCC_AHBPeriphClockCmd                    0x08000b0f   Thumb Code    26  stm32f10x_rcc.o(.text)
    RCC_APB2PeriphClockCmd                   0x08000b29   Thumb Code    26  stm32f10x_rcc.o(.text)
    RCC_APB1PeriphClockCmd                   0x08000b43   Thumb Code    26  stm32f10x_rcc.o(.text)
    RCC_APB2PeriphResetCmd                   0x08000b5d   Thumb Code    26  stm32f10x_rcc.o(.text)
    RCC_APB1PeriphResetCmd                   0x08000b77   Thumb Code    26  stm32f10x_rcc.o(.text)
    RCC_BackupResetCmd                       0x08000b91   Thumb Code     8  stm32f10x_rcc.o(.text)
    RCC_ClockSecuritySystemCmd               0x08000b99   Thumb Code     6  stm32f10x_rcc.o(.text)
    RCC_MCOConfig                            0x08000b9f   Thumb Code     6  stm32f10x_rcc.o(.text)
    RCC_ClearFlag                            0x08000ba5   Thumb Code    14  stm32f10x_rcc.o(.text)
    RCC_GetITStatus                          0x08000bb3   Thumb Code    20  stm32f10x_rcc.o(.text)
    RCC_ClearITPendingBit                    0x08000bc7   Thumb Code     6  stm32f10x_rcc.o(.text)
    USART_DeInit                             0x08000bf1   Thumb Code   134  stm32f10x_usart.o(.text)
    USART_Init                               0x08000c77   Thumb Code   210  stm32f10x_usart.o(.text)
    USART_StructInit                         0x08000d49   Thumb Code    24  stm32f10x_usart.o(.text)
    USART_ClockInit                          0x08000d61   Thumb Code    34  stm32f10x_usart.o(.text)
    USART_ClockStructInit                    0x08000d83   Thumb Code    12  stm32f10x_usart.o(.text)
    USART_Cmd                                0x08000d8f   Thumb Code    24  stm32f10x_usart.o(.text)
    USART_ITConfig                           0x08000da7   Thumb Code    74  stm32f10x_usart.o(.text)
    USART_DMACmd                             0x08000df1   Thumb Code    18  stm32f10x_usart.o(.text)
    USART_SetAddress                         0x08000e03   Thumb Code    18  stm32f10x_usart.o(.text)
    USART_WakeUpConfig                       0x08000e15   Thumb Code    18  stm32f10x_usart.o(.text)
    USART_ReceiverWakeUpCmd                  0x08000e27   Thumb Code    24  stm32f10x_usart.o(.text)
    USART_LINBreakDetectLengthConfig         0x08000e3f   Thumb Code    18  stm32f10x_usart.o(.text)
    USART_LINCmd                             0x08000e51   Thumb Code    24  stm32f10x_usart.o(.text)
    USART_SendData                           0x08000e69   Thumb Code     8  stm32f10x_usart.o(.text)
    USART_ReceiveData                        0x08000e71   Thumb Code    10  stm32f10x_usart.o(.text)
    USART_SendBreak                          0x08000e7b   Thumb Code    10  stm32f10x_usart.o(.text)
    USART_SetGuardTime                       0x08000e85   Thumb Code    16  stm32f10x_usart.o(.text)
    USART_SetPrescaler                       0x08000e95   Thumb Code    16  stm32f10x_usart.o(.text)
    USART_SmartCardCmd                       0x08000ea5   Thumb Code    24  stm32f10x_usart.o(.text)
    USART_SmartCardNACKCmd                   0x08000ebd   Thumb Code    24  stm32f10x_usart.o(.text)
    USART_HalfDuplexCmd                      0x08000ed5   Thumb Code    24  stm32f10x_usart.o(.text)
    USART_OverSampling8Cmd                   0x08000eed   Thumb Code    22  stm32f10x_usart.o(.text)
    USART_OneBitMethodCmd                    0x08000f03   Thumb Code    24  stm32f10x_usart.o(.text)
    USART_IrDAConfig                         0x08000f1b   Thumb Code    18  stm32f10x_usart.o(.text)
    USART_IrDACmd                            0x08000f2d   Thumb Code    24  stm32f10x_usart.o(.text)
    USART_GetFlagStatus                      0x08000f45   Thumb Code    26  stm32f10x_usart.o(.text)
    USART_ClearFlag                          0x08000f5f   Thumb Code    18  stm32f10x_usart.o(.text)
    USART_GetITStatus                        0x08000f71   Thumb Code    84  stm32f10x_usart.o(.text)
    USART_ClearITPendingBit                  0x08000fc5   Thumb Code    52  stm32f10x_usart.o(.text)
    FLASH_SetLatency                         0x08000ff9   Thumb Code    18  stm32f10x_flash.o(.text)
    FLASH_HalfCycleAccessCmd                 0x0800100b   Thumb Code    22  stm32f10x_flash.o(.text)
    FLASH_PrefetchBufferCmd                  0x08001021   Thumb Code    22  stm32f10x_flash.o(.text)
    FLASH_Unlock                             0x08001037   Thumb Code    12  stm32f10x_flash.o(.text)
    FLASH_UnlockBank1                        0x08001043   Thumb Code    12  stm32f10x_flash.o(.text)
    FLASH_Lock                               0x0800104f   Thumb Code    14  stm32f10x_flash.o(.text)
    FLASH_LockBank1                          0x0800105d   Thumb Code    14  stm32f10x_flash.o(.text)
    FLASH_GetBank1Status                     0x0800106b   Thumb Code    48  stm32f10x_flash.o(.text)
    FLASH_WaitForLastOperation               0x0800109b   Thumb Code    38  stm32f10x_flash.o(.text)
    FLASH_ErasePage                          0x080010c1   Thumb Code    72  stm32f10x_flash.o(.text)
    FLASH_EraseAllPages                      0x08001109   Thumb Code    68  stm32f10x_flash.o(.text)
    FLASH_WaitForLastBank1Operation          0x0800114d   Thumb Code    38  stm32f10x_flash.o(.text)
    FLASH_EraseAllBank1Pages                 0x08001173   Thumb Code    68  stm32f10x_flash.o(.text)
    FLASH_GetReadOutProtectionStatus         0x080011b7   Thumb Code    20  stm32f10x_flash.o(.text)
    FLASH_EraseOptionBytes                   0x080011cb   Thumb Code   150  stm32f10x_flash.o(.text)
    FLASH_ProgramWord                        0x08001261   Thumb Code   102  stm32f10x_flash.o(.text)
    FLASH_ProgramHalfWord                    0x080012c7   Thumb Code    60  stm32f10x_flash.o(.text)
    FLASH_ProgramOptionByteData              0x08001303   Thumb Code    72  stm32f10x_flash.o(.text)
    FLASH_EnableWriteProtection              0x0800134b   Thumb Code   200  stm32f10x_flash.o(.text)
    FLASH_ReadOutProtection                  0x08001413   Thumb Code   156  stm32f10x_flash.o(.text)
    FLASH_UserOptionByteConfig               0x080014af   Thumb Code    88  stm32f10x_flash.o(.text)
    FLASH_GetUserOptionByte                  0x08001507   Thumb Code     8  stm32f10x_flash.o(.text)
    FLASH_GetWriteProtectionOptionByte       0x0800150f   Thumb Code     6  stm32f10x_flash.o(.text)
    FLASH_GetPrefetchBufferStatus            0x08001515   Thumb Code    20  stm32f10x_flash.o(.text)
    FLASH_ITConfig                           0x08001529   Thumb Code    26  stm32f10x_flash.o(.text)
    FLASH_GetFlagStatus                      0x08001543   Thumb Code    42  stm32f10x_flash.o(.text)
    FLASH_ClearFlag                          0x0800156d   Thumb Code     6  stm32f10x_flash.o(.text)
    FLASH_GetStatus                          0x08001573   Thumb Code    48  stm32f10x_flash.o(.text)
    I2C_DeInit                               0x080015b5   Thumb Code    50  stm32f10x_i2c.o(.text)
    I2C_Init                                 0x080015e7   Thumb Code   222  stm32f10x_i2c.o(.text)
    I2C_StructInit                           0x080016c5   Thumb Code    30  stm32f10x_i2c.o(.text)
    I2C_Cmd                                  0x080016e3   Thumb Code    24  stm32f10x_i2c.o(.text)
    I2C_DMACmd                               0x080016fb   Thumb Code    24  stm32f10x_i2c.o(.text)
    I2C_DMALastTransferCmd                   0x08001713   Thumb Code    24  stm32f10x_i2c.o(.text)
    I2C_GenerateSTART                        0x0800172b   Thumb Code    24  stm32f10x_i2c.o(.text)
    I2C_GenerateSTOP                         0x08001743   Thumb Code    24  stm32f10x_i2c.o(.text)
    I2C_AcknowledgeConfig                    0x0800175b   Thumb Code    24  stm32f10x_i2c.o(.text)
    I2C_OwnAddress2Config                    0x08001773   Thumb Code    22  stm32f10x_i2c.o(.text)
    I2C_DualAddressCmd                       0x08001789   Thumb Code    24  stm32f10x_i2c.o(.text)
    I2C_GeneralCallCmd                       0x080017a1   Thumb Code    24  stm32f10x_i2c.o(.text)
    I2C_ITConfig                             0x080017b9   Thumb Code    18  stm32f10x_i2c.o(.text)
    I2C_SendData                             0x080017cb   Thumb Code     4  stm32f10x_i2c.o(.text)
    I2C_ReceiveData                          0x080017cf   Thumb Code     8  stm32f10x_i2c.o(.text)
    I2C_Send7bitAddress                      0x080017d7   Thumb Code    18  stm32f10x_i2c.o(.text)
    I2C_ReadRegister                         0x080017e9   Thumb Code    22  stm32f10x_i2c.o(.text)
    I2C_SoftwareResetCmd                     0x080017ff   Thumb Code    22  stm32f10x_i2c.o(.text)
    I2C_NACKPositionConfig                   0x08001815   Thumb Code    28  stm32f10x_i2c.o(.text)
    I2C_SMBusAlertConfig                     0x08001831   Thumb Code    28  stm32f10x_i2c.o(.text)
    I2C_TransmitPEC                          0x0800184d   Thumb Code    24  stm32f10x_i2c.o(.text)
    I2C_PECPositionConfig                    0x08001865   Thumb Code    28  stm32f10x_i2c.o(.text)
    I2C_CalculatePEC                         0x08001881   Thumb Code    24  stm32f10x_i2c.o(.text)
    I2C_GetPEC                               0x08001899   Thumb Code     8  stm32f10x_i2c.o(.text)
    I2C_ARPCmd                               0x080018a1   Thumb Code    24  stm32f10x_i2c.o(.text)
    I2C_StretchClockCmd                      0x080018b9   Thumb Code    24  stm32f10x_i2c.o(.text)
    I2C_FastModeDutyCycleConfig              0x080018d1   Thumb Code    28  stm32f10x_i2c.o(.text)
    I2C_CheckEvent                           0x080018ed   Thumb Code    42  stm32f10x_i2c.o(.text)
    I2C_GetLastEvent                         0x08001917   Thumb Code    26  stm32f10x_i2c.o(.text)
    I2C_GetFlagStatus                        0x08001931   Thumb Code    58  stm32f10x_i2c.o(.text)
    I2C_ClearFlag                            0x0800196b   Thumb Code    12  stm32f10x_i2c.o(.text)
    I2C_GetITStatus                          0x08001977   Thumb Code    54  stm32f10x_i2c.o(.text)
    I2C_ClearITPendingBit                    0x080019ad   Thumb Code    12  stm32f10x_i2c.o(.text)
    CAN_DeInit                               0x080019b9   Thumb Code    50  stm32f10x_can.o(.text)
    CAN_Init                                 0x080019eb   Thumb Code   276  stm32f10x_can.o(.text)
    CAN_FilterInit                           0x08001aff   Thumb Code   258  stm32f10x_can.o(.text)
    CAN_StructInit                           0x08001c01   Thumb Code    32  stm32f10x_can.o(.text)
    CAN_SlaveStartBank                       0x08001c21   Thumb Code    48  stm32f10x_can.o(.text)
    CAN_DBGFreeze                            0x08001c51   Thumb Code    22  stm32f10x_can.o(.text)
    CAN_TTComModeCmd                         0x08001c67   Thumb Code   118  stm32f10x_can.o(.text)
    CAN_Transmit                             0x08001cdd   Thumb Code   304  stm32f10x_can.o(.text)
    CAN_TransmitStatus                       0x08001e0d   Thumb Code   138  stm32f10x_can.o(.text)
    CAN_CancelTransmit                       0x08001e97   Thumb Code    48  stm32f10x_can.o(.text)
    CAN_Receive                              0x08001ec7   Thumb Code   240  stm32f10x_can.o(.text)
    CAN_FIFORelease                          0x08001fb7   Thumb Code    22  stm32f10x_can.o(.text)
    CAN_MessagePending                       0x08001fcd   Thumb Code    30  stm32f10x_can.o(.text)
    CAN_OperatingModeRequest                 0x08001feb   Thumb Code   162  stm32f10x_can.o(.text)
    CAN_Sleep                                0x0800208d   Thumb Code    30  stm32f10x_can.o(.text)
    CAN_WakeUp                               0x080020ab   Thumb Code    48  stm32f10x_can.o(.text)
    CAN_GetLastErrorCode                     0x080020db   Thumb Code    12  stm32f10x_can.o(.text)
    CAN_GetReceiveErrorCounter               0x080020e7   Thumb Code    10  stm32f10x_can.o(.text)
    CAN_GetLSBTransmitErrorCounter           0x080020f1   Thumb Code    12  stm32f10x_can.o(.text)
    CAN_ITConfig                             0x080020fd   Thumb Code    18  stm32f10x_can.o(.text)
    CAN_GetFlagStatus                        0x0800210f   Thumb Code   120  stm32f10x_can.o(.text)
    CAN_ClearFlag                            0x08002187   Thumb Code    52  stm32f10x_can.o(.text)
    CAN_GetITStatus                          0x080021cd   Thumb Code   310  stm32f10x_can.o(.text)
    CAN_ClearITPendingBit                    0x08002303   Thumb Code   162  stm32f10x_can.o(.text)
    Reset_Handler                            0x080023a9   Thumb Code     8  startup_stm32f10x_md.o(.text)
    ADC1_2_IRQHandler                        0x080023c3   Thumb Code     0  startup_stm32f10x_md.o(.text)
    CAN1_RX1_IRQHandler                      0x080023c3   Thumb Code     0  startup_stm32f10x_md.o(.text)
    CAN1_SCE_IRQHandler                      0x080023c3   Thumb Code     0  startup_stm32f10x_md.o(.text)
    DMA1_Channel1_IRQHandler                 0x080023c3   Thumb Code     0  startup_stm32f10x_md.o(.text)
    DMA1_Channel2_IRQHandler                 0x080023c3   Thumb Code     0  startup_stm32f10x_md.o(.text)
    DMA1_Channel3_IRQHandler                 0x080023c3   Thumb Code     0  startup_stm32f10x_md.o(.text)
    DMA1_Channel4_IRQHandler                 0x080023c3   Thumb Code     0  startup_stm32f10x_md.o(.text)
    DMA1_Channel5_IRQHandler                 0x080023c3   Thumb Code     0  startup_stm32f10x_md.o(.text)
    DMA1_Channel6_IRQHandler                 0x080023c3   Thumb Code     0  startup_stm32f10x_md.o(.text)
    DMA1_Channel7_IRQHandler                 0x080023c3   Thumb Code     0  startup_stm32f10x_md.o(.text)
    EXTI0_IRQHandler                         0x080023c3   Thumb Code     0  startup_stm32f10x_md.o(.text)
    EXTI15_10_IRQHandler                     0x080023c3   Thumb Code     0  startup_stm32f10x_md.o(.text)
    EXTI1_IRQHandler                         0x080023c3   Thumb Code     0  startup_stm32f10x_md.o(.text)
    EXTI2_IRQHandler                         0x080023c3   Thumb Code     0  startup_stm32f10x_md.o(.text)
    EXTI3_IRQHandler                         0x080023c3   Thumb Code     0  startup_stm32f10x_md.o(.text)
    EXTI4_IRQHandler                         0x080023c3   Thumb Code     0  startup_stm32f10x_md.o(.text)
    EXTI9_5_IRQHandler                       0x080023c3   Thumb Code     0  startup_stm32f10x_md.o(.text)
    FLASH_IRQHandler                         0x080023c3   Thumb Code     0  startup_stm32f10x_md.o(.text)
    I2C1_ER_IRQHandler                       0x080023c3   Thumb Code     0  startup_stm32f10x_md.o(.text)
    I2C1_EV_IRQHandler                       0x080023c3   Thumb Code     0  startup_stm32f10x_md.o(.text)
    I2C2_ER_IRQHandler                       0x080023c3   Thumb Code     0  startup_stm32f10x_md.o(.text)
    I2C2_EV_IRQHandler                       0x080023c3   Thumb Code     0  startup_stm32f10x_md.o(.text)
    PVD_IRQHandler                           0x080023c3   Thumb Code     0  startup_stm32f10x_md.o(.text)
    RCC_IRQHandler                           0x080023c3   Thumb Code     0  startup_stm32f10x_md.o(.text)
    RTCAlarm_IRQHandler                      0x080023c3   Thumb Code     0  startup_stm32f10x_md.o(.text)
    RTC_IRQHandler                           0x080023c3   Thumb Code     0  startup_stm32f10x_md.o(.text)
    SPI1_IRQHandler                          0x080023c3   Thumb Code     0  startup_stm32f10x_md.o(.text)
    SPI2_IRQHandler                          0x080023c3   Thumb Code     0  startup_stm32f10x_md.o(.text)
    TAMPER_IRQHandler                        0x080023c3   Thumb Code     0  startup_stm32f10x_md.o(.text)
    TIM1_BRK_IRQHandler                      0x080023c3   Thumb Code     0  startup_stm32f10x_md.o(.text)
    TIM1_CC_IRQHandler                       0x080023c3   Thumb Code     0  startup_stm32f10x_md.o(.text)
    TIM1_TRG_COM_IRQHandler                  0x080023c3   Thumb Code     0  startup_stm32f10x_md.o(.text)
    TIM1_UP_IRQHandler                       0x080023c3   Thumb Code     0  startup_stm32f10x_md.o(.text)
    TIM2_IRQHandler                          0x080023c3   Thumb Code     0  startup_stm32f10x_md.o(.text)
    TIM3_IRQHandler                          0x080023c3   Thumb Code     0  startup_stm32f10x_md.o(.text)
    TIM4_IRQHandler                          0x080023c3   Thumb Code     0  startup_stm32f10x_md.o(.text)
    USART2_IRQHandler                        0x080023c3   Thumb Code     0  startup_stm32f10x_md.o(.text)
    USBWakeUp_IRQHandler                     0x080023c3   Thumb Code     0  startup_stm32f10x_md.o(.text)
    USB_HP_CAN1_TX_IRQHandler                0x080023c3   Thumb Code     0  startup_stm32f10x_md.o(.text)
    WWDG_IRQHandler                          0x080023c3   Thumb Code     0  startup_stm32f10x_md.o(.text)
    __user_initial_stackheap                 0x080023c5   Thumb Code     0  startup_stm32f10x_md.o(.text)
    main                                     0x080023e9   Thumb Code   224  main.o(.text)
    NMI_Handler                              0x080024fd   Thumb Code     2  stm32f10x_it.o(.text)
    HardFault_Handler                        0x080024ff   Thumb Code     4  stm32f10x_it.o(.text)
    MemManage_Handler                        0x08002503   Thumb Code     4  stm32f10x_it.o(.text)
    BusFault_Handler                         0x08002507   Thumb Code     4  stm32f10x_it.o(.text)
    UsageFault_Handler                       0x0800250b   Thumb Code     4  stm32f10x_it.o(.text)
    SVC_Handler                              0x0800250f   Thumb Code     2  stm32f10x_it.o(.text)
    DebugMon_Handler                         0x08002511   Thumb Code     2  stm32f10x_it.o(.text)
    PendSV_Handler                           0x08002513   Thumb Code     2  stm32f10x_it.o(.text)
    SysTick_Handler                          0x08002515   Thumb Code     2  stm32f10x_it.o(.text)
    delay_us                                 0x08002517   Thumb Code    46  delay.o(.text)
    delay_ms                                 0x08002545   Thumb Code    26  delay.o(.text)
    delay_s                                  0x0800255f   Thumb Code    26  delay.o(.text)
    NVIC_Configuration                       0x08002579   Thumb Code    12  sys.o(.text)
    RCC_Configuration                        0x08002585   Thumb Code   100  sys.o(.text)
    _sys_exit                                0x080025e9   Thumb Code     6  usart.o(.text)
    fputc                                    0x080025ef   Thumb Code    24  usart.o(.text)
    USART1_printf                            0x08002607   Thumb Code    82  usart.o(.text)
    USART1_Init                              0x08002659   Thumb Code   152  usart.o(.text)
    USART1_IRQHandler                        0x080026f1   Thumb Code   132  usart.o(.text)
    USART3_printf                            0x08002775   Thumb Code    82  usart.o(.text)
    USART3_Init                              0x080027c7   Thumb Code   162  usart.o(.text)
    USART3_IRQHandler                        0x08002869   Thumb Code     2  usart.o(.text)
    I2C_GPIO_Init                            0x08002889   Thumb Code    46  i2c.o(.text)
    I2C_Configuration                        0x080028b7   Thumb Code    62  i2c.o(.text)
    I2C_SAND_BUFFER                          0x080028f5   Thumb Code   132  i2c.o(.text)
    I2C_SAND_BYTE                            0x08002979   Thumb Code   112  i2c.o(.text)
    I2C_READ_BUFFER                          0x080029e9   Thumb Code   218  i2c.o(.text)
    I2C_READ_BYTE                            0x08002ac3   Thumb Code   176  i2c.o(.text)
    TOUCH_KEY_Init                           0x08002b89   Thumb Code    32  touch_key.o(.text)
    RELAY_Init                               0x08002bad   Thumb Code    66  relay.o(.text)
    RELAY_1                                  0x08002bef   Thumb Code    18  relay.o(.text)
    RELAY_2                                  0x08002c01   Thumb Code    18  relay.o(.text)
    OLED_DISPLAY_ON                          0x08002c1d   Thumb Code    30  oled0561.o(.text)
    OLED_DISPLAY_CLEAR                       0x08002c3b   Thumb Code    68  oled0561.o(.text)
    OLED_DISPLAY_OFF                         0x08002c7f   Thumb Code    22  oled0561.o(.text)
    OLED0561_Init                            0x08002c95   Thumb Code    16  oled0561.o(.text)
    OLED_DISPLAY_LIT                         0x08002ca5   Thumb Code    26  oled0561.o(.text)
    OLED_DISPLAY_8x16                        0x08002cbf   Thumb Code   150  oled0561.o(.text)
    OLED_DISPLAY_8x16_BUFFER                 0x08002d55   Thumb Code    36  oled0561.o(.text)
    OLED_DISPLAY_16x16                       0x08002d79   Thumb Code   152  oled0561.o(.text)
    OLED_DISPLAY_PIC1                        0x08002e11   Thumb Code    78  oled0561.o(.text)
    CAN1_Configuration                       0x08002e8d   Thumb Code   190  can.o(.text)
    CAN_Send_Msg                             0x08002f4b   Thumb Code   104  can.o(.text)
    CAN_Receive_Msg                          0x08002fb3   Thumb Code    56  can.o(.text)
    USB_LP_CAN1_RX0_IRQHandler               0x08002feb   Thumb Code   148  can.o(.text)
    __use_no_semihosting                     0x08003089   Thumb Code     2  use_no_semi_2.o(.text)
    __c89vsnprintf                           0x0800308d   Thumb Code    48  c89vsnprintf.o(.text)
    __2printf                                0x080030c1   Thumb Code    20  __2printf.o(.text)
    _printf_str                              0x080030d9   Thumb Code    82  _printf_str.o(.text)
    __printf                                 0x0800312d   Thumb Code   388  __printf_flags_ss_wp.o(.text)
    strlen                                   0x080032b5   Thumb Code    62  strlen.o(.text)
    __aeabi_memcpy4                          0x080032f3   Thumb Code     0  rt_memcpy_w.o(.text)
    __aeabi_memcpy8                          0x080032f3   Thumb Code     0  rt_memcpy_w.o(.text)
    __rt_memcpy_w                            0x080032f3   Thumb Code   100  rt_memcpy_w.o(.text)
    _memcpy_lastbytes_aligned                0x0800333b   Thumb Code     0  rt_memcpy_w.o(.text)
    __use_two_region_memory                  0x08003357   Thumb Code     2  heapauxi.o(.text)
    __rt_heap_escrow$2region                 0x08003359   Thumb Code     2  heapauxi.o(.text)
    __rt_heap_expand$2region                 0x0800335b   Thumb Code     2  heapauxi.o(.text)
    __I$use$semihosting                      0x0800335d   Thumb Code     0  use_no_semi.o(.text)
    __use_no_semihosting_swi                 0x0800335d   Thumb Code     2  use_no_semi.o(.text)
    _printf_pre_padding                      0x0800335f   Thumb Code    44  _printf_pad.o(.text)
    _printf_post_padding                     0x0800338b   Thumb Code    34  _printf_pad.o(.text)
    _printf_truncate_signed                  0x080033ad   Thumb Code    18  _printf_truncate.o(.text)
    _printf_truncate_unsigned                0x080033bf   Thumb Code    18  _printf_truncate.o(.text)
    _printf_int_dec                          0x080033d1   Thumb Code   104  _printf_dec.o(.text)
    _printf_charcount                        0x08003449   Thumb Code    40  _printf_charcount.o(.text)
    _printf_char_common                      0x0800347b   Thumb Code    32  _printf_char_common.o(.text)
    _sputc                                   0x080034a1   Thumb Code    10  _sputc.o(.text)
    _snputc                                  0x080034ab   Thumb Code    16  _snputc.o(.text)
    _printf_cs_common                        0x080034bb   Thumb Code    20  _printf_char.o(.text)
    _printf_char                             0x080034cf   Thumb Code    16  _printf_char.o(.text)
    _printf_string                           0x080034df   Thumb Code     8  _printf_char.o(.text)
    _printf_char_file                        0x080034e9   Thumb Code    32  _printf_char_file.o(.text)
    _printf_wctomb                           0x0800350d   Thumb Code   182  _printf_wctomb.o(.text)
    _printf_longlong_dec                     0x080035c9   Thumb Code   108  _printf_longlong_dec.o(.text)
    _printf_longlong_oct                     0x08003645   Thumb Code    66  _printf_oct_int_ll.o(.text)
    _printf_int_oct                          0x08003687   Thumb Code    24  _printf_oct_int_ll.o(.text)
    _printf_ll_oct                           0x0800369f   Thumb Code    12  _printf_oct_int_ll.o(.text)
    _printf_longlong_hex                     0x080036b5   Thumb Code    86  _printf_hex_int_ll_ptr.o(.text)
    _printf_int_hex                          0x0800370b   Thumb Code    28  _printf_hex_int_ll_ptr.o(.text)
    _printf_ll_hex                           0x08003727   Thumb Code    12  _printf_hex_int_ll_ptr.o(.text)
    _printf_hex_ptr                          0x08003733   Thumb Code    18  _printf_hex_int_ll_ptr.o(.text)
    _ll_udiv10                               0x08003749   Thumb Code   138  lludiv10.o(.text)
    _printf_int_common                       0x080037d3   Thumb Code   178  _printf_intcommon.o(.text)
    __lib_sel_fp_printf                      0x08003885   Thumb Code     2  _printf_fp_dec.o(.text)
    _printf_fp_dec_real                      0x08003a37   Thumb Code   620  _printf_fp_dec.o(.text)
    _printf_lcs_common                       0x08003ca3   Thumb Code    20  _printf_wchar.o(.text)
    _printf_wchar                            0x08003cb7   Thumb Code    16  _printf_wchar.o(.text)
    _printf_wstring                          0x08003cc7   Thumb Code     8  _printf_wchar.o(.text)
    ferror                                   0x08003ccf   Thumb Code     8  ferror.o(.text)
    _wcrtomb                                 0x08003cd7   Thumb Code    64  _wcrtomb.o(.text)
    __user_setup_stackheap                   0x08003d17   Thumb Code    74  sys_stackheap_outer.o(.text)
    __rt_ctype_table                         0x08003d61   Thumb Code    16  rt_ctype_table.o(.text)
    __rt_locale                              0x08003d71   Thumb Code     8  rt_locale_intlibspace.o(.text)
    _printf_fp_infnan                        0x08003d79   Thumb Code   112  _printf_fp_infnan.o(.text)
    _btod_etento                             0x08003df9   Thumb Code   224  bigflt0.o(.text)
    exit                                     0x08003edd   Thumb Code    18  exit.o(.text)
    __user_libspace                          0x08003ef1   Thumb Code     8  libspace.o(.text)
    __user_perproc_libspace                  0x08003ef1   Thumb Code     0  libspace.o(.text)
    __user_perthread_libspace                0x08003ef1   Thumb Code     0  libspace.o(.text)
    strcmp                                   0x08003ef9   Thumb Code   128  strcmpv7m.o(.text)
    _btod_d2e                                0x08003f79   Thumb Code    62  btod.o(CL$$btod_d2e)
    _d2e_denorm_low                          0x08003fb7   Thumb Code    70  btod.o(CL$$btod_d2e_denorm_low)
    _d2e_norm_op1                            0x08003ffd   Thumb Code    96  btod.o(CL$$btod_d2e_norm_op1)
    __btod_div_common                        0x0800405d   Thumb Code   696  btod.o(CL$$btod_div_common)
    _e2e                                     0x08004395   Thumb Code   220  btod.o(CL$$btod_e2e)
    _btod_ediv                               0x08004471   Thumb Code    42  btod.o(CL$$btod_ediv)
    _btod_emul                               0x0800449b   Thumb Code    42  btod.o(CL$$btod_emul)
    __btod_mult_common                       0x080044c5   Thumb Code   580  btod.o(CL$$btod_mult_common)
    __ARM_fpclassify                         0x08004709   Thumb Code    40  fpclassify.o(i.__ARM_fpclassify)
    _is_digit                                0x08004731   Thumb Code    14  __printf_wp.o(i._is_digit)
    _get_lc_numeric                          0x08004741   Thumb Code    44  lc_numeric_c.o(locale$$code)
    _get_lc_ctype                            0x0800476d   Thumb Code    44  lc_ctype_c.o(locale$$code)
    _printf_fp_dec                           0x08004799   Thumb Code     4  printf1.o(x$fpl$printf1)
    ASCII_8x16                               0x0800479c   Data        1536  oled0561.o(.constdata)
    __I$use$fp                               0x0800479c   Number         0  usenofp.o(x$fpl$usenofp)
    GB_16                                    0x08004d9c   Data         128  oled0561.o(.constdata)
    PIC1                                     0x08004e1c   Data        1024  oled0561.o(.constdata)
    Region$$Table$$Base                      0x080052f4   Number         0  anon$$obj.o(Region$$Table)
    Region$$Table$$Limit                     0x08005314   Number         0  anon$$obj.o(Region$$Table)
    __ctype                                  0x0800533d   Data           0  lc_ctype_c.o(locale$$data)
    SystemCoreClock                          0x20000000   Data           4  system_stm32f10x.o(.data)
    AHBPrescTable                            0x20000004   Data          16  system_stm32f10x.o(.data)
    __stdout                                 0x20000028   Data           4  usart.o(.data)
    USART1_RX_STA                            0x2000002c   Data           2  usart.o(.data)
    USART3_RX_STA                            0x2000002e   Data           2  usart.o(.data)
    USART1_RX_BUF                            0x20000030   Data         200  usart.o(.bss)
    USART3_RX_BUF                            0x200000f8   Data         200  usart.o(.bss)
    __libspace_start                         0x200001c0   Data          96  libspace.o(.bss)
    __temporary_stack_top$libspace           0x20000220   Data           0  libspace.o(.bss)



==============================================================================

Memory Map of the image

  Image Entry point : 0x080000ed

  Load Region LR_IROM1 (Base: 0x08000000, Size: 0x00005470, Max: 0x00010000, ABSOLUTE)

    Execution Region ER_IROM1 (Exec base: 0x08000000, Load base: 0x08000000, Size: 0x00005440, Max: 0x00010000, ABSOLUTE)

    Exec Addr    Load Addr    Size         Type   Attr      Idx    E Section Name        Object

    0x08000000   0x08000000   0x000000ec   Data   RO          261    RESET               startup_stm32f10x_md.o
    0x080000ec   0x080000ec   0x00000008   Code   RO          557  * !!!main             c_w.l(__main.o)
    0x080000f4   0x080000f4   0x00000034   Code   RO          849    !!!scatter          c_w.l(__scatter.o)
    0x08000128   0x08000128   0x0000001a   Code   RO          851    !!handler_copy      c_w.l(__scatter_copy.o)
    0x08000142   0x08000142   0x00000002   PAD
    0x08000144   0x08000144   0x0000001c   Code   RO          853    !!handler_zi        c_w.l(__scatter_zi.o)
    0x08000160   0x08000160   0x00000000   Code   RO          550    .ARM.Collect$$_printf_percent$$00000000  c_w.l(_printf_percent.o)
    0x08000160   0x08000160   0x00000006   Code   RO          613    .ARM.Collect$$_printf_percent$$00000001  c_w.l(_printf_n.o)
    0x08000166   0x08000166   0x00000006   Code   RO          615    .ARM.Collect$$_printf_percent$$00000002  c_w.l(_printf_p.o)
    0x0800016c   0x0800016c   0x00000006   Code   RO          620    .ARM.Collect$$_printf_percent$$00000003  c_w.l(_printf_f.o)
    0x08000172   0x08000172   0x00000006   Code   RO          621    .ARM.Collect$$_printf_percent$$00000004  c_w.l(_printf_e.o)
    0x08000178   0x08000178   0x00000006   Code   RO          622    .ARM.Collect$$_printf_percent$$00000005  c_w.l(_printf_g.o)
    0x0800017e   0x0800017e   0x00000006   Code   RO          623    .ARM.Collect$$_printf_percent$$00000006  c_w.l(_printf_a.o)
    0x08000184   0x08000184   0x0000000a   Code   RO          628    .ARM.Collect$$_printf_percent$$00000007  c_w.l(_printf_ll.o)
    0x0800018e   0x0800018e   0x00000006   Code   RO          617    .ARM.Collect$$_printf_percent$$00000008  c_w.l(_printf_i.o)
    0x08000194   0x08000194   0x00000006   Code   RO          618    .ARM.Collect$$_printf_percent$$00000009  c_w.l(_printf_d.o)
    0x0800019a   0x0800019a   0x00000006   Code   RO          619    .ARM.Collect$$_printf_percent$$0000000A  c_w.l(_printf_u.o)
    0x080001a0   0x080001a0   0x00000006   Code   RO          616    .ARM.Collect$$_printf_percent$$0000000B  c_w.l(_printf_o.o)
    0x080001a6   0x080001a6   0x00000006   Code   RO          614    .ARM.Collect$$_printf_percent$$0000000C  c_w.l(_printf_x.o)
    0x080001ac   0x080001ac   0x00000006   Code   RO          625    .ARM.Collect$$_printf_percent$$0000000D  c_w.l(_printf_lli.o)
    0x080001b2   0x080001b2   0x00000006   Code   RO          626    .ARM.Collect$$_printf_percent$$0000000E  c_w.l(_printf_lld.o)
    0x080001b8   0x080001b8   0x00000006   Code   RO          627    .ARM.Collect$$_printf_percent$$0000000F  c_w.l(_printf_llu.o)
    0x080001be   0x080001be   0x00000006   Code   RO          632    .ARM.Collect$$_printf_percent$$00000010  c_w.l(_printf_llo.o)
    0x080001c4   0x080001c4   0x00000006   Code   RO          633    .ARM.Collect$$_printf_percent$$00000011  c_w.l(_printf_llx.o)
    0x080001ca   0x080001ca   0x0000000a   Code   RO          629    .ARM.Collect$$_printf_percent$$00000012  c_w.l(_printf_l.o)
    0x080001d4   0x080001d4   0x00000006   Code   RO          549    .ARM.Collect$$_printf_percent$$00000013  c_w.l(_printf_c.o)
    0x080001da   0x080001da   0x00000006   Code   RO          612    .ARM.Collect$$_printf_percent$$00000014  c_w.l(_printf_s.o)
    0x080001e0   0x080001e0   0x00000006   Code   RO          630    .ARM.Collect$$_printf_percent$$00000015  c_w.l(_printf_lc.o)
    0x080001e6   0x080001e6   0x00000006   Code   RO          631    .ARM.Collect$$_printf_percent$$00000016  c_w.l(_printf_ls.o)
    0x080001ec   0x080001ec   0x00000004   Code   RO          624    .ARM.Collect$$_printf_percent$$00000017  c_w.l(_printf_percent_end.o)
    0x080001f0   0x080001f0   0x00000002   Code   RO          713    .ARM.Collect$$libinit$$00000000  c_w.l(libinit.o)
    0x080001f2   0x080001f2   0x00000000   Code   RO          730    .ARM.Collect$$libinit$$00000002  c_w.l(libinit2.o)
    0x080001f2   0x080001f2   0x00000000   Code   RO          732    .ARM.Collect$$libinit$$00000004  c_w.l(libinit2.o)
    0x080001f2   0x080001f2   0x00000000   Code   RO          735    .ARM.Collect$$libinit$$0000000A  c_w.l(libinit2.o)
    0x080001f2   0x080001f2   0x00000000   Code   RO          737    .ARM.Collect$$libinit$$0000000C  c_w.l(libinit2.o)
    0x080001f2   0x080001f2   0x00000000   Code   RO          739    .ARM.Collect$$libinit$$0000000E  c_w.l(libinit2.o)
    0x080001f2   0x080001f2   0x00000006   Code   RO          740    .ARM.Collect$$libinit$$0000000F  c_w.l(libinit2.o)
    0x080001f8   0x080001f8   0x00000000   Code   RO          742    .ARM.Collect$$libinit$$00000011  c_w.l(libinit2.o)
    0x080001f8   0x080001f8   0x0000000c   Code   RO          743    .ARM.Collect$$libinit$$00000012  c_w.l(libinit2.o)
    0x08000204   0x08000204   0x00000000   Code   RO          744    .ARM.Collect$$libinit$$00000013  c_w.l(libinit2.o)
    0x08000204   0x08000204   0x00000000   Code   RO          746    .ARM.Collect$$libinit$$00000015  c_w.l(libinit2.o)
    0x08000204   0x08000204   0x0000000a   Code   RO          747    .ARM.Collect$$libinit$$00000016  c_w.l(libinit2.o)
    0x0800020e   0x0800020e   0x00000000   Code   RO          748    .ARM.Collect$$libinit$$00000017  c_w.l(libinit2.o)
    0x0800020e   0x0800020e   0x00000000   Code   RO          750    .ARM.Collect$$libinit$$00000019  c_w.l(libinit2.o)
    0x0800020e   0x0800020e   0x00000000   Code   RO          752    .ARM.Collect$$libinit$$0000001B  c_w.l(libinit2.o)
    0x0800020e   0x0800020e   0x00000000   Code   RO          754    .ARM.Collect$$libinit$$0000001D  c_w.l(libinit2.o)
    0x0800020e   0x0800020e   0x00000000   Code   RO          756    .ARM.Collect$$libinit$$0000001F  c_w.l(libinit2.o)
    0x0800020e   0x0800020e   0x00000000   Code   RO          758    .ARM.Collect$$libinit$$00000021  c_w.l(libinit2.o)
    0x0800020e   0x0800020e   0x00000000   Code   RO          760    .ARM.Collect$$libinit$$00000023  c_w.l(libinit2.o)
    0x0800020e   0x0800020e   0x00000000   Code   RO          762    .ARM.Collect$$libinit$$00000025  c_w.l(libinit2.o)
    0x0800020e   0x0800020e   0x00000000   Code   RO          766    .ARM.Collect$$libinit$$0000002C  c_w.l(libinit2.o)
    0x0800020e   0x0800020e   0x00000000   Code   RO          768    .ARM.Collect$$libinit$$0000002E  c_w.l(libinit2.o)
    0x0800020e   0x0800020e   0x00000000   Code   RO          770    .ARM.Collect$$libinit$$00000030  c_w.l(libinit2.o)
    0x0800020e   0x0800020e   0x00000000   Code   RO          772    .ARM.Collect$$libinit$$00000032  c_w.l(libinit2.o)
    0x0800020e   0x0800020e   0x00000002   Code   RO          773    .ARM.Collect$$libinit$$00000033  c_w.l(libinit2.o)
    0x08000210   0x08000210   0x00000002   Code   RO          791    .ARM.Collect$$libshutdown$$00000000  c_w.l(libshutdown.o)
    0x08000212   0x08000212   0x00000000   Code   RO          801    .ARM.Collect$$libshutdown$$00000002  c_w.l(libshutdown2.o)
    0x08000212   0x08000212   0x00000000   Code   RO          803    .ARM.Collect$$libshutdown$$00000004  c_w.l(libshutdown2.o)
    0x08000212   0x08000212   0x00000000   Code   RO          806    .ARM.Collect$$libshutdown$$00000007  c_w.l(libshutdown2.o)
    0x08000212   0x08000212   0x00000000   Code   RO          809    .ARM.Collect$$libshutdown$$0000000A  c_w.l(libshutdown2.o)
    0x08000212   0x08000212   0x00000000   Code   RO          811    .ARM.Collect$$libshutdown$$0000000C  c_w.l(libshutdown2.o)
    0x08000212   0x08000212   0x00000000   Code   RO          814    .ARM.Collect$$libshutdown$$0000000F  c_w.l(libshutdown2.o)
    0x08000212   0x08000212   0x00000002   Code   RO          815    .ARM.Collect$$libshutdown$$00000010  c_w.l(libshutdown2.o)
    0x08000214   0x08000214   0x00000000   Code   RO          561    .ARM.Collect$$rtentry$$00000000  c_w.l(__rtentry.o)
    0x08000214   0x08000214   0x00000000   Code   RO          637    .ARM.Collect$$rtentry$$00000002  c_w.l(__rtentry2.o)
    0x08000214   0x08000214   0x00000006   Code   RO          649    .ARM.Collect$$rtentry$$00000004  c_w.l(__rtentry4.o)
    0x0800021a   0x0800021a   0x00000000   Code   RO          639    .ARM.Collect$$rtentry$$00000009  c_w.l(__rtentry2.o)
    0x0800021a   0x0800021a   0x00000004   Code   RO          640    .ARM.Collect$$rtentry$$0000000A  c_w.l(__rtentry2.o)
    0x0800021e   0x0800021e   0x00000000   Code   RO          642    .ARM.Collect$$rtentry$$0000000C  c_w.l(__rtentry2.o)
    0x0800021e   0x0800021e   0x00000008   Code   RO          643    .ARM.Collect$$rtentry$$0000000D  c_w.l(__rtentry2.o)
    0x08000226   0x08000226   0x00000002   Code   RO          722    .ARM.Collect$$rtexit$$00000000  c_w.l(rtexit.o)
    0x08000228   0x08000228   0x00000000   Code   RO          775    .ARM.Collect$$rtexit$$00000002  c_w.l(rtexit2.o)
    0x08000228   0x08000228   0x00000004   Code   RO          776    .ARM.Collect$$rtexit$$00000003  c_w.l(rtexit2.o)
    0x0800022c   0x0800022c   0x00000006   Code   RO          777    .ARM.Collect$$rtexit$$00000004  c_w.l(rtexit2.o)
    0x08000232   0x08000232   0x00000002   PAD
    0x08000234   0x08000234   0x000001e0   Code   RO           17    .text               system_stm32f10x.o
    0x08000414   0x08000414   0x000000dc   Code   RO          114    .text               misc.o
    0x080004f0   0x080004f0   0x0000035c   Code   RO          149    .text               stm32f10x_gpio.o
    0x0800084c   0x0800084c   0x000003a4   Code   RO          161    .text               stm32f10x_rcc.o
    0x08000bf0   0x08000bf0   0x00000408   Code   RO          175    .text               stm32f10x_usart.o
    0x08000ff8   0x08000ff8   0x000005bc   Code   RO          223    .text               stm32f10x_flash.o
    0x080015b4   0x080015b4   0x00000404   Code   RO          235    .text               stm32f10x_i2c.o
    0x080019b8   0x080019b8   0x000009f0   Code   RO          247    .text               stm32f10x_can.o
    0x080023a8   0x080023a8   0x00000040   Code   RO          262    .text               startup_stm32f10x_md.o
    0x080023e8   0x080023e8   0x00000114   Code   RO          266    .text               main.o
    0x080024fc   0x080024fc   0x0000001a   Code   RO          299    .text               stm32f10x_it.o
    0x08002516   0x08002516   0x00000062   Code   RO          314    .text               delay.o
    0x08002578   0x08002578   0x00000070   Code   RO          329    .text               sys.o
    0x080025e8   0x080025e8   0x000002a0   Code   RO          344    .text               usart.o
    0x08002888   0x08002888   0x00000300   Code   RO          377    .text               i2c.o
    0x08002b88   0x08002b88   0x00000024   Code   RO          422    .text               touch_key.o
    0x08002bac   0x08002bac   0x00000070   Code   RO          437    .text               relay.o
    0x08002c1c   0x08002c1c   0x00000270   Code   RO          452    .text               oled0561.o
    0x08002e8c   0x08002e8c   0x000001fc   Code   RO          500    .text               can.o
    0x08003088   0x08003088   0x00000002   Code   RO          517    .text               c_w.l(use_no_semi_2.o)
    0x0800308a   0x0800308a   0x00000002   PAD
    0x0800308c   0x0800308c   0x00000034   Code   RO          519    .text               c_w.l(c89vsnprintf.o)
    0x080030c0   0x080030c0   0x00000018   Code   RO          521    .text               c_w.l(__2printf.o)
    0x080030d8   0x080030d8   0x00000052   Code   RO          527    .text               c_w.l(_printf_str.o)
    0x0800312a   0x0800312a   0x00000002   PAD
    0x0800312c   0x0800312c   0x00000188   Code   RO          546    .text               c_w.l(__printf_flags_ss_wp.o)
    0x080032b4   0x080032b4   0x0000003e   Code   RO          551    .text               c_w.l(strlen.o)
    0x080032f2   0x080032f2   0x00000064   Code   RO          553    .text               c_w.l(rt_memcpy_w.o)
    0x08003356   0x08003356   0x00000006   Code   RO          555    .text               c_w.l(heapauxi.o)
    0x0800335c   0x0800335c   0x00000002   Code   RO          559    .text               c_w.l(use_no_semi.o)
    0x0800335e   0x0800335e   0x0000004e   Code   RO          562    .text               c_w.l(_printf_pad.o)
    0x080033ac   0x080033ac   0x00000024   Code   RO          564    .text               c_w.l(_printf_truncate.o)
    0x080033d0   0x080033d0   0x00000078   Code   RO          566    .text               c_w.l(_printf_dec.o)
    0x08003448   0x08003448   0x00000028   Code   RO          568    .text               c_w.l(_printf_charcount.o)
    0x08003470   0x08003470   0x00000030   Code   RO          570    .text               c_w.l(_printf_char_common.o)
    0x080034a0   0x080034a0   0x0000000a   Code   RO          572    .text               c_w.l(_sputc.o)
    0x080034aa   0x080034aa   0x00000010   Code   RO          574    .text               c_w.l(_snputc.o)
    0x080034ba   0x080034ba   0x0000002c   Code   RO          576    .text               c_w.l(_printf_char.o)
    0x080034e6   0x080034e6   0x00000002   PAD
    0x080034e8   0x080034e8   0x00000024   Code   RO          578    .text               c_w.l(_printf_char_file.o)
    0x0800350c   0x0800350c   0x000000bc   Code   RO          580    .text               c_w.l(_printf_wctomb.o)
    0x080035c8   0x080035c8   0x0000007c   Code   RO          583    .text               c_w.l(_printf_longlong_dec.o)
    0x08003644   0x08003644   0x00000070   Code   RO          589    .text               c_w.l(_printf_oct_int_ll.o)
    0x080036b4   0x080036b4   0x00000094   Code   RO          609    .text               c_w.l(_printf_hex_int_ll_ptr.o)
    0x08003748   0x08003748   0x0000008a   Code   RO          651    .text               c_w.l(lludiv10.o)
    0x080037d2   0x080037d2   0x000000b2   Code   RO          653    .text               c_w.l(_printf_intcommon.o)
    0x08003884   0x08003884   0x0000041e   Code   RO          655    .text               c_w.l(_printf_fp_dec.o)
    0x08003ca2   0x08003ca2   0x0000002c   Code   RO          659    .text               c_w.l(_printf_wchar.o)
    0x08003cce   0x08003cce   0x00000008   Code   RO          661    .text               c_w.l(ferror.o)
    0x08003cd6   0x08003cd6   0x00000040   Code   RO          665    .text               c_w.l(_wcrtomb.o)
    0x08003d16   0x08003d16   0x0000004a   Code   RO          667    .text               c_w.l(sys_stackheap_outer.o)
    0x08003d60   0x08003d60   0x00000010   Code   RO          669    .text               c_w.l(rt_ctype_table.o)
    0x08003d70   0x08003d70   0x00000008   Code   RO          674    .text               c_w.l(rt_locale_intlibspace.o)
    0x08003d78   0x08003d78   0x00000080   Code   RO          676    .text               c_w.l(_printf_fp_infnan.o)
    0x08003df8   0x08003df8   0x000000e4   Code   RO          678    .text               c_w.l(bigflt0.o)
    0x08003edc   0x08003edc   0x00000012   Code   RO          706    .text               c_w.l(exit.o)
    0x08003eee   0x08003eee   0x00000002   PAD
    0x08003ef0   0x08003ef0   0x00000008   Code   RO          719    .text               c_w.l(libspace.o)
    0x08003ef8   0x08003ef8   0x00000080   Code   RO          727    .text               c_w.l(strcmpv7m.o)
    0x08003f78   0x08003f78   0x0000003e   Code   RO          681    CL$$btod_d2e        c_w.l(btod.o)
    0x08003fb6   0x08003fb6   0x00000046   Code   RO          683    CL$$btod_d2e_denorm_low  c_w.l(btod.o)
    0x08003ffc   0x08003ffc   0x00000060   Code   RO          682    CL$$btod_d2e_norm_op1  c_w.l(btod.o)
    0x0800405c   0x0800405c   0x00000338   Code   RO          691    CL$$btod_div_common  c_w.l(btod.o)
    0x08004394   0x08004394   0x000000dc   Code   RO          688    CL$$btod_e2e        c_w.l(btod.o)
    0x08004470   0x08004470   0x0000002a   Code   RO          685    CL$$btod_ediv       c_w.l(btod.o)
    0x0800449a   0x0800449a   0x0000002a   Code   RO          684    CL$$btod_emul       c_w.l(btod.o)
    0x080044c4   0x080044c4   0x00000244   Code   RO          690    CL$$btod_mult_common  c_w.l(btod.o)
    0x08004708   0x08004708   0x00000028   Code   RO          717    i.__ARM_fpclassify  m_ws.l(fpclassify.o)
    0x08004730   0x08004730   0x0000000e   Code   RO          539    i._is_digit         c_w.l(__printf_wp.o)
    0x0800473e   0x0800473e   0x00000002   PAD
    0x08004740   0x08004740   0x0000002c   Code   RO          704    locale$$code        c_w.l(lc_numeric_c.o)
    0x0800476c   0x0800476c   0x0000002c   Code   RO          725    locale$$code        c_w.l(lc_ctype_c.o)
    0x08004798   0x08004798   0x00000004   Code   RO          634    x$fpl$printf1       fz_ws.l(printf1.o)
    0x0800479c   0x0800479c   0x00000000   Code   RO          716    x$fpl$usenofp       fz_ws.l(usenofp.o)
    0x0800479c   0x0800479c   0x00000a80   Data   RO          453    .constdata          oled0561.o
    0x0800521c   0x0800521c   0x00000011   Data   RO          547    .constdata          c_w.l(__printf_flags_ss_wp.o)
    0x0800522d   0x0800522d   0x00000003   PAD
    0x08005230   0x08005230   0x00000008   Data   RO          581    .constdata          c_w.l(_printf_wctomb.o)
    0x08005238   0x08005238   0x00000028   Data   RO          610    .constdata          c_w.l(_printf_hex_int_ll_ptr.o)
    0x08005260   0x08005260   0x00000094   Data   RO          679    .constdata          c_w.l(bigflt0.o)
    0x080052f4   0x080052f4   0x00000020   Data   RO          847    Region$$Table       anon$$obj.o
    0x08005314   0x08005314   0x0000001c   Data   RO          703    locale$$data        c_w.l(lc_numeric_c.o)
    0x08005330   0x08005330   0x00000110   Data   RO          724    locale$$data        c_w.l(lc_ctype_c.o)


    Execution Region RW_IRAM1 (Exec base: 0x20000000, Load base: 0x08005440, Size: 0x00000820, Max: 0x00005000, ABSOLUTE)

    Exec Addr    Load Addr    Size         Type   Attr      Idx    E Section Name        Object

    0x20000000   0x08005440   0x00000014   Data   RW           18    .data               system_stm32f10x.o
    0x20000014   0x08005454   0x00000014   Data   RW          162    .data               stm32f10x_rcc.o
    0x20000028   0x08005468   0x00000008   Data   RW          346    .data               usart.o
    0x20000030        -       0x00000190   Zero   RW          345    .bss                usart.o
    0x200001c0        -       0x00000060   Zero   RW          720    .bss                c_w.l(libspace.o)
    0x20000220        -       0x00000200   Zero   RW          260    HEAP                startup_stm32f10x_md.o
    0x20000420        -       0x00000400   Zero   RW          259    STACK               startup_stm32f10x_md.o


==============================================================================

Image component sizes


      Code (inc. data)   RO Data    RW Data    ZI Data      Debug   Object Name

       508         10          0          0          0       2193   can.o
         0          0          0          0          0       4540   core_cm3.o
        98          0          0          0          0        848   delay.o
       768         22          0          0          0       2482   i2c.o
       276         52          0          0          0        635   main.o
       220         22          0          0          0     213305   misc.o
       624         46       2688          0          0       3873   oled0561.o
       112         10          0          0          0        809   relay.o
        64         26        236          0       1536        796   startup_stm32f10x_md.o
      2544         38          0          0          0       7956   stm32f10x_can.o
      1468         34          0          0          0       8134   stm32f10x_flash.o
       860         38          0          0          0       5661   stm32f10x_gpio.o
      1028         16          0          0          0       9151   stm32f10x_i2c.o
        26          0          0          0          0       1202   stm32f10x_it.o
       932         36          0         20          0       8824   stm32f10x_rcc.o
      1032         22          0          0          0       8384   stm32f10x_usart.o
       112          0          0          0          0        687   sys.o
       480         38          0         20          0      39099   system_stm32f10x.o
        36          4          0          0          0        509   touch_key.o
       672         30          0          8        400       4960   usart.o

    ----------------------------------------------------------------------
     11860        444       2956         48       1936     324048   Object Totals
         0          0         32          0          0          0   (incl. Generated)
         0          0          0          0          0          0   (incl. Padding)

    ----------------------------------------------------------------------

      Code (inc. data)   RO Data    RW Data    ZI Data      Debug   Library Member Name

        24          4          0          0          0         84   __2printf.o
         8          0          0          0          0         68   __main.o
       392          4         17          0          0         92   __printf_flags_ss_wp.o
        14          0          0          0          0         68   __printf_wp.o
         0          0          0          0          0          0   __rtentry.o
        12          0          0          0          0          0   __rtentry2.o
         6          0          0          0          0          0   __rtentry4.o
        52          8          0          0          0          0   __scatter.o
        26          0          0          0          0          0   __scatter_copy.o
        28          0          0          0          0          0   __scatter_zi.o
         6          0          0          0          0          0   _printf_a.o
         6          0          0          0          0          0   _printf_c.o
        44          0          0          0          0        108   _printf_char.o
        48          6          0          0          0         96   _printf_char_common.o
        36          4          0          0          0         80   _printf_char_file.o
        40          0          0          0          0         68   _printf_charcount.o
         6          0          0          0          0          0   _printf_d.o
       120         16          0          0          0         92   _printf_dec.o
         6          0          0          0          0          0   _printf_e.o
         6          0          0          0          0          0   _printf_f.o
      1054          0          0          0          0        216   _printf_fp_dec.o
       128         16          0          0          0         84   _printf_fp_infnan.o
         6          0          0          0          0          0   _printf_g.o
       148          4         40          0          0        160   _printf_hex_int_ll_ptr.o
         6          0          0          0          0          0   _printf_i.o
       178          0          0          0          0         88   _printf_intcommon.o
        10          0          0          0          0          0   _printf_l.o
         6          0          0          0          0          0   _printf_lc.o
        10          0          0          0          0          0   _printf_ll.o
         6          0          0          0          0          0   _printf_lld.o
         6          0          0          0          0          0   _printf_lli.o
         6          0          0          0          0          0   _printf_llo.o
         6          0          0          0          0          0   _printf_llu.o
         6          0          0          0          0          0   _printf_llx.o
       124         16          0          0          0         92   _printf_longlong_dec.o
         6          0          0          0          0          0   _printf_ls.o
         6          0          0          0          0          0   _printf_n.o
         6          0          0          0          0          0   _printf_o.o
       112         10          0          0          0        124   _printf_oct_int_ll.o
         6          0          0          0          0          0   _printf_p.o
        78          0          0          0          0        108   _printf_pad.o
         0          0          0          0          0          0   _printf_percent.o
         4          0          0          0          0          0   _printf_percent_end.o
         6          0          0          0          0          0   _printf_s.o
        82          0          0          0          0         80   _printf_str.o
        36          0          0          0          0         84   _printf_truncate.o
         6          0          0          0          0          0   _printf_u.o
        44          0          0          0          0        108   _printf_wchar.o
       188          6          8          0          0         92   _printf_wctomb.o
         6          0          0          0          0          0   _printf_x.o
        16          0          0          0          0         68   _snputc.o
        10          0          0          0          0         68   _sputc.o
        64          0          0          0          0         92   _wcrtomb.o
       228          4        148          0          0         96   bigflt0.o
      1936        128          0          0          0        672   btod.o
        52          4          0          0          0         80   c89vsnprintf.o
        18          0          0          0          0         80   exit.o
         8          0          0          0          0         68   ferror.o
         6          0          0          0          0        152   heapauxi.o
        44         10        272          0          0         76   lc_ctype_c.o
        44         10         28          0          0         76   lc_numeric_c.o
         2          0          0          0          0          0   libinit.o
        30          0          0          0          0          0   libinit2.o
         2          0          0          0          0          0   libshutdown.o
         2          0          0          0          0          0   libshutdown2.o
         8          4          0          0         96         68   libspace.o
       138          0          0          0          0         80   lludiv10.o
        16          4          0          0          0         76   rt_ctype_table.o
         8          4          0          0          0         68   rt_locale_intlibspace.o
       100          0          0          0          0         80   rt_memcpy_w.o
         2          0          0          0          0          0   rtexit.o
        10          0          0          0          0          0   rtexit2.o
       128          0          0          0          0         68   strcmpv7m.o
        62          0          0          0          0         76   strlen.o
        74          0          0          0          0         80   sys_stackheap_outer.o
         2          0          0          0          0         68   use_no_semi.o
         2          0          0          0          0         68   use_no_semi_2.o
         4          0          0          0          0         68   printf1.o
         0          0          0          0          0          0   usenofp.o
        40          0          0          0          0         68   fpclassify.o

    ----------------------------------------------------------------------
      6236        262        516          0         96       4388   Library Totals
        14          0          3          0          0          0   (incl. Padding)

    ----------------------------------------------------------------------

      Code (inc. data)   RO Data    RW Data    ZI Data      Debug   Library Name

      6178        262        513          0         96       4252   c_w.l
         4          0          0          0          0         68   fz_ws.l
        40          0          0          0          0         68   m_ws.l

    ----------------------------------------------------------------------
      6236        262        516          0         96       4388   Library Totals

    ----------------------------------------------------------------------

==============================================================================


      Code (inc. data)   RO Data    RW Data    ZI Data      Debug   

     18096        706       3472         48       2032     324376   Grand Totals
     18096        706       3472         48       2032     324376   ELF Image Totals
     18096        706       3472         48          0          0   ROM Totals

==============================================================================

    Total RO  Size (Code + RO Data)                21568 (  21.06kB)
    Total RW  Size (RW Data + ZI Data)              2080 (   2.03kB)
    Total ROM Size (Code + RO Data + RW Data)      21616 (  21.11kB)

==============================================================================

