ARM Linker, 4.1 [Build 481] [Standard]

==============================================================================

Section Cross References

    system_stm32f10x.o(.text) refers to system_stm32f10x.o(.data) for SystemCoreClock
    stm32f10x_gpio.o(.text) refers to stm32f10x_rcc.o(.text) for RCC_APB2PeriphResetCmd
    stm32f10x_rcc.o(.text) refers to stm32f10x_rcc.o(.data) for APBAHBPrescTable
    stm32f10x_usart.o(.text) refers to stm32f10x_rcc.o(.text) for RCC_APB2PeriphResetCmd
    stm32f10x_bkp.o(.text) refers to stm32f10x_rcc.o(.text) for RCC_BackupResetCmd
    stm32f10x_pwr.o(.text) refers to stm32f10x_rcc.o(.text) for RCC_APB1PeriphResetCmd
    stm32f10x_i2c.o(.text) refers to stm32f10x_rcc.o(.text) for RCC_APB1PeriphResetCmd
    startup_stm32f10x_md.o(STACK) refers (Special) to heapauxi.o(.text) for __use_two_region_memory
    startup_stm32f10x_md.o(HEAP) refers (Special) to heapauxi.o(.text) for __use_two_region_memory
    startup_stm32f10x_md.o(RESET) refers (Special) to heapauxi.o(.text) for __use_two_region_memory
    startup_stm32f10x_md.o(RESET) refers to startup_stm32f10x_md.o(STACK) for __initial_sp
    startup_stm32f10x_md.o(RESET) refers to startup_stm32f10x_md.o(.text) for Reset_Handler
    startup_stm32f10x_md.o(RESET) refers to stm32f10x_it.o(.text) for NMI_Handler
    startup_stm32f10x_md.o(RESET) refers to rtc.o(.text) for RTC_IRQHandler
    startup_stm32f10x_md.o(RESET) refers to usart.o(.text) for USART1_IRQHandler
    startup_stm32f10x_md.o(.text) refers (Special) to heapauxi.o(.text) for __use_two_region_memory
    startup_stm32f10x_md.o(.text) refers to system_stm32f10x.o(.text) for SystemInit
    startup_stm32f10x_md.o(.text) refers to __main.o(!!!main) for __main
    startup_stm32f10x_md.o(.text) refers to startup_stm32f10x_md.o(HEAP) for Heap_Mem
    startup_stm32f10x_md.o(.text) refers to startup_stm32f10x_md.o(STACK) for Stack_Mem
    main.o(.text) refers to delay.o(.text) for delay_ms
    main.o(.text) refers to sys.o(.text) for RCC_Configuration
    main.o(.text) refers to i2c.o(.text) for I2C_Configuration
    main.o(.text) refers to lm75a.o(.text) for LM75A_GetTemp
    main.o(.text) refers to oled0561.o(.text) for OLED0561_Init
    sys.o(.text) refers to misc.o(.text) for NVIC_PriorityGroupConfig
    sys.o(.text) refers to stm32f10x_rcc.o(.text) for RCC_DeInit
    sys.o(.text) refers to stm32f10x_flash.o(.text) for FLASH_SetLatency
    flash.o(.text) refers to stm32f10x_flash.o(.text) for FLASH_Unlock
    usart.o(.text) refers (Special) to use_no_semi_2.o(.text) for __use_no_semihosting
    usart.o(.text) refers to _printf_percent.o(.ARM.Collect$$_printf_percent$$00000000) for _printf_percent
    usart.o(.text) refers to _printf_c.o(.ARM.Collect$$_printf_percent$$00000013) for _printf_c
    usart.o(.text) refers to _printf_str.o(.text) for _printf_str
    usart.o(.text) refers to c89vsnprintf.o(.text) for __c89vsnprintf
    usart.o(.text) refers to stm32f10x_usart.o(.text) for USART_SendData
    usart.o(.text) refers to strlen.o(.text) for strlen
    usart.o(.text) refers to stm32f10x_rcc.o(.text) for RCC_APB2PeriphClockCmd
    usart.o(.text) refers to stm32f10x_gpio.o(.text) for GPIO_Init
    usart.o(.text) refers to misc.o(.text) for NVIC_Init
    usart.o(.text) refers to __2printf.o(.text) for __2printf
    usart.o(.text) refers to usart.o(.data) for USART1_RX_STA
    usart.o(.text) refers to usart.o(.bss) for USART1_RX_BUF
    usart.o(.bss) refers (Special) to use_no_semi_2.o(.text) for __use_no_semihosting
    usart.o(.data) refers (Special) to use_no_semi_2.o(.text) for __use_no_semihosting
    rtc.o(.text) refers to stm32f10x_rcc.o(.text) for RCC_APB1PeriphClockCmd
    rtc.o(.text) refers to stm32f10x_pwr.o(.text) for PWR_BackupAccessCmd
    rtc.o(.text) refers to stm32f10x_bkp.o(.text) for BKP_DeInit
    rtc.o(.text) refers to stm32f10x_rtc.o(.text) for RTC_WaitForSynchro
    rtc.o(.text) refers to rtc.o(.constdata) for mon_table
    rtc.o(.text) refers to rtc.o(.data) for daycnt
    i2c.o(.text) refers to stm32f10x_rcc.o(.text) for RCC_APB2PeriphClockCmd
    i2c.o(.text) refers to stm32f10x_gpio.o(.text) for GPIO_Init
    i2c.o(.text) refers to stm32f10x_i2c.o(.text) for I2C_Init
    led.o(.text) refers to stm32f10x_rcc.o(.text) for RCC_APB2PeriphClockCmd
    led.o(.text) refers to stm32f10x_gpio.o(.text) for GPIO_Init
    key.o(.text) refers to stm32f10x_rcc.o(.text) for RCC_APB2PeriphClockCmd
    key.o(.text) refers to stm32f10x_gpio.o(.text) for GPIO_Init
    buzzer.o(.text) refers to stm32f10x_gpio.o(.text) for GPIO_Init
    buzzer.o(.text) refers to delay.o(.text) for delay_us
    buzzer.o(.text) refers to buzzer.o(.constdata) for music1
    touch_key.o(.text) refers to stm32f10x_gpio.o(.text) for GPIO_Init
    tm1640.o(.text) refers to stm32f10x_gpio.o(.text) for GPIO_WriteBit
    tm1640.o(.text) refers to delay.o(.text) for delay_us
    tm1640.o(.text) refers to stm32f10x_rcc.o(.text) for RCC_APB2PeriphClockCmd
[...]
    .ARM.Collect$$_printf_percent$$0000000D  0x080001ac   Section        6  _printf_lli.o(.ARM.Collect$$_printf_percent$$0000000D)
    .ARM.Collect$$_printf_percent$$0000000E  0x080001b2   Section        6  _printf_lld.o(.ARM.Collect$$_printf_percent$$0000000E)
    .ARM.Collect$$_printf_percent$$0000000F  0x080001b8   Section        6  _printf_llu.o(.ARM.Collect$$_printf_percent$$0000000F)
    .ARM.Collect$$_printf_percent$$00000010  0x080001be   Section        6  _printf_llo.o(.ARM.Collect$$_printf_percent$$00000010)
    .ARM.Collect$$_printf_percent$$00000011  0x080001c4   Section        6  _printf_llx.o(.ARM.Collect$$_printf_percent$$00000011)
    .ARM.Collect$$_printf_percent$$00000012  0x080001ca   Section       10  _printf_l.o(.ARM.Collect$$_printf_percent$$00000012)
    .ARM.Collect$$_printf_percent$$00000013  0x080001d4   Section        6  _printf_c.o(.ARM.Collect$$_printf_percent$$00000013)
    .ARM.Collect$$_printf_percent$$00000014  0x080001da   Section        6  _printf_s.o(.ARM.Collect$$_printf_percent$$00000014)
    .ARM.Collect$$_printf_percent$$00000015  0x080001e0   Section        6  _printf_lc.o(.ARM.Collect$$_printf_percent$$00000015)
    .ARM.Collect$$_printf_percent$$00000016  0x080001e6   Section        6  _printf_ls.o(.ARM.Collect$$_printf_percent$$00000016)
    .ARM.Collect$$_printf_percent$$00000017  0x080001ec   Section        4  _printf_percent_end.o(.ARM.Collect$$_printf_percent$$00000017)
    .ARM.Collect$$libinit$$00000000          0x080001f0   Section        6  libinit.o(.ARM.Collect$$libinit$$00000000)
    .ARM.Collect$$libinit$$00000006          0x080001f6   Section        0  libinit2.o(.ARM.Collect$$libinit$$00000006)
    .ARM.Collect$$libinit$$00000008          0x080001f6   Section        0  libinit2.o(.ARM.Collect$$libinit$$00000008)
    .ARM.Collect$$libinit$$0000000A          0x080001f6   Section        0  libinit2.o(.ARM.Collect$$libinit$$0000000A)
    .ARM.Collect$$libinit$$0000000B          0x080001f6   Section        6  libinit2.o(.ARM.Collect$$libinit$$0000000B)
    .ARM.Collect$$libinit$$0000000D          0x080001fc   Section        0  libinit2.o(.ARM.Collect$$libinit$$0000000D)
    .ARM.Collect$$libinit$$0000000E          0x080001fc   Section       12  libinit2.o(.ARM.Collect$$libinit$$0000000E)
    .ARM.Collect$$libinit$$0000000F          0x08000208   Section        0  libinit2.o(.ARM.Collect$$libinit$$0000000F)
    .ARM.Collect$$libinit$$00000011          0x08000208   Section        0  libinit2.o(.ARM.Collect$$libinit$$00000011)
    .ARM.Collect$$libinit$$00000012          0x08000208   Section       10  libinit2.o(.ARM.Collect$$libinit$$00000012)
    .ARM.Collect$$libinit$$00000013          0x08000212   Section        0  libinit2.o(.ARM.Collect$$libinit$$00000013)
    .ARM.Collect$$libinit$$00000015          0x08000212   Section        0  libinit2.o(.ARM.Collect$$libinit$$00000015)
    .ARM.Collect$$libinit$$00000017          0x08000212   Section        0  libinit2.o(.ARM.Collect$$libinit$$00000017)
    .ARM.Collect$$libinit$$00000019          0x08000212   Section        0  libinit2.o(.ARM.Collect$$libinit$$00000019)
    .ARM.Collect$$libinit$$0000001B          0x08000212   Section        0  libinit2.o(.ARM.Collect$$libinit$$0000001B)
    .ARM.Collect$$libinit$$0000001D          0x08000212   Section        0  libinit2.o(.ARM.Collect$$libinit$$0000001D)
    .ARM.Collect$$libinit$$0000001F          0x08000212   Section        0  libinit2.o(.ARM.Collect$$libinit$$0000001F)
    .ARM.Collect$$libinit$$00000021          0x08000212   Section        0  libinit2.o(.ARM.Collect$$libinit$$00000021)
    .ARM.Collect$$libinit$$00000028          0x08000212   Section        0  libinit2.o(.ARM.Collect$$libinit$$00000028)
    .ARM.Collect$$libinit$$0000002A          0x08000212   Section        0  libinit2.o(.ARM.Collect$$libinit$$0000002A)
    .ARM.Collect$$libinit$$0000002C          0x08000212   Section        0  libinit2.o(.ARM.Collect$$libinit$$0000002C)
    .ARM.Collect$$libinit$$0000002E          0x08000212   Section        0  libinit2.o(.ARM.Collect$$libinit$$0000002E)
    .ARM.Collect$$libinit$$0000002F          0x08000212   Section        2  libinit2.o(.ARM.Collect$$libinit$$0000002F)
    .ARM.Collect$$libshutdown$$00000000      0x08000214   Section        2  libshutdown.o(.ARM.Collect$$libshutdown$$00000000)
    .ARM.Collect$$libshutdown$$00000003      0x08000216   Section        0  libshutdown2.o(.ARM.Collect$$libshutdown$$00000003)
    .ARM.Collect$$libshutdown$$00000006      0x08000216   Section        0  libshutdown2.o(.ARM.Collect$$libshutdown$$00000006)
    .ARM.Collect$$libshutdown$$00000009      0x08000216   Section        0  libshutdown2.o(.ARM.Collect$$libshutdown$$00000009)
    .ARM.Collect$$libshutdown$$0000000B      0x08000216   Section        0  libshutdown2.o(.ARM.Collect$$libshutdown$$0000000B)
    .ARM.Collect$$libshutdown$$0000000E      0x08000216   Section        0  libshutdown2.o(.ARM.Collect$$libshutdown$$0000000E)
    .ARM.Collect$$libshutdown$$0000000F      0x08000216   Section        2  libshutdown2.o(.ARM.Collect$$libshutdown$$0000000F)
    .ARM.Collect$$rtentry$$00000000          0x08000218   Section        0  rtentry.o(.ARM.Collect$$rtentry$$00000000)
    .ARM.Collect$$rtentry$$00000002          0x08000218   Section        0  rtentry2.o(.ARM.Collect$$rtentry$$00000002)
    .ARM.Collect$$rtentry$$00000004          0x08000218   Section        6  rtentry4.o(.ARM.Collect$$rtentry$$00000004)
    .ARM.Collect$$rtentry$$00000009          0x0800021e   Section        0  rtentry2.o(.ARM.Collect$$rtentry$$00000009)
    .ARM.Collect$$rtentry$$0000000A          0x0800021e   Section        4  rtentry2.o(.ARM.Collect$$rtentry$$0000000A)
    .ARM.Collect$$rtentry$$0000000C          0x08000222   Section        0  rtentry2.o(.ARM.Collect$$rtentry$$0000000C)
    .ARM.Collect$$rtentry$$0000000D          0x08000222   Section        8  rtentry2.o(.ARM.Collect$$rtentry$$0000000D)
    .ARM.Collect$$rtexit$$00000000           0x0800022a   Section        2  rtexit.o(.ARM.Collect$$rtexit$$00000000)
    .ARM.Collect$$rtexit$$00000002           0x0800022c   Section        0  rtexit2.o(.ARM.Collect$$rtexit$$00000002)
    .ARM.Collect$$rtexit$$00000003           0x0800022c   Section        4  rtexit2.o(.ARM.Collect$$rtexit$$00000003)
    .ARM.Collect$$rtexit$$00000004           0x08000230   Section        6  rtexit2.o(.ARM.Collect$$rtexit$$00000004)
    .text                                    0x08000238   Section        0  system_stm32f10x.o(.text)
    SetSysClockTo72                          0x08000239   Thumb Code   192  system_stm32f10x.o(.text)
    SetSysClock                              0x080002f9   Thumb Code     8  system_stm32f10x.o(.text)
    .text                                    0x08000400   Section        0  misc.o(.text)
    .text                                    0x080004f8   Section        0  stm32f10x_gpio.o(.text)
    .text                                    0x08000850   Section        0  stm32f10x_rcc.o(.text)
    .text                                    0x08000bf4   Section        0  stm32f10x_usart.o(.text)
    .text                                    0x08001000   Section        0  stm32f10x_bkp.o(.text)
    .text                                    0x080010c4   Section        0  stm32f10x_pwr.o(.text)
    .text                                    0x0800119c   Section        0  stm32f10x_rtc.o(.text)
    .text                                    0x08001314   Section        0  stm32f10x_flash.o(.text)
    .text                                    0x080018dc   Section        0  stm32f10x_i2c.o(.text)
    .text                                    0x08001ccc   Section       64  startup_stm32f10x_md.o(.text)
    .text                                    0x08001d0c   Section        0  main.o(.text)
    .text                                    0x08001e28   Section        0  stm32f10x_it.o(.text)
    .text                                    0x08001e42   Section        0  delay.o(.text)
    .text                                    0x08001ea2   Section        0  sys.o(.text)
    .text                                    0x08001f14   Section        0  usart.o(.text)
    .text                                    0x080020b0   Section        0  rtc.o(.text)
    .text                                    0x080023ec   Section        0  i2c.o(.text)
    .text                                    0x080026ec   Section        0  lm75a.o(.text)
    .text                                    0x080027ac   Section        0  oled0561.o(.text)
    .text                                    0x08002a1c   Section        2  use_no_semi_2.o(.text)
    .text                                    0x08002a20   Section        0  c89vsnprintf.o(.text)
    .text                                    0x08002a54   Section        0  __2printf.o(.text)
    .text                                    0x08002a6c   Section        0  _printf_str.o(.text)
    .text                                    0x08002ac0   Section        0  __printf_flags_ss_wp.o(.text)
    .text                                    0x08002c5c   Section        0  strlen.o(.text)
    .text                                    0x08002c9a   Section      100  rt_memcpy_w.o(.text)
    .text                                    0x08002cfe   Section        0  heapauxi.o(.text)
    .text                                    0x08002d04   Section        2  use_no_semi.o(.text)
    .text                                    0x08002d06   Section        0  _printf_pad.o(.text)
    .text                                    0x08002d56   Section        0  _printf_truncate.o(.text)
    .text                                    0x08002d7c   Section        0  _printf_dec.o(.text)
    .text                                    0x08002df0   Section        0  _printf_charcount.o(.text)
    .text                                    0x08002e1c   Section        0  _printf_char_common.o(.text)
    _printf_input_char                       0x08002e1d   Thumb Code    10  _printf_char_common.o(.text)
    .text                                    0x08002e4c   Section        0  _sputc.o(.text)
    .text                                    0x08002e56   Section        0  _snputc.o(.text)
    .text                                    0x08002e66   Section        0  _printf_char.o(.text)
    .text                                    0x08002e94   Section        0  _printf_char_file.o(.text)
    .text                                    0x08002eb8   Section        0  _printf_wctomb.o(.text)
    .text                                    0x08002f74   Section        0  _printf_longlong_dec.o(.text)
    .text                                    0x08002fec   Section        0  _printf_oct_int_ll.o(.text)
    _printf_longlong_oct_internal            0x08002fed   Thumb Code     0  _printf_oct_int_ll.o(.text)
    .text                                    0x08003064   Section        0  _printf_hex_int_ll_ptr.o(.text)
    _printf_hex_common                       0x08003065   Thumb Code     0  _printf_hex_int_ll_ptr.o(.text)
    .text                                    0x08003100   Section      138  lludiv10.o(.text)
    .text                                    0x0800318a   Section        0  _printf_intcommon.o(.text)
    .text                                    0x0800323e   Section        0  _printf_fp_dec.o(.text)
    _fp_digits                               0x08003241   Thumb Code   420  _printf_fp_dec.o(.text)
    .text                                    0x0800364c   Section        0  _printf_wchar.o(.text)
    .text                                    0x08003678   Section        0  ferror.o(.text)
    .text                                    0x08003680   Section        0  _wcrtomb.o(.text)
    .text                                    0x080036c0   Section       16  rtudiv10.o(.text)
    .text                                    0x080036d0   Section       74  sys_stackheap_outer.o(.text)
    .text                                    0x0800371c   Section       16  rt_ctype_table.o(.text)
    .text                                    0x0800372c   Section       12  rt_locale_intlibspace.o(.text)
    .text                                    0x08003738   Section        0  _printf_fp_infnan.o(.text)
    .text                                    0x080037b4   Section        0  bigflt0.o(.text)
    .text                                    0x080038a0   Section        0  exit.o(.text)
    .text                                    0x080038ac   Section        8  libspace.o(.text)
    .text                                    0x080038b4   Section      128  strcmpv7m.o(.text)
    .text                                    0x08003934   Section       12  rt_fp_status_addr_intlibspace.o(.text)
    CL$$btod_d2e                             0x08003940   Section       62  btod.o(CL$$btod_d2e)
    CL$$btod_d2e_denorm_low                  0x0800397e   Section       70  btod.o(CL$$btod_d2e_denorm_low)
    CL$$btod_d2e_norm_op1                    0x080039c4   Section       96  btod.o(CL$$btod_d2e_norm_op1)
    CL$$btod_div_common                      0x08003a24   Section      824  btod.o(CL$$btod_div_common)
    CL$$btod_e2e                             0x08003d5c   Section      198  btod.o(CL$$btod_e2e)
    CL$$btod_ediv                            0x08003e22   Section       40  btod.o(CL$$btod_ediv)
    CL$$btod_emul                            0x08003e4a   Section       40  btod.o(CL$$btod_emul)
    CL$$btod_mult_common                     0x08003e72   Section      580  btod.o(CL$$btod_mult_common)
    i.__ARM_fpclassify                       0x080040b6   Section        0  fpclassify.o(i.__ARM_fpclassify)
    locale$$code                             0x080040e0   Section       44  lc_numeric_c.o(locale$$code)
    locale$$code                             0x0800410c   Section       44  lc_ctype_c.o(locale$$code)
    x$fpl$fpinit                             0x08004138   Section       14  fpinit.o(x$fpl$fpinit)
    x$fpl$printf1                            0x08004146   Section        4  printf1.o(x$fpl$printf1)
    .constdata                               0x0800414a   Section       24  rtc.o(.constdata)
    x$fpl$usenofp                            0x0800414a   Section        0  usenofp.o(x$fpl$usenofp)
    .constdata                               0x08004162   Section     2688  oled0561.o(.constdata)
    .constdata                               0x08004be2   Section       17  __printf_flags_ss_wp.o(.constdata)
    maptable                                 0x08004be2   Data          17  __printf_flags_ss_wp.o(.constdata)
    .constdata                               0x08004bf4   Section        8  _printf_wctomb.o(.constdata)
    initial_mbstate                          0x08004bf4   Data           8  _printf_wctomb.o(.constdata)
    .constdata                               0x08004bfc   Section       40  _printf_hex_int_ll_ptr.o(.constdata)
    uc_hextab                                0x08004bfc   Data          20  _printf_hex_int_ll_ptr.o(.constdata)
    lc_hextab                                0x08004c10   Data          20  _printf_hex_int_ll_ptr.o(.constdata)
    .constdata                               0x08004c24   Section      148  bigflt0.o(.constdata)
    tenpwrs_x                                0x08004c24   Data          60  bigflt0.o(.constdata)
    tenpwrs_i                                0x08004c60   Data          64  bigflt0.o(.constdata)
    locale$$data                             0x08004cd8   Section       28  lc_numeric_c.o(locale$$data)
    __lcnum_c_name                           0x08004cdc   Data           2  lc_numeric_c.o(locale$$data)
    __lcnum_c_start                          0x08004ce4   Data           0  lc_numeric_c.o(locale$$data)
    __lcnum_c_point                          0x08004cf0   Data           0  lc_numeric_c.o(locale$$data)
    __lcnum_c_thousands                      0x08004cf2   Data           0  lc_numeric_c.o(locale$$data)
    __lcnum_c_grouping                       0x08004cf3   Data           0  lc_numeric_c.o(locale$$data)
    locale$$data                             0x08004cf4   Section      272  lc_ctype_c.o(locale$$data)
    __lcnum_c_end                            0x08004cf4   Data           0  lc_numeric_c.o(locale$$data)
    __lcctype_c_name                         0x08004cf8   Data           2  lc_ctype_c.o(locale$$data)
    __lcctype_c_start                        0x08004d00   Data           0  lc_ctype_c.o(locale$$data)
    __lcctype_c_end                          0x08004e04   Data           0  lc_ctype_c.o(locale$$data)
    .data                                    0x20000000   Section       20  system_stm32f10x.o(.data)
    .data                                    0x20000014   Section       20  stm32f10x_rcc.o(.data)
    APBAHBPrescTable                         0x20000014   Data          16  stm32f10x_rcc.o(.data)
    ADCPrescTable                            0x20000024   Data           4  stm32f10x_rcc.o(.data)
    .data                                    0x20000028   Section        8  usart.o(.data)
    .data                                    0x20000030   Section       10  rtc.o(.data)
    daycnt                                   0x20000030   Data           2  rtc.o(.data)
    .bss                                     0x2000003c   Section      200  usart.o(.bss)
    .bss                                     0x20000104   Section       96  libspace.o(.bss)
    HEAP                                     0x20000168   Section      512  startup_stm32f10x_md.o(HEAP)
    Heap_Mem                                 0x20000168   Data         512  startup_stm32f10x_md.o(HEAP)
    STACK                                    0x20000368   Section     1024  startup_stm32f10x_md.o(STACK)
    Stack_Mem                                0x20000368   Data        1024  startup_stm32f10x_md.o(STACK)
    __initial_sp                             0x20000768   Data           0  startup_stm32f10x_md.o(STACK)

    Global Symbols

    Symbol Name                              Value     Ov Type        Size  Object(Section)

    BuildAttributes$$THM_ISAv4$P$D$K$B$S$PE$A:L22UL41UL21$X:L11$S22US41US21$IEEE1$IW$USESV6$~STKCKD$USESV7$~SHL$OTIME$ROPI$IEEEJ$EBA8$UX$STANDARDLIB$REQ8$PRES8$EABIv2 0x00000000   Number         0  anon$$obj.o ABSOLUTE
    __ARM_use_no_argv                        0x00000000   Number         0  main.o ABSOLUTE
    _printf_flags                            0x00000000   Number         0  printf_stubs.o ABSOLUTE
    _printf_return_value                     0x00000000   Number         0  printf_stubs.o ABSOLUTE
    _printf_sizespec                         0x00000000   Number         0  printf_stubs.o ABSOLUTE
    _printf_widthprec                        0x00000000   Number         0  printf_stubs.o ABSOLUTE
    __ARM_exceptions_init                     - Undefined Weak Reference
    __alloca_initialize                       - Undefined Weak Reference
    __cpp_initialize__aeabi_                  - Undefined Weak Reference
    __cxa_finalize                            - Undefined Weak Reference
    __sigvec_lookup                           - Undefined Weak Reference
    _atexit_init                              - Undefined Weak Reference
    _call_atexit_fns                          - Undefined Weak Reference
    _clock_init                               - Undefined Weak Reference
    _fp_trap_init                             - Undefined Weak Reference
    _fp_trap_shutdown                         - Undefined Weak Reference
    _get_lc_collate                           - Undefined Weak Reference
    _get_lc_monetary                          - Undefined Weak Reference
    _get_lc_time                              - Undefined Weak Reference
    _getenv_init                              - Undefined Weak Reference
    _handle_redirection                       - Undefined Weak Reference
    _init_alloc                               - Undefined Weak Reference
    _init_user_alloc                          - Undefined Weak Reference
    _initio                                   - Undefined Weak Reference
    _mutex_acquire                            - Undefined Weak Reference
    _mutex_release                            - Undefined Weak Reference
    _printf_fp_hex                            - Undefined Weak Reference
    _printf_mbtowc                            - Undefined Weak Reference
    _printf_wc                                - Undefined Weak Reference
    _rand_init                                - Undefined Weak Reference
    _signal_finish                            - Undefined Weak Reference
    _signal_init                              - Undefined Weak Reference
    _terminate_alloc                          - Undefined Weak Reference
    _terminate_user_alloc                     - Undefined Weak Reference
    _terminateio                              - Undefined Weak Reference
    __Vectors_Size                           0x000000ec   Number         0  startup_stm32f10x_md.o ABSOLUTE
    __Vectors                                0x08000000   Data           4  startup_stm32f10x_md.o(RESET)
    __Vectors_End                            0x080000ec   Data           0  startup_stm32f10x_md.o(RESET)
    __main                                   0x080000ed   Thumb Code     8  __main.o(!!!main)
    __scatterload                            0x080000f5   Thumb Code     0  __scatter.o(!!!scatter)
    __scatterload_rt2                        0x080000f5   Thumb Code    44  __scatter.o(!!!scatter)
    __scatterload_rt2_thumb_only             0x080000f5   Thumb Code     0  __scatter.o(!!!scatter)
    __scatterload_null                       0x08000103   Thumb Code     0  __scatter.o(!!!scatter)
    __scatterload_copy                       0x08000129   Thumb Code    26  __scatter_copy.o(!!handler_copy)
    __scatterload_zeroinit                   0x08000145   Thumb Code    28  __scatter_zi.o(!!handler_zi)
    _printf_n                                0x08000161   Thumb Code     0  _printf_n.o(.ARM.Collect$$_printf_percent$$00000001)
    _printf_percent                          0x08000161   Thumb Code     0  _printf_percent.o(.ARM.Collect$$_printf_percent$$00000000)
    _printf_p                                0x08000167   Thumb Code     0  _printf_p.o(.ARM.Collect$$_printf_percent$$00000002)
    _printf_f                                0x0800016d   Thumb Code     0  _printf_f.o(.ARM.Collect$$_printf_percent$$00000003)
    _printf_e                                0x08000173   Thumb Code     0  _printf_e.o(.ARM.Collect$$_printf_percent$$00000004)
    _printf_g                                0x08000179   Thumb Code     0  _printf_g.o(.ARM.Collect$$_printf_percent$$00000005)
    _printf_a                                0x0800017f   Thumb Code     0  _printf_a.o(.ARM.Collect$$_printf_percent$$00000006)
    _printf_ll                               0x08000185   Thumb Code     0  _printf_ll.o(.ARM.Collect$$_printf_percent$$00000007)
    _printf_i                                0x0800018f   Thumb Code     0  _printf_i.o(.ARM.Collect$$_printf_percent$$00000008)
    _printf_d                                0x08000195   Thumb Code     0  _printf_d.o(.ARM.Collect$$_printf_percent$$00000009)
    _printf_u                                0x0800019b   Thumb Code     0  _printf_u.o(.ARM.Collect$$_printf_percent$$0000000A)
    _printf_o                                0x080001a1   Thumb Code     0  _printf_o.o(.ARM.Collect$$_printf_percent$$0000000B)
    _printf_x                                0x080001a7   Thumb Code     0  _printf_x.o(.ARM.Collect$$_printf_percent$$0000000C)
    _printf_lli                              0x080001ad   Thumb Code     0  _printf_lli.o(.ARM.Collect$$_printf_percent$$0000000D)
    _printf_lld                              0x080001b3   Thumb Code     0  _printf_lld.o(.ARM.Collect$$_printf_percent$$0000000E)
    _printf_llu                              0x080001b9   Thumb Code     0  _printf_llu.o(.ARM.Collect$$_printf_percent$$0000000F)
    _printf_llo                              0x080001bf   Thumb Code     0  _printf_llo.o(.ARM.Collect$$_printf_percent$$00000010)
    _printf_llx                              0x080001c5   Thumb Code     0  _printf_llx.o(.ARM.Collect$$_printf_percent$$00000011)
    _printf_l                                0x080001cb   Thumb Code     0  _printf_l.o(.ARM.Collect$$_printf_percent$$00000012)
    _printf_c                                0x080001d5   Thumb Code     0  _printf_c.o(.ARM.Collect$$_printf_percent$$00000013)
    _printf_s                                0x080001db   Thumb Code     0  _printf_s.o(.ARM.Collect$$_printf_percent$$00000014)
    _printf_lc                               0x080001e1   Thumb Code     0  _printf_lc.o(.ARM.Collect$$_printf_percent$$00000015)
    _printf_ls                               0x080001e7   Thumb Code     0  _printf_ls.o(.ARM.Collect$$_printf_percent$$00000016)
    _printf_percent_end                      0x080001ed   Thumb Code     0  _printf_percent_end.o(.ARM.Collect$$_printf_percent$$00000017)
    __rt_lib_init                            0x080001f1   Thumb Code     0  libinit.o(.ARM.Collect$$libinit$$00000000)
    __rt_lib_init_heap_1                     0x080001f7   Thumb Code     0  libinit2.o(.ARM.Collect$$libinit$$00000006)
    __rt_lib_init_lc_common                  0x080001f7   Thumb Code     0  libinit2.o(.ARM.Collect$$libinit$$0000000B)
    __rt_lib_init_rand_1                     0x080001f7   Thumb Code     0  libinit2.o(.ARM.Collect$$libinit$$0000000A)
    __rt_lib_init_user_alloc_1               0x080001f7   Thumb Code     0  libinit2.o(.ARM.Collect$$libinit$$00000008)
    __rt_lib_init_lc_collate_1               0x080001fd   Thumb Code     0  libinit2.o(.ARM.Collect$$libinit$$0000000D)
    __rt_lib_init_lc_ctype_2                 0x080001fd   Thumb Code     0  libinit2.o(.ARM.Collect$$libinit$$0000000E)
    __rt_lib_init_lc_ctype_1                 0x08000209   Thumb Code     0  libinit2.o(.ARM.Collect$$libinit$$0000000F)
    __rt_lib_init_lc_monetary_1              0x08000209   Thumb Code     0  libinit2.o(.ARM.Collect$$libinit$$00000011)
    __rt_lib_init_lc_numeric_2               0x08000209   Thumb Code     0  libinit2.o(.ARM.Collect$$libinit$$00000012)
    __rt_lib_init_alloca_1                   0x08000213   Thumb Code     0  libinit2.o(.ARM.Collect$$libinit$$0000002A)
    __rt_lib_init_argv_1                     0x08000213   Thumb Code     0  libinit2.o(.ARM.Collect$$libinit$$00000028)
    __rt_lib_init_atexit_1                   0x08000213   Thumb Code     0  libinit2.o(.ARM.Collect$$libinit$$00000017)
    __rt_lib_init_clock_1                    0x08000213   Thumb Code     0  libinit2.o(.ARM.Collect$$libinit$$0000001D)
    __rt_lib_init_cpp_1                      0x08000213   Thumb Code     0  libinit2.o(.ARM.Collect$$libinit$$0000002E)
    __rt_lib_init_exceptions_1               0x08000213   Thumb Code     0  libinit2.o(.ARM.Collect$$libinit$$0000002C)
    __rt_lib_init_fp_trap_1                  0x08000213   Thumb Code     0  libinit2.o(.ARM.Collect$$libinit$$0000001B)
    __rt_lib_init_getenv_1                   0x08000213   Thumb Code     0  libinit2.o(.ARM.Collect$$libinit$$0000001F)
    __rt_lib_init_lc_numeric_1               0x08000213   Thumb Code     0  libinit2.o(.ARM.Collect$$libinit$$00000013)
    __rt_lib_init_lc_time_1                  0x08000213   Thumb Code     0  libinit2.o(.ARM.Collect$$libinit$$00000015)
    __rt_lib_init_return                     0x08000213   Thumb Code     0  libinit2.o(.ARM.Collect$$libinit$$0000002F)
    __rt_lib_init_signal_1                   0x08000213   Thumb Code     0  libinit2.o(.ARM.Collect$$libinit$$00000019)
    __rt_lib_init_stdio_1                    0x08000213   Thumb Code     0  libinit2.o(.ARM.Collect$$libinit$$00000021)
    __rt_lib_shutdown                        0x08000215   Thumb Code     0  libshutdown.o(.ARM.Collect$$libshutdown$$00000000)
    __rt_lib_shutdown_fp_trap_1              0x08000217   Thumb Code     0  libshutdown2.o(.ARM.Collect$$libshutdown$$00000006)
    __rt_lib_shutdown_heap_1                 0x08000217   Thumb Code     0  libshutdown2.o(.ARM.Collect$$libshutdown$$0000000E)
    __rt_lib_shutdown_return                 0x08000217   Thumb Code     0  libshutdown2.o(.ARM.Collect$$libshutdown$$0000000F)
    __rt_lib_shutdown_signal_1               0x08000217   Thumb Code     0  libshutdown2.o(.ARM.Collect$$libshutdown$$00000009)
    __rt_lib_shutdown_stdio_1                0x08000217   Thumb Code     0  libshutdown2.o(.ARM.Collect$$libshutdown$$00000003)
    __rt_lib_shutdown_user_alloc_1           0x08000217   Thumb Code     0  libshutdown2.o(.ARM.Collect$$libshutdown$$0000000B)
    __rt_entry                               0x08000219   Thumb Code     0  rtentry.o(.ARM.Collect$$rtentry$$00000000)
    __rt_entry_presh_1                       0x08000219   Thumb Code     0  rtentry2.o(.ARM.Collect$$rtentry$$00000002)
    __rt_entry_sh                            0x08000219   Thumb Code     0  rtentry4.o(.ARM.Collect$$rtentry$$00000004)
    __rt_entry_li                            0x0800021f   Thumb Code     0  rtentry2.o(.ARM.Collect$$rtentry$$0000000A)
    __rt_entry_postsh_1                      0x0800021f   Thumb Code     0  rtentry2.o(.ARM.Collect$$rtentry$$00000009)
    __rt_entry_main                          0x08000223   Thumb Code     0  rtentry2.o(.ARM.Collect$$rtentry$$0000000D)
    __rt_entry_postli_1                      0x08000223   Thumb Code     0  rtentry2.o(.ARM.Collect$$rtentry$$0000000C)
    __rt_exit                                0x0800022b   Thumb Code     0  rtexit.o(.ARM.Collect$$rtexit$$00000000)
    __rt_exit_ls                             0x0800022d   Thumb Code     0  rtexit2.o(.ARM.Collect$$rtexit$$00000003)
    __rt_exit_prels_1                        0x0800022d   Thumb Code     0  rtexit2.o(.ARM.Collect$$rtexit$$00000002)
    __rt_exit_exit                           0x08000231   Thumb Code     0  rtexit2.o(.ARM.Collect$$rtexit$$00000004)
    SystemInit                               0x08000301   Thumb Code    78  system_stm32f10x.o(.text)
    SystemCoreClockUpdate                    0x0800034f   Thumb Code   142  system_stm32f10x.o(.text)
    NVIC_PriorityGroupConfig                 0x08000401   Thumb Code    10  misc.o(.text)
    NVIC_Init                                0x0800040b   Thumb Code   118  misc.o(.text)
    NVIC_SetVectorTable                      0x08000481   Thumb Code    12  misc.o(.text)
    NVIC_SystemLPConfig                      0x0800048d   Thumb Code    38  misc.o(.text)
    SysTick_CLKSourceConfig                  0x080004b3   Thumb Code    40  misc.o(.text)
    GPIO_DeInit                              0x080004f9   Thumb Code   172  stm32f10x_gpio.o(.text)
    GPIO_AFIODeInit                          0x080005a5   Thumb Code    20  stm32f10x_gpio.o(.text)
    GPIO_Init                                0x080005b9   Thumb Code   274  stm32f10x_gpio.o(.text)
    GPIO_StructInit                          0x080006cb   Thumb Code    16  stm32f10x_gpio.o(.text)
    GPIO_ReadInputDataBit                    0x080006db   Thumb Code    18  stm32f10x_gpio.o(.text)
    GPIO_ReadInputData                       0x080006ed   Thumb Code     8  stm32f10x_gpio.o(.text)
    GPIO_ReadOutputDataBit                   0x080006f5   Thumb Code    18  stm32f10x_gpio.o(.text)
    GPIO_ReadOutputData                      0x08000707   Thumb Code     8  stm32f10x_gpio.o(.text)
    GPIO_SetBits                             0x0800070f   Thumb Code     4  stm32f10x_gpio.o(.text)
    GPIO_ResetBits                           0x08000713   Thumb Code     4  stm32f10x_gpio.o(.text)
    GPIO_WriteBit                            0x08000717   Thumb Code    10  stm32f10x_gpio.o(.text)
    GPIO_Write                               0x08000721   Thumb Code     4  stm32f10x_gpio.o(.text)
    GPIO_PinLockConfig                       0x08000725   Thumb Code    18  stm32f10x_gpio.o(.text)
    GPIO_EventOutputConfig                   0x08000737   Thumb Code    26  stm32f10x_gpio.o(.text)
    GPIO_EventOutputCmd                      0x08000751   Thumb Code     6  stm32f10x_gpio.o(.text)
    GPIO_PinRemapConfig                      0x08000757   Thumb Code   138  stm32f10x_gpio.o(.text)
    GPIO_EXTILineConfig                      0x080007e1   Thumb Code    66  stm32f10x_gpio.o(.text)
    GPIO_ETH_MediaInterfaceConfig            0x08000823   Thumb Code     6  stm32f10x_gpio.o(.text)
    RCC_DeInit                               0x08000851   Thumb Code    64  stm32f10x_rcc.o(.text)
    RCC_HSEConfig                            0x08000891   Thumb Code    70  stm32f10x_rcc.o(.text)
    RCC_GetFlagStatus                        0x080008d7   Thumb Code    56  stm32f10x_rcc.o(.text)
    RCC_WaitForHSEStartUp                    0x0800090f   Thumb Code    48  stm32f10x_rcc.o(.text)
    RCC_AdjustHSICalibrationValue            0x0800093f   Thumb Code    20  stm32f10x_rcc.o(.text)
    RCC_HSICmd                               0x08000953   Thumb Code     6  stm32f10x_rcc.o(.text)
    RCC_PLLConfig                            0x08000959   Thumb Code    24  stm32f10x_rcc.o(.text)
    RCC_PLLCmd                               0x08000971   Thumb Code     6  stm32f10x_rcc.o(.text)
    RCC_SYSCLKConfig                         0x08000977   Thumb Code    18  stm32f10x_rcc.o(.text)
    RCC_GetSYSCLKSource                      0x08000989   Thumb Code    10  stm32f10x_rcc.o(.text)
    RCC_HCLKConfig                           0x08000993   Thumb Code    18  stm32f10x_rcc.o(.text)
    RCC_PCLK1Config                          0x080009a5   Thumb Code    18  stm32f10x_rcc.o(.text)
    RCC_PCLK2Config                          0x080009b7   Thumb Code    20  stm32f10x_rcc.o(.text)
    RCC_ITConfig                             0x080009cb   Thumb Code    30  stm32f10x_rcc.o(.text)
    RCC_USBCLKConfig                         0x080009e9   Thumb Code     6  stm32f10x_rcc.o(.text)
    RCC_ADCCLKConfig                         0x080009ef   Thumb Code    18  stm32f10x_rcc.o(.text)
    RCC_LSEConfig                            0x08000a01   Thumb Code    44  stm32f10x_rcc.o(.text)
    RCC_LSICmd                               0x08000a2d   Thumb Code     6  stm32f10x_rcc.o(.text)
    RCC_RTCCLKConfig                         0x08000a33   Thumb Code    12  stm32f10x_rcc.o(.text)
    RCC_RTCCLKCmd                            0x08000a3f   Thumb Code     6  stm32f10x_rcc.o(.text)
    RCC_GetClocksFreq                        0x08000a45   Thumb Code   192  stm32f10x_rcc.o(.text)
    RCC_AHBPeriphClockCmd                    0x08000b05   Thumb Code    26  stm32f10x_rcc.o(.text)
    RCC_APB2PeriphClockCmd                   0x08000b1f   Thumb Code    26  stm32f10x_rcc.o(.text)
    RCC_APB1PeriphClockCmd                   0x08000b39   Thumb Code    26  stm32f10x_rcc.o(.text)
    RCC_APB2PeriphResetCmd                   0x08000b53   Thumb Code    26  stm32f10x_rcc.o(.text)
    RCC_APB1PeriphResetCmd                   0x08000b6d   Thumb Code    26  stm32f10x_rcc.o(.text)
    RCC_BackupResetCmd                       0x08000b87   Thumb Code     6  stm32f10x_rcc.o(.text)
    RCC_ClockSecuritySystemCmd               0x08000b8d   Thumb Code     6  stm32f10x_rcc.o(.text)
    RCC_MCOConfig                            0x08000b93   Thumb Code     6  stm32f10x_rcc.o(.text)
    RCC_ClearFlag                            0x08000b99   Thumb Code    14  stm32f10x_rcc.o(.text)
    RCC_GetITStatus                          0x08000ba7   Thumb Code    20  stm32f10x_rcc.o(.text)
    RCC_ClearITPendingBit                    0x08000bbb   Thumb Code     6  stm32f10x_rcc.o(.text)
    USART_DeInit                             0x08000bf5   Thumb Code   134  stm32f10x_usart.o(.text)
    USART_Init                               0x08000c7b   Thumb Code   210  stm32f10x_usart.o(.text)
    USART_StructInit                         0x08000d4d   Thumb Code    24  stm32f10x_usart.o(.text)
    USART_ClockInit                          0x08000d65   Thumb Code    34  stm32f10x_usart.o(.text)
    USART_ClockStructInit                    0x08000d87   Thumb Code    12  stm32f10x_usart.o(.text)
    USART_Cmd                                0x08000d93   Thumb Code    24  stm32f10x_usart.o(.text)
    USART_ITConfig                           0x08000dab   Thumb Code    74  stm32f10x_usart.o(.text)
    USART_DMACmd                             0x08000df5   Thumb Code    24  stm32f10x_usart.o(.text)
    USART_SetAddress                         0x08000e0d   Thumb Code    18  stm32f10x_usart.o(.text)
    USART_WakeUpConfig                       0x08000e1f   Thumb Code    18  stm32f10x_usart.o(.text)
    USART_ReceiverWakeUpCmd                  0x08000e31   Thumb Code    24  stm32f10x_usart.o(.text)
    USART_LINBreakDetectLengthConfig         0x08000e49   Thumb Code    18  stm32f10x_usart.o(.text)
    USART_LINCmd                             0x08000e5b   Thumb Code    24  stm32f10x_usart.o(.text)
    USART_SendData                           0x08000e73   Thumb Code     8  stm32f10x_usart.o(.text)
    USART_ReceiveData                        0x08000e7b   Thumb Code    10  stm32f10x_usart.o(.text)
    USART_SendBreak                          0x08000e85   Thumb Code    10  stm32f10x_usart.o(.text)
    USART_SetGuardTime                       0x08000e8f   Thumb Code    16  stm32f10x_usart.o(.text)
    USART_SetPrescaler                       0x08000e9f   Thumb Code    16  stm32f10x_usart.o(.text)
    USART_SmartCardCmd                       0x08000eaf   Thumb Code    24  stm32f10x_usart.o(.text)
    USART_SmartCardNACKCmd                   0x08000ec7   Thumb Code    24  stm32f10x_usart.o(.text)
    USART_HalfDuplexCmd                      0x08000edf   Thumb Code    24  stm32f10x_usart.o(.text)
    USART_OverSampling8Cmd                   0x08000ef7   Thumb Code    22  stm32f10x_usart.o(.text)
    USART_OneBitMethodCmd                    0x08000f0d   Thumb Code    24  stm32f10x_usart.o(.text)
    USART_IrDAConfig                         0x08000f25   Thumb Code    18  stm32f10x_usart.o(.text)
    USART_IrDACmd                            0x08000f37   Thumb Code    24  stm32f10x_usart.o(.text)
    USART_GetFlagStatus                      0x08000f4f   Thumb Code    26  stm32f10x_usart.o(.text)
    USART_ClearFlag                          0x08000f69   Thumb Code    18  stm32f10x_usart.o(.text)
    USART_GetITStatus                        0x08000f7b   Thumb Code    84  stm32f10x_usart.o(.text)
    USART_ClearITPendingBit                  0x08000fcf   Thumb Code    50  stm32f10x_usart.o(.text)
    BKP_DeInit                               0x08001001   Thumb Code    16  stm32f10x_bkp.o(.text)
    BKP_TamperPinLevelConfig                 0x08001011   Thumb Code     6  stm32f10x_bkp.o(.text)
    BKP_TamperPinCmd                         0x08001017   Thumb Code     6  stm32f10x_bkp.o(.text)
    BKP_ITConfig                             0x0800101d   Thumb Code     6  stm32f10x_bkp.o(.text)
    BKP_RTCOutputConfig                      0x08001023   Thumb Code    28  stm32f10x_bkp.o(.text)
    BKP_SetRTCCalibrationValue               0x0800103f   Thumb Code    28  stm32f10x_bkp.o(.text)
    BKP_WriteBackupRegister                  0x0800105b   Thumb Code    12  stm32f10x_bkp.o(.text)
    BKP_ReadBackupRegister                   0x08001067   Thumb Code    14  stm32f10x_bkp.o(.text)
    BKP_GetFlagStatus                        0x08001075   Thumb Code     8  stm32f10x_bkp.o(.text)
    BKP_ClearFlag                            0x0800107d   Thumb Code    16  stm32f10x_bkp.o(.text)
    BKP_GetITStatus                          0x0800108d   Thumb Code     8  stm32f10x_bkp.o(.text)
    BKP_ClearITPendingBit                    0x08001095   Thumb Code    16  stm32f10x_bkp.o(.text)
    PWR_DeInit                               0x080010c5   Thumb Code    22  stm32f10x_pwr.o(.text)
    PWR_BackupAccessCmd                      0x080010db   Thumb Code     6  stm32f10x_pwr.o(.text)
    PWR_PVDCmd                               0x080010e1   Thumb Code     6  stm32f10x_pwr.o(.text)
    PWR_PVDLevelConfig                       0x080010e7   Thumb Code    18  stm32f10x_pwr.o(.text)
    PWR_WakeUpPinCmd                         0x080010f9   Thumb Code     6  stm32f10x_pwr.o(.text)
    PWR_EnterSTOPMode                        0x080010ff   Thumb Code    62  stm32f10x_pwr.o(.text)
    PWR_EnterSTANDBYMode                     0x0800113d   Thumb Code    46  stm32f10x_pwr.o(.text)
    PWR_GetFlagStatus                        0x0800116b   Thumb Code    20  stm32f10x_pwr.o(.text)
    PWR_ClearFlag                            0x0800117f   Thumb Code    14  stm32f10x_pwr.o(.text)
    RTC_ITConfig                             0x0800119d   Thumb Code    40  stm32f10x_rtc.o(.text)
    RTC_EnterConfigMode                      0x080011c5   Thumb Code    16  stm32f10x_rtc.o(.text)
    RTC_ExitConfigMode                       0x080011d5   Thumb Code    20  stm32f10x_rtc.o(.text)
    RTC_GetCounter                           0x080011e9   Thumb Code    18  stm32f10x_rtc.o(.text)
    RTC_SetCounter                           0x080011fb   Thumb Code    26  stm32f10x_rtc.o(.text)
    RTC_SetPrescaler                         0x08001215   Thumb Code    28  stm32f10x_rtc.o(.text)
    RTC_SetAlarm                             0x08001231   Thumb Code    26  stm32f10x_rtc.o(.text)
    RTC_GetDivider                           0x0800124b   Thumb Code    26  stm32f10x_rtc.o(.text)
    RTC_WaitForLastTask                      0x08001265   Thumb Code    14  stm32f10x_rtc.o(.text)
    RTC_WaitForSynchro                       0x08001273   Thumb Code    32  stm32f10x_rtc.o(.text)
    RTC_GetFlagStatus                        0x08001293   Thumb Code    20  stm32f10x_rtc.o(.text)
    RTC_ClearFlag                            0x080012a7   Thumb Code    22  stm32f10x_rtc.o(.text)
    RTC_GetITStatus                          0x080012bd   Thumb Code    34  stm32f10x_rtc.o(.text)
    RTC_ClearITPendingBit                    0x080012df   Thumb Code    22  stm32f10x_rtc.o(.text)
    FLASH_SetLatency                         0x08001315   Thumb Code    18  stm32f10x_flash.o(.text)
    FLASH_HalfCycleAccessCmd                 0x08001327   Thumb Code    22  stm32f10x_flash.o(.text)
    FLASH_PrefetchBufferCmd                  0x0800133d   Thumb Code    22  stm32f10x_flash.o(.text)
    FLASH_Unlock                             0x08001353   Thumb Code    12  stm32f10x_flash.o(.text)
    FLASH_UnlockBank1                        0x0800135f   Thumb Code    12  stm32f10x_flash.o(.text)
    FLASH_Lock                               0x0800136b   Thumb Code    14  stm32f10x_flash.o(.text)
    FLASH_LockBank1                          0x08001379   Thumb Code    14  stm32f10x_flash.o(.text)
    FLASH_GetBank1Status                     0x08001387   Thumb Code    50  stm32f10x_flash.o(.text)
    FLASH_WaitForLastOperation               0x080013b9   Thumb Code    38  stm32f10x_flash.o(.text)
    FLASH_ErasePage                          0x080013df   Thumb Code    72  stm32f10x_flash.o(.text)
    FLASH_EraseAllPages                      0x08001427   Thumb Code    68  stm32f10x_flash.o(.text)
    FLASH_WaitForLastBank1Operation          0x0800146b   Thumb Code    38  stm32f10x_flash.o(.text)
    FLASH_EraseAllBank1Pages                 0x08001491   Thumb Code    68  stm32f10x_flash.o(.text)
    FLASH_GetReadOutProtectionStatus         0x080014d5   Thumb Code    20  stm32f10x_flash.o(.text)
    FLASH_EraseOptionBytes                   0x080014e9   Thumb Code   152  stm32f10x_flash.o(.text)
    FLASH_ProgramWord                        0x08001581   Thumb Code    96  stm32f10x_flash.o(.text)
    FLASH_ProgramHalfWord                    0x080015e1   Thumb Code    60  stm32f10x_flash.o(.text)
    FLASH_ProgramOptionByteData              0x0800161d   Thumb Code    72  stm32f10x_flash.o(.text)
    FLASH_EnableWriteProtection              0x08001665   Thumb Code   208  stm32f10x_flash.o(.text)
    FLASH_ReadOutProtection                  0x08001735   Thumb Code   156  stm32f10x_flash.o(.text)
    FLASH_UserOptionByteConfig               0x080017d1   Thumb Code    88  stm32f10x_flash.o(.text)
    FLASH_GetUserOptionByte                  0x08001829   Thumb Code     8  stm32f10x_flash.o(.text)
    FLASH_GetWriteProtectionOptionByte       0x08001831   Thumb Code     6  stm32f10x_flash.o(.text)
    FLASH_GetPrefetchBufferStatus            0x08001837   Thumb Code    20  stm32f10x_flash.o(.text)
    FLASH_ITConfig                           0x0800184b   Thumb Code    26  stm32f10x_flash.o(.text)
    FLASH_GetFlagStatus                      0x08001865   Thumb Code    42  stm32f10x_flash.o(.text)
    FLASH_ClearFlag                          0x0800188f   Thumb Code     6  stm32f10x_flash.o(.text)
    FLASH_GetStatus                          0x08001895   Thumb Code    50  stm32f10x_flash.o(.text)
    I2C_DeInit                               0x080018dd   Thumb Code    50  stm32f10x_i2c.o(.text)
    I2C_Init                                 0x0800190f   Thumb Code   222  stm32f10x_i2c.o(.text)
    I2C_StructInit                           0x080019ed   Thumb Code    30  stm32f10x_i2c.o(.text)
    I2C_Cmd                                  0x08001a0b   Thumb Code    24  stm32f10x_i2c.o(.text)
    I2C_DMACmd                               0x08001a23   Thumb Code    24  stm32f10x_i2c.o(.text)
    I2C_DMALastTransferCmd                   0x08001a3b   Thumb Code    24  stm32f10x_i2c.o(.text)
    I2C_GenerateSTART                        0x08001a53   Thumb Code    24  stm32f10x_i2c.o(.text)
    I2C_GenerateSTOP                         0x08001a6b   Thumb Code    24  stm32f10x_i2c.o(.text)
    I2C_AcknowledgeConfig                    0x08001a83   Thumb Code    24  stm32f10x_i2c.o(.text)
    I2C_OwnAddress2Config                    0x08001a9b   Thumb Code    22  stm32f10x_i2c.o(.text)
    I2C_DualAddressCmd                       0x08001ab1   Thumb Code    24  stm32f10x_i2c.o(.text)
    I2C_GeneralCallCmd                       0x08001ac9   Thumb Code    24  stm32f10x_i2c.o(.text)
    I2C_ITConfig                             0x08001ae1   Thumb Code    24  stm32f10x_i2c.o(.text)
    I2C_SendData                             0x08001af9   Thumb Code     4  stm32f10x_i2c.o(.text)
    I2C_ReceiveData                          0x08001afd   Thumb Code     8  stm32f10x_i2c.o(.text)
    I2C_Send7bitAddress                      0x08001b05   Thumb Code    18  stm32f10x_i2c.o(.text)
    I2C_ReadRegister                         0x08001b17   Thumb Code    12  stm32f10x_i2c.o(.text)
    I2C_SoftwareResetCmd                     0x08001b23   Thumb Code    22  stm32f10x_i2c.o(.text)
    I2C_NACKPositionConfig                   0x08001b39   Thumb Code    28  stm32f10x_i2c.o(.text)
    I2C_SMBusAlertConfig                     0x08001b55   Thumb Code    28  stm32f10x_i2c.o(.text)
    I2C_TransmitPEC                          0x08001b71   Thumb Code    24  stm32f10x_i2c.o(.text)
    I2C_PECPositionConfig                    0x08001b89   Thumb Code    28  stm32f10x_i2c.o(.text)
    I2C_CalculatePEC                         0x08001ba5   Thumb Code    24  stm32f10x_i2c.o(.text)
    I2C_GetPEC                               0x08001bbd   Thumb Code     8  stm32f10x_i2c.o(.text)
    I2C_ARPCmd                               0x08001bc5   Thumb Code    24  stm32f10x_i2c.o(.text)
    I2C_StretchClockCmd                      0x08001bdd   Thumb Code    24  stm32f10x_i2c.o(.text)
    I2C_FastModeDutyCycleConfig              0x08001bf5   Thumb Code    28  stm32f10x_i2c.o(.text)
    I2C_CheckEvent                           0x08001c11   Thumb Code    42  stm32f10x_i2c.o(.text)
    I2C_GetLastEvent                         0x08001c3b   Thumb Code    26  stm32f10x_i2c.o(.text)
    I2C_GetFlagStatus                        0x08001c55   Thumb Code    42  stm32f10x_i2c.o(.text)
    I2C_ClearFlag                            0x08001c7f   Thumb Code    12  stm32f10x_i2c.o(.text)
    I2C_GetITStatus                          0x08001c8b   Thumb Code    38  stm32f10x_i2c.o(.text)
    I2C_ClearITPendingBit                    0x08001cb1   Thumb Code    12  stm32f10x_i2c.o(.text)
    Reset_Handler                            0x08001ccd   Thumb Code     8  startup_stm32f10x_md.o(.text)
    ADC1_2_IRQHandler                        0x08001ce7   Thumb Code     0  startup_stm32f10x_md.o(.text)
    CAN1_RX1_IRQHandler                      0x08001ce7   Thumb Code     0  startup_stm32f10x_md.o(.text)
    CAN1_SCE_IRQHandler                      0x08001ce7   Thumb Code     0  startup_stm32f10x_md.o(.text)
    DMA1_Channel1_IRQHandler                 0x08001ce7   Thumb Code     0  startup_stm32f10x_md.o(.text)
    DMA1_Channel2_IRQHandler                 0x08001ce7   Thumb Code     0  startup_stm32f10x_md.o(.text)
    DMA1_Channel3_IRQHandler                 0x08001ce7   Thumb Code     0  startup_stm32f10x_md.o(.text)
    DMA1_Channel4_IRQHandler                 0x08001ce7   Thumb Code     0  startup_stm32f10x_md.o(.text)
    DMA1_Channel5_IRQHandler                 0x08001ce7   Thumb Code     0  startup_stm32f10x_md.o(.text)
    DMA1_Channel6_IRQHandler                 0x08001ce7   Thumb Code     0  startup_stm32f10x_md.o(.text)
    DMA1_Channel7_IRQHandler                 0x08001ce7   Thumb Code     0  startup_stm32f10x_md.o(.text)
    EXTI0_IRQHandler                         0x08001ce7   Thumb Code     0  startup_stm32f10x_md.o(.text)
    EXTI15_10_IRQHandler                     0x08001ce7   Thumb Code     0  startup_stm32f10x_md.o(.text)
    EXTI1_IRQHandler                         0x08001ce7   Thumb Code     0  startup_stm32f10x_md.o(.text)
    EXTI2_IRQHandler                         0x08001ce7   Thumb Code     0  startup_stm32f10x_md.o(.text)
    EXTI3_IRQHandler                         0x08001ce7   Thumb Code     0  startup_stm32f10x_md.o(.text)
    EXTI4_IRQHandler                         0x08001ce7   Thumb Code     0  startup_stm32f10x_md.o(.text)
    EXTI9_5_IRQHandler                       0x08001ce7   Thumb Code     0  startup_stm32f10x_md.o(.text)
    FLASH_IRQHandler                         0x08001ce7   Thumb Code     0  startup_stm32f10x_md.o(.text)
    I2C1_ER_IRQHandler                       0x08001ce7   Thumb Code     0  startup_stm32f10x_md.o(.text)
    I2C1_EV_IRQHandler                       0x08001ce7   Thumb Code     0  startup_stm32f10x_md.o(.text)
    I2C2_ER_IRQHandler                       0x08001ce7   Thumb Code     0  startup_stm32f10x_md.o(.text)
    I2C2_EV_IRQHandler                       0x08001ce7   Thumb Code     0  startup_stm32f10x_md.o(.text)
    PVD_IRQHandler                           0x08001ce7   Thumb Code     0  startup_stm32f10x_md.o(.text)
    RCC_IRQHandler                           0x08001ce7   Thumb Code     0  startup_stm32f10x_md.o(.text)
    SPI1_IRQHandler                          0x08001ce7   Thumb Code     0  startup_stm32f10x_md.o(.text)
    SPI2_IRQHandler                          0x08001ce7   Thumb Code     0  startup_stm32f10x_md.o(.text)
    TAMPER_IRQHandler                        0x08001ce7   Thumb Code     0  startup_stm32f10x_md.o(.text)
    TIM1_BRK_IRQHandler                      0x08001ce7   Thumb Code     0  startup_stm32f10x_md.o(.text)
    TIM1_CC_IRQHandler                       0x08001ce7   Thumb Code     0  startup_stm32f10x_md.o(.text)
    TIM1_TRG_COM_IRQHandler                  0x08001ce7   Thumb Code     0  startup_stm32f10x_md.o(.text)
    TIM1_UP_IRQHandler                       0x08001ce7   Thumb Code     0  startup_stm32f10x_md.o(.text)
    TIM2_IRQHandler                          0x08001ce7   Thumb Code     0  startup_stm32f10x_md.o(.text)
    TIM3_IRQHandler                          0x08001ce7   Thumb Code     0  startup_stm32f10x_md.o(.text)
    TIM4_IRQHandler                          0x08001ce7   Thumb Code     0  startup_stm32f10x_md.o(.text)
    USART2_IRQHandler                        0x08001ce7   Thumb Code     0  startup_stm32f10x_md.o(.text)
    USART3_IRQHandler                        0x08001ce7   Thumb Code     0  startup_stm32f10x_md.o(.text)
    USBWakeUp_IRQHandler                     0x08001ce7   Thumb Code     0  startup_stm32f10x_md.o(.text)
    USB_HP_CAN1_TX_IRQHandler                0x08001ce7   Thumb Code     0  startup_stm32f10x_md.o(.text)
    USB_LP_CAN1_RX0_IRQHandler               0x08001ce7   Thumb Code     0  startup_stm32f10x_md.o(.text)
    WWDG_IRQHandler                          0x08001ce7   Thumb Code     0  startup_stm32f10x_md.o(.text)
    __user_initial_stackheap                 0x08001ce9   Thumb Code     0  startup_stm32f10x_md.o(.text)
    main                                     0x08001d0d   Thumb Code   260  main.o(.text)
    NMI_Handler                              0x08001e29   Thumb Code     2  stm32f10x_it.o(.text)
    HardFault_Handler                        0x08001e2b   Thumb Code     4  stm32f10x_it.o(.text)
    MemManage_Handler                        0x08001e2f   Thumb Code     4  stm32f10x_it.o(.text)
    BusFault_Handler                         0x08001e33   Thumb Code     4  stm32f10x_it.o(.text)
    UsageFault_Handler                       0x08001e37   Thumb Code     4  stm32f10x_it.o(.text)
    SVC_Handler                              0x08001e3b   Thumb Code     2  stm32f10x_it.o(.text)
    DebugMon_Handler                         0x08001e3d   Thumb Code     2  stm32f10x_it.o(.text)
    PendSV_Handler                           0x08001e3f   Thumb Code     2  stm32f10x_it.o(.text)
    SysTick_Handler                          0x08001e41   Thumb Code     2  stm32f10x_it.o(.text)
    delay_us                                 0x08001e43   Thumb Code    44  delay.o(.text)
    delay_ms                                 0x08001e6f   Thumb Code    26  delay.o(.text)
    delay_s                                  0x08001e89   Thumb Code    26  delay.o(.text)
    NVIC_Configuration                       0x08001ea3   Thumb Code    12  sys.o(.text)
    RCC_Configuration                        0x08001eaf   Thumb Code   100  sys.o(.text)
    _sys_exit                                0x08001f15   Thumb Code     6  usart.o(.text)
    fputc                                    0x08001f1b   Thumb Code    20  usart.o(.text)
    USART1_printf                            0x08001f2f   Thumb Code    78  usart.o(.text)
    USART1_Init                              0x08001f7d   Thumb Code   152  usart.o(.text)
    USART1_IRQHandler                        0x08002015   Thumb Code   130  usart.o(.text)
    RTC_First_Config                         0x080020b1   Thumb Code    76  rtc.o(.text)
    RTC_Config                               0x080020fd   Thumb Code    62  rtc.o(.text)
    RTC_IRQHandler                           0x0800213b   Thumb Code    20  rtc.o(.text)
    RTCAlarm_IRQHandler                      0x0800214f   Thumb Code    20  rtc.o(.text)
    Is_Leap_Year                             0x08002163   Thumb Code    58  rtc.o(.text)
    RTC_Set                                  0x0800219d   Thumb Code   180  rtc.o(.text)
    RTC_Get_Week                             0x08002251   Thumb Code   114  rtc.o(.text)
    RTC_Get                                  0x080022c3   Thumb Code   246  rtc.o(.text)
    I2C_GPIO_Init                            0x080023ed   Thumb Code    46  i2c.o(.text)
    I2C_Configuration                        0x0800241b   Thumb Code    62  i2c.o(.text)
    I2C_SAND_BUFFER                          0x08002459   Thumb Code   132  i2c.o(.text)
    I2C_SAND_BYTE                            0x080024dd   Thumb Code   112  i2c.o(.text)
    I2C_READ_BUFFER                          0x0800254d   Thumb Code   218  i2c.o(.text)
    I2C_READ_BYTE                            0x08002627   Thumb Code   176  i2c.o(.text)
    LM75A_GetTemp                            0x080026ed   Thumb Code   176  lm75a.o(.text)
    LM75A_POWERDOWN                          0x0800279d   Thumb Code    14  lm75a.o(.text)
    OLED_DISPLAY_ON                          0x080027ad   Thumb Code    30  oled0561.o(.text)
    OLED_DISPLAY_CLEAR                       0x080027cb   Thumb Code    68  oled0561.o(.text)
    OLED_DISPLAY_OFF                         0x0800280f   Thumb Code    22  oled0561.o(.text)
    OLED0561_Init                            0x08002825   Thumb Code    16  oled0561.o(.text)
    OLED_DISPLAY_LIT                         0x08002835   Thumb Code    26  oled0561.o(.text)
    OLED_DISPLAY_8x16                        0x0800284f   Thumb Code   150  oled0561.o(.text)
    OLED_DISPLAY_8x16_BUFFER                 0x080028e5   Thumb Code    36  oled0561.o(.text)
    OLED_DISPLAY_16x16                       0x08002909   Thumb Code   152  oled0561.o(.text)
    OLED_DISPLAY_PIC1                        0x080029a1   Thumb Code    78  oled0561.o(.text)
    __use_no_semihosting                     0x08002a1d   Thumb Code     2  use_no_semi_2.o(.text)
    __c89vsnprintf                           0x08002a21   Thumb Code    46  c89vsnprintf.o(.text)
    __2printf                                0x08002a55   Thumb Code    20  __2printf.o(.text)
    _printf_str                              0x08002a6d   Thumb Code    82  _printf_str.o(.text)
    __printf                                 0x08002ac1   Thumb Code   406  __printf_flags_ss_wp.o(.text)
    strlen                                   0x08002c5d   Thumb Code    62  strlen.o(.text)
    __aeabi_memcpy4                          0x08002c9b   Thumb Code     0  rt_memcpy_w.o(.text)
    __aeabi_memcpy8                          0x08002c9b   Thumb Code     0  rt_memcpy_w.o(.text)
    __rt_memcpy_w                            0x08002c9b   Thumb Code   100  rt_memcpy_w.o(.text)
    _memcpy_lastbytes_aligned                0x08002ce3   Thumb Code     0  rt_memcpy_w.o(.text)
    __use_two_region_memory                  0x08002cff   Thumb Code     2  heapauxi.o(.text)
    __rt_heap_escrow$2region                 0x08002d01   Thumb Code     2  heapauxi.o(.text)
    __rt_heap_expand$2region                 0x08002d03   Thumb Code     2  heapauxi.o(.text)
    __I$use$semihosting                      0x08002d05   Thumb Code     0  use_no_semi.o(.text)
    __use_no_semihosting_swi                 0x08002d05   Thumb Code     2  use_no_semi.o(.text)
    _printf_pre_padding                      0x08002d07   Thumb Code    44  _printf_pad.o(.text)
    _printf_post_padding                     0x08002d33   Thumb Code    36  _printf_pad.o(.text)
    _printf_truncate_signed                  0x08002d57   Thumb Code    18  _printf_truncate.o(.text)
    _printf_truncate_unsigned                0x08002d69   Thumb Code    18  _printf_truncate.o(.text)
    _printf_int_dec                          0x08002d7d   Thumb Code    98  _printf_dec.o(.text)
    _printf_charcount                        0x08002df1   Thumb Code    42  _printf_charcount.o(.text)
    _printf_char_common                      0x08002e27   Thumb Code    32  _printf_char_common.o(.text)
    _sputc                                   0x08002e4d   Thumb Code    10  _sputc.o(.text)
    _snputc                                  0x08002e57   Thumb Code    16  _snputc.o(.text)
    _printf_cs_common                        0x08002e67   Thumb Code    20  _printf_char.o(.text)
    _printf_char                             0x08002e7b   Thumb Code    16  _printf_char.o(.text)
    _printf_string                           0x08002e8b   Thumb Code     8  _printf_char.o(.text)
    _printf_char_file                        0x08002e95   Thumb Code    32  _printf_char_file.o(.text)
    _printf_wctomb                           0x08002eb9   Thumb Code   182  _printf_wctomb.o(.text)
    _printf_longlong_dec                     0x08002f75   Thumb Code   104  _printf_longlong_dec.o(.text)
    _printf_longlong_oct                     0x08002fed   Thumb Code    76  _printf_oct_int_ll.o(.text)
    _printf_int_oct                          0x08003039   Thumb Code    24  _printf_oct_int_ll.o(.text)
    _printf_ll_oct                           0x08003051   Thumb Code    12  _printf_oct_int_ll.o(.text)
    _printf_longlong_hex                     0x08003065   Thumb Code    92  _printf_hex_int_ll_ptr.o(.text)
    _printf_int_hex                          0x080030c1   Thumb Code    28  _printf_hex_int_ll_ptr.o(.text)
    _printf_ll_hex                           0x080030dd   Thumb Code    12  _printf_hex_int_ll_ptr.o(.text)
    _printf_hex_ptr                          0x080030e9   Thumb Code    18  _printf_hex_int_ll_ptr.o(.text)
    _ll_udiv10                               0x08003101   Thumb Code   138  lludiv10.o(.text)
    _printf_int_common                       0x0800318b   Thumb Code   180  _printf_intcommon.o(.text)
    __lib_sel_fp_printf                      0x0800323f   Thumb Code     2  _printf_fp_dec.o(.text)
    _printf_fp_dec_real                      0x080033e5   Thumb Code   616  _printf_fp_dec.o(.text)
    _printf_lcs_common                       0x0800364d   Thumb Code    20  _printf_wchar.o(.text)
    _printf_wchar                            0x08003661   Thumb Code    16  _printf_wchar.o(.text)
    _printf_wstring                          0x08003671   Thumb Code     8  _printf_wchar.o(.text)
    ferror                                   0x08003679   Thumb Code     8  ferror.o(.text)
    _wcrtomb                                 0x08003681   Thumb Code    64  _wcrtomb.o(.text)
    __rt_udiv10                              0x080036c1   Thumb Code    16  rtudiv10.o(.text)
    __user_setup_stackheap                   0x080036d1   Thumb Code    74  sys_stackheap_outer.o(.text)
    __rt_ctype_table                         0x0800371d   Thumb Code    16  rt_ctype_table.o(.text)
    __rt_locale                              0x0800372d   Thumb Code    12  rt_locale_intlibspace.o(.text)
    _printf_fp_infnan                        0x08003739   Thumb Code   108  _printf_fp_infnan.o(.text)
    _btod_etento                             0x080037b5   Thumb Code   230  bigflt0.o(.text)
    exit                                     0x080038a1   Thumb Code    12  exit.o(.text)
    __user_libspace                          0x080038ad   Thumb Code     8  libspace.o(.text)
    __user_perproc_libspace                  0x080038ad   Thumb Code     0  libspace.o(.text)
    __user_perthread_libspace                0x080038ad   Thumb Code     0  libspace.o(.text)
    strcmp                                   0x080038b5   Thumb Code   128  strcmpv7m.o(.text)
    __rt_fp_status_addr                      0x08003935   Thumb Code    12  rt_fp_status_addr_intlibspace.o(.text)
    _btod_d2e                                0x08003941   Thumb Code    62  btod.o(CL$$btod_d2e)
    _d2e_denorm_low                          0x0800397f   Thumb Code    70  btod.o(CL$$btod_d2e_denorm_low)
    _d2e_norm_op1                            0x080039c5   Thumb Code    96  btod.o(CL$$btod_d2e_norm_op1)
    __btod_div_common                        0x08003a25   Thumb Code   696  btod.o(CL$$btod_div_common)
    _e2e                                     0x08003d5d   Thumb Code   198  btod.o(CL$$btod_e2e)
    _btod_ediv                               0x08003e23   Thumb Code    40  btod.o(CL$$btod_ediv)
    _btod_emul                               0x08003e4b   Thumb Code    40  btod.o(CL$$btod_emul)
    __btod_mult_common                       0x08003e73   Thumb Code   580  btod.o(CL$$btod_mult_common)
    __ARM_fpclassify                         0x080040b7   Thumb Code    40  fpclassify.o(i.__ARM_fpclassify)
    _get_lc_numeric                          0x080040e1   Thumb Code    44  lc_numeric_c.o(locale$$code)
    _get_lc_ctype                            0x0800410d   Thumb Code    44  lc_ctype_c.o(locale$$code)
    _fp_init                                 0x08004139   Thumb Code    14  fpinit.o(x$fpl$fpinit)
    __fplib_config_pureend_doubles           0x08004145   Thumb Code     0  fpinit.o(x$fpl$fpinit)
    _printf_fp_dec                           0x08004147   Thumb Code     4  printf1.o(x$fpl$printf1)
    __I$use$fp                               0x0800414b   Thumb Code     0  usenofp.o(x$fpl$usenofp)
    table_week                               0x0800414a   Data          12  rtc.o(.constdata)
    mon_table                                0x08004156   Data          12  rtc.o(.constdata)
    ASCII_8x16                               0x08004162   Data        1536  oled0561.o(.constdata)
    GB_16                                    0x08004762   Data         128  oled0561.o(.constdata)
    PIC1                                     0x080047e2   Data        1024  oled0561.o(.constdata)
    Region$$Table$$Base                      0x08004cb8   Number         0  anon$$obj.o(Region$$Table)
    Region$$Table$$Limit                     0x08004cd8   Number         0  anon$$obj.o(Region$$Table)
    __ctype                                  0x08004d01   Data           0  lc_ctype_c.o(locale$$data)
    SystemCoreClock                          0x20000000   Data           4  system_stm32f10x.o(.data)
    AHBPrescTable                            0x20000004   Data          16  system_stm32f10x.o(.data)
    USART1_RX_STA                            0x20000028   Data           2  usart.o(.data)
    __stdout                                 0x2000002c   Data           4  usart.o(.data)
    ryear                                    0x20000032   Data           2  rtc.o(.data)
    rmon                                     0x20000034   Data           1  rtc.o(.data)
    rday                                     0x20000035   Data           1  rtc.o(.data)
    rhour                                    0x20000036   Data           1  rtc.o(.data)
    rmin                                     0x20000037   Data           1  rtc.o(.data)
    rsec                                     0x20000038   Data           1  rtc.o(.data)
    rweek                                    0x20000039   Data           1  rtc.o(.data)
    USART1_RX_BUF                            0x2000003c   Data         200  usart.o(.bss)
    __libspace_start                         0x20000104   Data          96  libspace.o(.bss)
    __temporary_stack_top$libspace           0x20000164   Data           0  libspace.o(.bss)



==============================================================================

Memory Map of the image

  Image Entry point : 0x080000ed

  Load Region LR_IROM1 (Base: 0x08000000, Size: 0x00004e40, Max: 0x00010000, ABSOLUTE)

    Execution Region ER_IROM1 (Base: 0x08000000, Size: 0x00004e04, Max: 0x00010000, ABSOLUTE)

    Base Addr    Size         Type   Attr      Idx    E Section Name        Object

    0x08000000   0x000000ec   Data   RO          249    RESET               startup_stm32f10x_md.o
    0x080000ec   0x00000008   Code   RO          676  * !!!main             c_w.l(__main.o)(c_w.l)
    0x080000f4   0x00000034   Code   RO          975    !!!scatter          c_w.l(__scatter.o)(c_w.l)
    0x08000128   0x0000001a   Code   RO          977    !!handler_copy      c_w.l(__scatter_copy.o)(c_w.l)
    0x08000142   0x00000002   PAD
    0x08000144   0x0000001c   Code   RO          979    !!handler_zi        c_w.l(__scatter_zi.o)(c_w.l)
    0x08000160   0x00000000   Code   RO          669    .ARM.Collect$$_printf_percent$$00000000  c_w.l(_printf_percent.o)(c_w.l)
    0x08000160   0x00000006   Code   RO          733    .ARM.Collect$$_printf_percent$$00000001  c_w.l(_printf_n.o)(c_w.l)
    0x08000166   0x00000006   Code   RO          735    .ARM.Collect$$_printf_percent$$00000002  c_w.l(_printf_p.o)(c_w.l)
    0x0800016c   0x00000006   Code   RO          740    .ARM.Collect$$_printf_percent$$00000003  c_w.l(_printf_f.o)(c_w.l)
    0x08000172   0x00000006   Code   RO          741    .ARM.Collect$$_printf_percent$$00000004  c_w.l(_printf_e.o)(c_w.l)
    0x08000178   0x00000006   Code   RO          742    .ARM.Collect$$_printf_percent$$00000005  c_w.l(_printf_g.o)(c_w.l)
    0x0800017e   0x00000006   Code   RO          743    .ARM.Collect$$_printf_percent$$00000006  c_w.l(_printf_a.o)(c_w.l)
    0x08000184   0x0000000a   Code   RO          748    .ARM.Collect$$_printf_percent$$00000007  c_w.l(_printf_ll.o)(c_w.l)
    0x0800018e   0x00000006   Code   RO          737    .ARM.Collect$$_printf_percent$$00000008  c_w.l(_printf_i.o)(c_w.l)
    0x08000194   0x00000006   Code   RO          738    .ARM.Collect$$_printf_percent$$00000009  c_w.l(_printf_d.o)(c_w.l)
    0x0800019a   0x00000006   Code   RO          739    .ARM.Collect$$_printf_percent$$0000000A  c_w.l(_printf_u.o)(c_w.l)
    0x080001a0   0x00000006   Code   RO          736    .ARM.Collect$$_printf_percent$$0000000B  c_w.l(_printf_o.o)(c_w.l)
    0x080001a6   0x00000006   Code   RO          734    .ARM.Collect$$_printf_percent$$0000000C  c_w.l(_printf_x.o)(c_w.l)
    0x080001ac   0x00000006   Code   RO          745    .ARM.Collect$$_printf_percent$$0000000D  c_w.l(_printf_lli.o)(c_w.l)
    0x080001b2   0x00000006   Code   RO          746    .ARM.Collect$$_printf_percent$$0000000E  c_w.l(_printf_lld.o)(c_w.l)
    0x080001b8   0x00000006   Code   RO          747    .ARM.Collect$$_printf_percent$$0000000F  c_w.l(_printf_llu.o)(c_w.l)
    0x080001be   0x00000006   Code   RO          752    .ARM.Collect$$_printf_percent$$00000010  c_w.l(_printf_llo.o)(c_w.l)
    0x080001c4   0x00000006   Code   RO          753    .ARM.Collect$$_printf_percent$$00000011  c_w.l(_printf_llx.o)(c_w.l)
    0x080001ca   0x0000000a   Code   RO          749    .ARM.Collect$$_printf_percent$$00000012  c_w.l(_printf_l.o)(c_w.l)
    0x080001d4   0x00000006   Code   RO          668    .ARM.Collect$$_printf_percent$$00000013  c_w.l(_printf_c.o)(c_w.l)
    0x080001da   0x00000006   Code   RO          732    .ARM.Collect$$_printf_percent$$00000014  c_w.l(_printf_s.o)(c_w.l)
    0x080001e0   0x00000006   Code   RO          750    .ARM.Collect$$_printf_percent$$00000015  c_w.l(_printf_lc.o)(c_w.l)
    0x080001e6   0x00000006   Code   RO          751    .ARM.Collect$$_printf_percent$$00000016  c_w.l(_printf_ls.o)(c_w.l)
    0x080001ec   0x00000004   Code   RO          744    .ARM.Collect$$_printf_percent$$00000017  c_w.l(_printf_percent_end.o)(c_w.l)
    0x080001f0   0x00000006   Code   RO          839    .ARM.Collect$$libinit$$00000000  c_w.l(libinit.o)(c_w.l)
    0x080001f6   0x00000000   Code   RO          857    .ARM.Collect$$libinit$$00000006  c_w.l(libinit2.o)(c_w.l)
    0x080001f6   0x00000000   Code   RO          859    .ARM.Collect$$libinit$$00000008  c_w.l(libinit2.o)(c_w.l)
    0x080001f6   0x00000000   Code   RO          861    .ARM.Collect$$libinit$$0000000A  c_w.l(libinit2.o)(c_w.l)
    0x080001f6   0x00000006   Code   RO          862    .ARM.Collect$$libinit$$0000000B  c_w.l(libinit2.o)(c_w.l)
    0x080001fc   0x00000000   Code   RO          864    .ARM.Collect$$libinit$$0000000D  c_w.l(libinit2.o)(c_w.l)
    0x080001fc   0x0000000c   Code   RO          865    .ARM.Collect$$libinit$$0000000E  c_w.l(libinit2.o)(c_w.l)
    0x08000208   0x00000000   Code   RO          866    .ARM.Collect$$libinit$$0000000F  c_w.l(libinit2.o)(c_w.l)
    0x08000208   0x00000000   Code   RO          868    .ARM.Collect$$libinit$$00000011  c_w.l(libinit2.o)(c_w.l)
    0x08000208   0x0000000a   Code   RO          869    .ARM.Collect$$libinit$$00000012  c_w.l(libinit2.o)(c_w.l)
    0x08000212   0x00000000   Code   RO          870    .ARM.Collect$$libinit$$00000013  c_w.l(libinit2.o)(c_w.l)
    0x08000212   0x00000000   Code   RO          872    .ARM.Collect$$libinit$$00000015  c_w.l(libinit2.o)(c_w.l)
    0x08000212   0x00000000   Code   RO          874    .ARM.Collect$$libinit$$00000017  c_w.l(libinit2.o)(c_w.l)
    0x08000212   0x00000000   Code   RO          876    .ARM.Collect$$libinit$$00000019  c_w.l(libinit2.o)(c_w.l)
    0x08000212   0x00000000   Code   RO          878    .ARM.Collect$$libinit$$0000001B  c_w.l(libinit2.o)(c_w.l)
    0x08000212   0x00000000   Code   RO          880    .ARM.Collect$$libinit$$0000001D  c_w.l(libinit2.o)(c_w.l)
    0x08000212   0x00000000   Code   RO          882    .ARM.Collect$$libinit$$0000001F  c_w.l(libinit2.o)(c_w.l)
    0x08000212   0x00000000   Code   RO          884    .ARM.Collect$$libinit$$00000021  c_w.l(libinit2.o)(c_w.l)
    0x08000212   0x00000000   Code   RO          888    .ARM.Collect$$libinit$$00000028  c_w.l(libinit2.o)(c_w.l)
    0x08000212   0x00000000   Code   RO          890    .ARM.Collect$$libinit$$0000002A  c_w.l(libinit2.o)(c_w.l)
    0x08000212   0x00000000   Code   RO          892    .ARM.Collect$$libinit$$0000002C  c_w.l(libinit2.o)(c_w.l)
    0x08000212   0x00000000   Code   RO          894    .ARM.Collect$$libinit$$0000002E  c_w.l(libinit2.o)(c_w.l)
    0x08000212   0x00000002   Code   RO          895    .ARM.Collect$$libinit$$0000002F  c_w.l(libinit2.o)(c_w.l)
    0x08000214   0x00000002   Code   RO          919    .ARM.Collect$$libshutdown$$00000000  c_w.l(libshutdown.o)(c_w.l)
    0x08000216   0x00000000   Code   RO          930    .ARM.Collect$$libshutdown$$00000003  c_w.l(libshutdown2.o)(c_w.l)
    0x08000216   0x00000000   Code   RO          933    .ARM.Collect$$libshutdown$$00000006  c_w.l(libshutdown2.o)(c_w.l)
    0x08000216   0x00000000   Code   RO          936    .ARM.Collect$$libshutdown$$00000009  c_w.l(libshutdown2.o)(c_w.l)
    0x08000216   0x00000000   Code   RO          938    .ARM.Collect$$libshutdown$$0000000B  c_w.l(libshutdown2.o)(c_w.l)
    0x08000216   0x00000000   Code   RO          941    .ARM.Collect$$libshutdown$$0000000E  c_w.l(libshutdown2.o)(c_w.l)
    0x08000216   0x00000002   Code   RO          942    .ARM.Collect$$libshutdown$$0000000F  c_w.l(libshutdown2.o)(c_w.l)
    0x08000218   0x00000000   Code   RO          680    .ARM.Collect$$rtentry$$00000000  c_w.l(rtentry.o)(c_w.l)
    0x08000218   0x00000000   Code   RO          757    .ARM.Collect$$rtentry$$00000002  c_w.l(rtentry2.o)(c_w.l)
    0x08000218   0x00000006   Code   RO          772    .ARM.Collect$$rtentry$$00000004  c_w.l(rtentry4.o)(c_w.l)
    0x0800021e   0x00000000   Code   RO          759    .ARM.Collect$$rtentry$$00000009  c_w.l(rtentry2.o)(c_w.l)
    0x0800021e   0x00000004   Code   RO          760    .ARM.Collect$$rtentry$$0000000A  c_w.l(rtentry2.o)(c_w.l)
    0x08000222   0x00000000   Code   RO          762    .ARM.Collect$$rtentry$$0000000C  c_w.l(rtentry2.o)(c_w.l)
    0x08000222   0x00000008   Code   RO          763    .ARM.Collect$$rtentry$$0000000D  c_w.l(rtentry2.o)(c_w.l)
    0x0800022a   0x00000002   Code   RO          848    .ARM.Collect$$rtexit$$00000000  c_w.l(rtexit.o)(c_w.l)
    0x0800022c   0x00000000   Code   RO          899    .ARM.Collect$$rtexit$$00000002  c_w.l(rtexit2.o)(c_w.l)
    0x0800022c   0x00000004   Code   RO          900    .ARM.Collect$$rtexit$$00000003  c_w.l(rtexit2.o)(c_w.l)
    0x08000230   0x00000006   Code   RO          901    .ARM.Collect$$rtexit$$00000004  c_w.l(rtexit2.o)(c_w.l)
    0x08000236   0x00000002   PAD
    0x08000238   0x000001c8   Code   RO           17    .text               system_stm32f10x.o
    0x08000400   0x000000f8   Code   RO          114    .text               misc.o
    0x080004f8   0x00000358   Code   RO          149    .text               stm32f10x_gpio.o
    0x08000850   0x000003a4   Code   RO          161    .text               stm32f10x_rcc.o
    0x08000bf4   0x0000040c   Code   RO          175    .text               stm32f10x_usart.o
    0x08001000   0x000000c4   Code   RO          187    .text               stm32f10x_bkp.o
    0x080010c4   0x000000d8   Code   RO          199    .text               stm32f10x_pwr.o
    0x0800119c   0x00000178   Code   RO          211    .text               stm32f10x_rtc.o
    0x08001314   0x000005c8   Code   RO          223    .text               stm32f10x_flash.o
    0x080018dc   0x000003f0   Code   RO          235    .text               stm32f10x_i2c.o
    0x08001ccc   0x00000040   Code   RO          250    .text               startup_stm32f10x_md.o
    0x08001d0c   0x0000011c   Code   RO          254    .text               main.o
    0x08001e28   0x0000001a   Code   RO          364    .text               stm32f10x_it.o
    0x08001e42   0x00000060   Code   RO          379    .text               delay.o
    0x08001ea2   0x00000070   Code   RO          397    .text               sys.o
    0x08001f12   0x00000002   PAD
    0x08001f14   0x0000019c   Code   RO          427    .text               usart.o
    0x080020b0   0x0000033c   Code   RO          460    .text               rtc.o
    0x080023ec   0x00000300   Code   RO          479    .text               i2c.o
    0x080026ec   0x000000be   Code   RO          593    .text               lm75a.o
    0x080027aa   0x00000002   PAD
    0x080027ac   0x00000270   Code   RO          611    .text               oled0561.o
    0x08002a1c   0x00000002   Code   RO          638    .text               c_w.l(use_no_semi_2.o)(c_w.l)
    0x08002a1e   0x00000002   PAD
    0x08002a20   0x00000034   Code   RO          640    .text               c_w.l(c89vsnprintf.o)(c_w.l)
    0x08002a54   0x00000018   Code   RO          642    .text               c_w.l(__2printf.o)(c_w.l)
    0x08002a6c   0x00000052   Code   RO          648    .text               c_w.l(_printf_str.o)(c_w.l)
    0x08002abe   0x00000002   PAD
    0x08002ac0   0x0000019c   Code   RO          665    .text               c_w.l(__printf_flags_ss_wp.o)(c_w.l)
    0x08002c5c   0x0000003e   Code   RO          670    .text               c_w.l(strlen.o)(c_w.l)
    0x08002c9a   0x00000064   Code   RO          672    .text               c_w.l(rt_memcpy_w.o)(c_w.l)
    0x08002cfe   0x00000006   Code   RO          674    .text               c_w.l(heapauxi.o)(c_w.l)
    0x08002d04   0x00000002   Code   RO          678    .text               c_w.l(use_no_semi.o)(c_w.l)
    0x08002d06   0x00000050   Code   RO          682    .text               c_w.l(_printf_pad.o)(c_w.l)
    0x08002d56   0x00000024   Code   RO          684    .text               c_w.l(_printf_truncate.o)(c_w.l)
    0x08002d7a   0x00000002   PAD
    0x08002d7c   0x00000074   Code   RO          686    .text               c_w.l(_printf_dec.o)(c_w.l)
    0x08002df0   0x0000002a   Code   RO          688    .text               c_w.l(_printf_charcount.o)(c_w.l)
    0x08002e1a   0x00000002   PAD
    0x08002e1c   0x00000030   Code   RO          690    .text               c_w.l(_printf_char_common.o)(c_w.l)
    0x08002e4c   0x0000000a   Code   RO          692    .text               c_w.l(_sputc.o)(c_w.l)
    0x08002e56   0x00000010   Code   RO          694    .text               c_w.l(_snputc.o)(c_w.l)
    0x08002e66   0x0000002c   Code   RO          696    .text               c_w.l(_printf_char.o)(c_w.l)
    0x08002e92   0x00000002   PAD
    0x08002e94   0x00000024   Code   RO          698    .text               c_w.l(_printf_char_file.o)(c_w.l)
    0x08002eb8   0x000000bc   Code   RO          700    .text               c_w.l(_printf_wctomb.o)(c_w.l)
    0x08002f74   0x00000078   Code   RO          703    .text               c_w.l(_printf_longlong_dec.o)(c_w.l)
    0x08002fec   0x00000078   Code   RO          709    .text               c_w.l(_printf_oct_int_ll.o)(c_w.l)
    0x08003064   0x0000009c   Code   RO          729    .text               c_w.l(_printf_hex_int_ll_ptr.o)(c_w.l)
    0x08003100   0x0000008a   Code   RO          774    .text               c_w.l(lludiv10.o)(c_w.l)
    0x0800318a   0x000000b4   Code   RO          776    .text               c_w.l(_printf_intcommon.o)(c_w.l)
    0x0800323e   0x0000040e   Code   RO          778    .text               c_w.l(_printf_fp_dec.o)(c_w.l)
    0x0800364c   0x0000002c   Code   RO          782    .text               c_w.l(_printf_wchar.o)(c_w.l)
    0x08003678   0x00000008   Code   RO          784    .text               c_w.l(ferror.o)(c_w.l)
    0x08003680   0x00000040   Code   RO          788    .text               c_w.l(_wcrtomb.o)(c_w.l)
    0x080036c0   0x00000010   Code   RO          790    .text               c_w.l(rtudiv10.o)(c_w.l)
    0x080036d0   0x0000004a   Code   RO          792    .text               c_w.l(sys_stackheap_outer.o)(c_w.l)
    0x0800371a   0x00000002   PAD
    0x0800371c   0x00000010   Code   RO          794    .text               c_w.l(rt_ctype_table.o)(c_w.l)
    0x0800372c   0x0000000c   Code   RO          799    .text               c_w.l(rt_locale_intlibspace.o)(c_w.l)
    0x08003738   0x0000007c   Code   RO          801    .text               c_w.l(_printf_fp_infnan.o)(c_w.l)
    0x080037b4   0x000000ec   Code   RO          803    .text               c_w.l(bigflt0.o)(c_w.l)
    0x080038a0   0x0000000c   Code   RO          831    .text               c_w.l(exit.o)(c_w.l)
    0x080038ac   0x00000008   Code   RO          845    .text               c_w.l(libspace.o)(c_w.l)
    0x080038b4   0x00000080   Code   RO          853    .text               c_w.l(strcmpv7m.o)(c_w.l)
    0x08003934   0x0000000c   Code   RO          909    .text               c_w.l(rt_fp_status_addr_intlibspace.o)(c_w.l)
    0x08003940   0x0000003e   Code   RO          806    CL$$btod_d2e        c_w.l(btod.o)(c_w.l)
    0x0800397e   0x00000046   Code   RO          808    CL$$btod_d2e_denorm_low  c_w.l(btod.o)(c_w.l)
    0x080039c4   0x00000060   Code   RO          807    CL$$btod_d2e_norm_op1  c_w.l(btod.o)(c_w.l)
    0x08003a24   0x00000338   Code   RO          816    CL$$btod_div_common  c_w.l(btod.o)(c_w.l)
    0x08003d5c   0x000000c6   Code   RO          813    CL$$btod_e2e        c_w.l(btod.o)(c_w.l)
    0x08003e22   0x00000028   Code   RO          810    CL$$btod_ediv       c_w.l(btod.o)(c_w.l)
    0x08003e4a   0x00000028   Code   RO          809    CL$$btod_emul       c_w.l(btod.o)(c_w.l)
    0x08003e72   0x00000244   Code   RO          815    CL$$btod_mult_common  c_w.l(btod.o)(c_w.l)
    0x080040b6   0x00000028   Code   RO          843    i.__ARM_fpclassify  m_ws.l(fpclassify.o)(m_ws.l)
    0x080040de   0x00000002   PAD
    0x080040e0   0x0000002c   Code   RO          829    locale$$code        c_w.l(lc_numeric_c.o)(c_w.l)
    0x0800410c   0x0000002c   Code   RO          851    locale$$code        c_w.l(lc_ctype_c.o)(c_w.l)
    0x08004138   0x0000000e   Code   RO          896    x$fpl$fpinit        fz_ws.l(fpinit.o)(fz_ws.l)
    0x08004146   0x00000004   Code   RO          754    x$fpl$printf1       fz_ws.l(printf1.o)(fz_ws.l)
    0x0800414a   0x00000000   Code   RO          842    x$fpl$usenofp       fz_ws.l(usenofp.o)(fz_ws.l)
    0x0800414a   0x00000018   Data   RO          461    .constdata          rtc.o
    0x08004162   0x00000a80   Data   RO          612    .constdata          oled0561.o
    0x08004be2   0x00000011   Data   RO          666    .constdata          c_w.l(__printf_flags_ss_wp.o)(c_w.l)
    0x08004bf3   0x00000001   PAD
    0x08004bf4   0x00000008   Data   RO          701    .constdata          c_w.l(_printf_wctomb.o)(c_w.l)
    0x08004bfc   0x00000028   Data   RO          730    .constdata          c_w.l(_printf_hex_int_ll_ptr.o)(c_w.l)
    0x08004c24   0x00000094   Data   RO          804    .constdata          c_w.l(bigflt0.o)(c_w.l)
    0x08004cb8   0x00000020   Data   RO          973    Region$$Table       anon$$obj.o
    0x08004cd8   0x0000001c   Data   RO          828    locale$$data        c_w.l(lc_numeric_c.o)(c_w.l)
    0x08004cf4   0x00000110   Data   RO          850    locale$$data        c_w.l(lc_ctype_c.o)(c_w.l)


    Execution Region RW_IRAM1 (Base: 0x20000000, Size: 0x00000768, Max: 0x00005000, ABSOLUTE)

    Base Addr    Size         Type   Attr      Idx    E Section Name        Object

    0x20000000   0x00000014   Data   RW           18    .data               system_stm32f10x.o
    0x20000014   0x00000014   Data   RW          162    .data               stm32f10x_rcc.o
    0x20000028   0x00000008   Data   RW          429    .data               usart.o
    0x20000030   0x0000000a   Data   RW          462    .data               rtc.o
    0x2000003a   0x00000002   PAD
    0x2000003c   0x000000c8   Zero   RW          428    .bss                usart.o
    0x20000104   0x00000060   Zero   RW          846    .bss                c_w.l(libspace.o)(c_w.l)
    0x20000164   0x00000004   PAD
    0x20000168   0x00000200   Zero   RW          248    HEAP                startup_stm32f10x_md.o
    0x20000368   0x00000400   Zero   RW          247    STACK               startup_stm32f10x_md.o


==============================================================================

Image component sizes


      Code (inc. data)   RO Data    RW Data    ZI Data      Debug   Object Name

         0          0          0          0          0          0   core_cm3.o
        96          0          0          0          0          0   delay.o
       768         22          0          0          0          0   i2c.o
       190          0          0          0          0          0   lm75a.o
       284         24          0          0          0          0   main.o
       248         30          0          0          0          0   misc.o
       624         46       2688          0          0          0   oled0561.o
       828         52         24         10          0          0   rtc.o
        64         26        236          0       1536          0   startup_stm32f10x_md.o
       196         32          0          0          0          0   stm32f10x_bkp.o
      1480         52          0          0          0          0   stm32f10x_flash.o
       856         40          0          0          0          0   stm32f10x_gpio.o
      1008         16          0          0          0          0   stm32f10x_i2c.o
        26          0          0          0          0          0   stm32f10x_it.o
       216         16          0          0          0          0   stm32f10x_pwr.o
       932         52          0         20          0          0   stm32f10x_rcc.o
       376         32          0          0          0          0   stm32f10x_rtc.o
      1036         20          0          0          0          0   stm32f10x_usart.o
       112          0          0          0          0          0   sys.o
       456         36          0         20          0          0   system_stm32f10x.o
       412         26          0          8        200          0   usart.o

    ----------------------------------------------------------------------
     10212        522       2980         60       1736          0   Object Totals
         0          0         32          0          0          0   (incl. Generated)
         4          0          0          2          0          2   (incl. Padding)

    ----------------------------------------------------------------------

      Code (inc. data)   RO Data    RW Data    ZI Data      Debug   Library Member Name

        24          4          0          0          0          0   __2printf.o
         8          0          0          0          0          0   __main.o
       412          6         17          0          0          0   __printf_flags_ss_wp.o
        52          8          0          0          0          0   __scatter.o
        26          0          0          0          0          0   __scatter_copy.o
        28          0          0          0          0          0   __scatter_zi.o
         6          0          0          0          0          0   _printf_a.o
         6          0          0          0          0          0   _printf_c.o
        44          0          0          0          0          0   _printf_char.o
        48          6          0          0          0          0   _printf_char_common.o
        36          4          0          0          0          0   _printf_char_file.o
        42          0          0          0          0          0   _printf_charcount.o
         6          0          0          0          0          0   _printf_d.o
       116         18          0          0          0          0   _printf_dec.o
         6          0          0          0          0          0   _printf_e.o
         6          0          0          0          0          0   _printf_f.o
      1038          0          0          0          0          0   _printf_fp_dec.o
       124         16          0          0          0          0   _printf_fp_infnan.o
         6          0          0          0          0          0   _printf_g.o
       156          6         40          0          0          0   _printf_hex_int_ll_ptr.o
         6          0          0          0          0          0   _printf_i.o
       180          0          0          0          0          0   _printf_intcommon.o
        10          0          0          0          0          0   _printf_l.o
         6          0          0          0          0          0   _printf_lc.o
        10          0          0          0          0          0   _printf_ll.o
         6          0          0          0          0          0   _printf_lld.o
         6          0          0          0          0          0   _printf_lli.o
         6          0          0          0          0          0   _printf_llo.o
         6          0          0          0          0          0   _printf_llu.o
         6          0          0          0          0          0   _printf_llx.o
       120         16          0          0          0          0   _printf_longlong_dec.o
         6          0          0          0          0          0   _printf_ls.o
         6          0          0          0          0          0   _printf_n.o
         6          0          0          0          0          0   _printf_o.o
       120          8          0          0          0          0   _printf_oct_int_ll.o
         6          0          0          0          0          0   _printf_p.o
        80          0          0          0          0          0   _printf_pad.o
         0          0          0          0          0          0   _printf_percent.o
         4          0          0          0          0          0   _printf_percent_end.o
         6          0          0          0          0          0   _printf_s.o
        82          0          0          0          0          0   _printf_str.o
        36          0          0          0          0          0   _printf_truncate.o
         6          0          0          0          0          0   _printf_u.o
        44          0          0          0          0          0   _printf_wchar.o
       188          6          8          0          0          0   _printf_wctomb.o
         6          0          0          0          0          0   _printf_x.o
        16          0          0          0          0          0   _snputc.o
        10          0          0          0          0          0   _sputc.o
        64          0          0          0          0          0   _wcrtomb.o
       236          6        148          0          0          0   bigflt0.o
      1910        128          0          0          0          0   btod.o
        52          6          0          0          0          0   c89vsnprintf.o
        12          0          0          0          0          0   exit.o
         8          0          0          0          0          0   ferror.o
         6          0          0          0          0          0   heapauxi.o
        44         10        272          0          0          0   lc_ctype_c.o
        44         10         28          0          0          0   lc_numeric_c.o
         6          0          0          0          0          0   libinit.o
        30          0          0          0          0          0   libinit2.o
         2          0          0          0          0          0   libshutdown.o
         2          0          0          0          0          0   libshutdown2.o
         8          4          0          0         96          0   libspace.o
       138          0          0          0          0          0   lludiv10.o
        16          4          0          0          0          0   rt_ctype_table.o
        12          4          0          0          0          0   rt_fp_status_addr_intlibspace.o
        12          4          0          0          0          0   rt_locale_intlibspace.o
       100          0          0          0          0          0   rt_memcpy_w.o
         0          0          0          0          0          0   rtentry.o
        12          0          0          0          0          0   rtentry2.o
         6          0          0          0          0          0   rtentry4.o
         2          0          0          0          0          0   rtexit.o
        10          0          0          0          0          0   rtexit2.o
        16          0          0          0          0          0   rtudiv10.o
       128          0          0          0          0          0   strcmpv7m.o
        62          0          0          0          0          0   strlen.o
        74          0          0          0          0          0   sys_stackheap_outer.o
         2          0          0          0          0          0   use_no_semi.o
         2          0          0          0          0          0   use_no_semi_2.o
        14          0          0          0          0          0   fpinit.o
         4          0          0          0          0          0   printf1.o
         0          0          0          0          0          0   usenofp.o
        40          0          0          0          0          0   fpclassify.o

    ----------------------------------------------------------------------
      6266        274        514          0        100          0   Library Totals
        18          0          1          0          4          0   (incl. Padding)

    ----------------------------------------------------------------------

      Code (inc. data)   RO Data    RW Data    ZI Data      Debug   Library Name

      6190        274        513          0         96       4308   c_w.l
        18          0          0          0          0        144   fz_ws.l
        40          0          0          0          0         68   m_ws.l

    ----------------------------------------------------------------------
      6266        274        514          0        100          0   Library Totals

    ----------------------------------------------------------------------

==============================================================================


      Code (inc. data)   RO Data    RW Data    ZI Data      Debug   

     16478        796       3494         60       1836     514640   Grand Totals
     16478        796       3494         60       1836     514640   ELF Image Totals
     16478        796       3494         60          0          0   ROM Totals

==============================================================================

    Total RO  Size (Code + RO Data)                19972 (  19.50kB)
    Total RW  Size (RW Data + ZI Data)              1896 (   1.85kB)
    Total ROM Size (Code + RO Data + RW Data)      20032 (  19.56kB)

==============================================================================

